Archive member included to satisfy reference by file (symbol)

/Applications/Simplicity Studio.app/Contents/Eclipse/developer/toolchains/gnu_arm/10.3_2021.10/bin/../lib/gcc/arm-none-eabi/10.3.1/thumb/v7e-m+fp/softfp/libgcc.a(_aeabi_ldivmod.o)
                              ./gecko_sdk_4.1.4/platform/emlib/src/em_usart.o (__aeabi_ldivmod)
/Applications/Simplicity Studio.app/Contents/Eclipse/developer/toolchains/gnu_arm/10.3_2021.10/bin/../lib/gcc/arm-none-eabi/10.3.1/thumb/v7e-m+fp/softfp/libgcc.a(_aeabi_uldivmod.o)
                              ./FatFS/ff.o (__aeabi_uldivmod)
/Applications/Simplicity Studio.app/Contents/Eclipse/developer/toolchains/gnu_arm/10.3_2021.10/bin/../lib/gcc/arm-none-eabi/10.3.1/thumb/v7e-m+fp/softfp/libgcc.a(_udivmoddi4.o)
                              /Applications/Simplicity Studio.app/Contents/Eclipse/developer/toolchains/gnu_arm/10.3_2021.10/bin/../lib/gcc/arm-none-eabi/10.3.1/thumb/v7e-m+fp/softfp/libgcc.a(_aeabi_ldivmod.o) (__udivmoddi4)
/Applications/Simplicity Studio.app/Contents/Eclipse/developer/toolchains/gnu_arm/10.3_2021.10/bin/../lib/gcc/arm-none-eabi/10.3.1/thumb/v7e-m+fp/softfp/libgcc.a(_dvmd_tls.o)
                              /Applications/Simplicity Studio.app/Contents/Eclipse/developer/toolchains/gnu_arm/10.3_2021.10/bin/../lib/gcc/arm-none-eabi/10.3.1/thumb/v7e-m+fp/softfp/libgcc.a(_aeabi_ldivmod.o) (__aeabi_ldiv0)
/Applications/Simplicity Studio.app/Contents/Eclipse/developer/toolchains/gnu_arm/10.3_2021.10/bin/../lib/gcc/arm-none-eabi/10.3.1/../../../../arm-none-eabi/lib/thumb/v7e-m+fp/softfp/libc_nano.a(lib_a-abs.o)
                              ./gecko_sdk_4.1.4/platform/service/sleeptimer/src/sl_sleeptimer.o (abs)
/Applications/Simplicity Studio.app/Contents/Eclipse/developer/toolchains/gnu_arm/10.3_2021.10/bin/../lib/gcc/arm-none-eabi/10.3.1/../../../../arm-none-eabi/lib/thumb/v7e-m+fp/softfp/libc_nano.a(lib_a-exit.o)
                              /Applications/Simplicity Studio.app/Contents/Eclipse/developer/toolchains/gnu_arm/10.3_2021.10/bin/../lib/gcc/arm-none-eabi/10.3.1/../../../../arm-none-eabi/lib/thumb/v7e-m+fp/softfp/crt0.o (exit)
/Applications/Simplicity Studio.app/Contents/Eclipse/developer/toolchains/gnu_arm/10.3_2021.10/bin/../lib/gcc/arm-none-eabi/10.3.1/../../../../arm-none-eabi/lib/thumb/v7e-m+fp/softfp/libc_nano.a(lib_a-impure.o)
                              /Applications/Simplicity Studio.app/Contents/Eclipse/developer/toolchains/gnu_arm/10.3_2021.10/bin/../lib/gcc/arm-none-eabi/10.3.1/../../../../arm-none-eabi/lib/thumb/v7e-m+fp/softfp/libc_nano.a(lib_a-exit.o) (_global_impure_ptr)
/Applications/Simplicity Studio.app/Contents/Eclipse/developer/toolchains/gnu_arm/10.3_2021.10/bin/../lib/gcc/arm-none-eabi/10.3.1/../../../../arm-none-eabi/lib/thumb/v7e-m+fp/softfp/libc_nano.a(lib_a-init.o)
                              /Applications/Simplicity Studio.app/Contents/Eclipse/developer/toolchains/gnu_arm/10.3_2021.10/bin/../lib/gcc/arm-none-eabi/10.3.1/../../../../arm-none-eabi/lib/thumb/v7e-m+fp/softfp/crt0.o (__libc_init_array)
/Applications/Simplicity Studio.app/Contents/Eclipse/developer/toolchains/gnu_arm/10.3_2021.10/bin/../lib/gcc/arm-none-eabi/10.3.1/../../../../arm-none-eabi/lib/thumb/v7e-m+fp/softfp/libc_nano.a(lib_a-malloc.o)
                              ./FatFS/syscall.o (malloc)
/Applications/Simplicity Studio.app/Contents/Eclipse/developer/toolchains/gnu_arm/10.3_2021.10/bin/../lib/gcc/arm-none-eabi/10.3.1/../../../../arm-none-eabi/lib/thumb/v7e-m+fp/softfp/libc_nano.a(lib_a-memset.o)
                              /Applications/Simplicity Studio.app/Contents/Eclipse/developer/toolchains/gnu_arm/10.3_2021.10/bin/../lib/gcc/arm-none-eabi/10.3.1/../../../../arm-none-eabi/lib/thumb/v7e-m+fp/softfp/crt0.o (memset)
/Applications/Simplicity Studio.app/Contents/Eclipse/developer/toolchains/gnu_arm/10.3_2021.10/bin/../lib/gcc/arm-none-eabi/10.3.1/../../../../arm-none-eabi/lib/thumb/v7e-m+fp/softfp/libc_nano.a(lib_a-nano-freer.o)
                              /Applications/Simplicity Studio.app/Contents/Eclipse/developer/toolchains/gnu_arm/10.3_2021.10/bin/../lib/gcc/arm-none-eabi/10.3.1/../../../../arm-none-eabi/lib/thumb/v7e-m+fp/softfp/libc_nano.a(lib_a-malloc.o) (_free_r)
/Applications/Simplicity Studio.app/Contents/Eclipse/developer/toolchains/gnu_arm/10.3_2021.10/bin/../lib/gcc/arm-none-eabi/10.3.1/../../../../arm-none-eabi/lib/thumb/v7e-m+fp/softfp/libc_nano.a(lib_a-nano-mallocr.o)
                              /Applications/Simplicity Studio.app/Contents/Eclipse/developer/toolchains/gnu_arm/10.3_2021.10/bin/../lib/gcc/arm-none-eabi/10.3.1/../../../../arm-none-eabi/lib/thumb/v7e-m+fp/softfp/libc_nano.a(lib_a-malloc.o) (_malloc_r)
/Applications/Simplicity Studio.app/Contents/Eclipse/developer/toolchains/gnu_arm/10.3_2021.10/bin/../lib/gcc/arm-none-eabi/10.3.1/../../../../arm-none-eabi/lib/thumb/v7e-m+fp/softfp/libc_nano.a(lib_a-printf.o)
                              ./mod_sd_sim.o (printf)
[...]
Memory Configuration

Name             Origin             Length             Attributes
FLASH            0x0000000000000000 0x0000000000200000 xr
RAM              0x0000000020000000 0x0000000000080000 xrw
*default*        0x0000000000000000 0xffffffffffffffff

Linker script and memory map

LOAD /Applications/Simplicity Studio.app/Contents/Eclipse/developer/toolchains/gnu_arm/10.3_2021.10/bin/../lib/gcc/arm-none-eabi/10.3.1/thumb/v7e-m+fp/softfp/crti.o
LOAD /Applications/Simplicity Studio.app/Contents/Eclipse/developer/toolchains/gnu_arm/10.3_2021.10/bin/../lib/gcc/arm-none-eabi/10.3.1/thumb/v7e-m+fp/softfp/crtbegin.o
LOAD /Applications/Simplicity Studio.app/Contents/Eclipse/developer/toolchains/gnu_arm/10.3_2021.10/bin/../lib/gcc/arm-none-eabi/10.3.1/../../../../arm-none-eabi/lib/thumb/v7e-m+fp/softfp/crt0.o
START GROUP
LOAD ./FatFS/diskio.o
LOAD ./FatFS/ff.o
LOAD ./FatFS/syscall.o
LOAD ./FatFS/unicode.o
LOAD ./app.o
LOAD ./main.o
LOAD ./microsd.o
LOAD ./mod_sd_sim.o
LOAD ./autogen/sl_board_default_init.o
LOAD ./autogen/sl_device_init_clocks.o
LOAD ./autogen/sl_event_handler.o
LOAD ./autogen/sl_iostream_handles.o
LOAD ./autogen/sl_iostream_init_usart_instances.o
LOAD ./gecko_sdk_4.1.4/hardware/board/src/sl_board_control_gpio.o
LOAD ./gecko_sdk_4.1.4/hardware/board/src/sl_board_init.o
LOAD ./gecko_sdk_4.1.4/platform/Device/SiliconLabs/EFM32GG11B/Source/startup_efm32gg11b.o
LOAD ./gecko_sdk_4.1.4/platform/Device/SiliconLabs/EFM32GG11B/Source/system_efm32gg11b.o
LOAD ./gecko_sdk_4.1.4/platform/common/src/sl_assert.o
LOAD ./gecko_sdk_4.1.4/platform/common/toolchain/src/sl_memory.o
LOAD ./gecko_sdk_4.1.4/platform/emlib/src/em_cmu.o
LOAD ./gecko_sdk_4.1.4/platform/emlib/src/em_core.o
LOAD ./gecko_sdk_4.1.4/platform/emlib/src/em_emu.o
LOAD ./gecko_sdk_4.1.4/platform/emlib/src/em_gpio.o
LOAD ./gecko_sdk_4.1.4/platform/emlib/src/em_msc.o
LOAD ./gecko_sdk_4.1.4/platform/emlib/src/em_rtc.o
LOAD ./gecko_sdk_4.1.4/platform/emlib/src/em_rtcc.o
LOAD ./gecko_sdk_4.1.4/platform/emlib/src/em_system.o
LOAD ./gecko_sdk_4.1.4/platform/emlib/src/em_usart.o
LOAD ./gecko_sdk_4.1.4/platform/service/device_init/src/sl_device_init_dcdc_s1.o
LOAD ./gecko_sdk_4.1.4/platform/service/device_init/src/sl_device_init_emu_s1.o
LOAD ./gecko_sdk_4.1.4/platform/service/device_init/src/sl_device_init_hfxo_s1.o
LOAD ./gecko_sdk_4.1.4/platform/service/device_init/src/sl_device_init_lfxo_s1.o
LOAD ./gecko_sdk_4.1.4/platform/service/device_init/src/sl_device_init_nvic.o
LOAD ./gecko_sdk_4.1.4/platform/service/iostream/src/sl_iostream.o
LOAD ./gecko_sdk_4.1.4/platform/service/iostream/src/sl_iostream_retarget_stdio.o
LOAD ./gecko_sdk_4.1.4/platform/service/iostream/src/sl_iostream_uart.o
LOAD ./gecko_sdk_4.1.4/platform/service/iostream/src/sl_iostream_usart.o
LOAD ./gecko_sdk_4.1.4/platform/service/sleeptimer/src/sl_sleeptimer.o
LOAD ./gecko_sdk_4.1.4/platform/service/sleeptimer/src/sl_sleeptimer_hal_rtc.o
LOAD ./gecko_sdk_4.1.4/platform/service/sleeptimer/src/sl_sleeptimer_hal_rtcc.o
LOAD ./gecko_sdk_4.1.4/platform/service/system/src/sl_system_init.o
LOAD ./gecko_sdk_4.1.4/platform/service/system/src/sl_system_process_action.o
LOAD /Applications/Simplicity Studio.app/Contents/Eclipse/developer/toolchains/gnu_arm/10.3_2021.10/bin/../lib/gcc/arm-none-eabi/10.3.1/thumb/v7e-m+fp/softfp/libgcc.a
LOAD /Applications/Simplicity Studio.app/Contents/Eclipse/developer/toolchains/gnu_arm/10.3_2021.10/bin/../lib/gcc/arm-none-eabi/10.3.1/../../../../arm-none-eabi/lib/thumb/v7e-m+fp/softfp/libc_nano.a
LOAD /Applications/Simplicity Studio.app/Contents/Eclipse/developer/toolchains/gnu_arm/10.3_2021.10/bin/../lib/gcc/arm-none-eabi/10.3.1/../../../../arm-none-eabi/lib/thumb/v7e-m+fp/softfp/libm.a
LOAD /Applications/Simplicity Studio.app/Contents/Eclipse/developer/toolchains/gnu_arm/10.3_2021.10/bin/../lib/gcc/arm-none-eabi/10.3.1/../../../../arm-none-eabi/lib/thumb/v7e-m+fp/softfp/libnosys.a
END GROUP
START GROUP
LOAD /Applications/Simplicity Studio.app/Contents/Eclipse/developer/toolchains/gnu_arm/10.3_2021.10/bin/../lib/gcc/arm-none-eabi/10.3.1/thumb/v7e-m+fp/softfp/libgcc.a
LOAD /Applications/Simplicity Studio.app/Contents/Eclipse/developer/toolchains/gnu_arm/10.3_2021.10/bin/../lib/gcc/arm-none-eabi/10.3.1/../../../../arm-none-eabi/lib/thumb/v7e-m+fp/softfp/libc_nano.a
LOAD /Applications/Simplicity Studio.app/Contents/Eclipse/developer/toolchains/gnu_arm/10.3_2021.10/bin/../lib/gcc/arm-none-eabi/10.3.1/../../../../arm-none-eabi/lib/thumb/v7e-m+fp/softfp/libnosys.a
END GROUP
START GROUP
LOAD /Applications/Simplicity Studio.app/Contents/Eclipse/developer/toolchains/gnu_arm/10.3_2021.10/bin/../lib/gcc/arm-none-eabi/10.3.1/thumb/v7e-m+fp/softfp/libgcc.a
LOAD /Applications/Simplicity Studio.app/Contents/Eclipse/developer/toolchains/gnu_arm/10.3_2021.10/bin/../lib/gcc/arm-none-eabi/10.3.1/../../../../arm-none-eabi/lib/thumb/v7e-m+fp/softfp/libg_nano.a
LOAD /Applications/Simplicity Studio.app/Contents/Eclipse/developer/toolchains/gnu_arm/10.3_2021.10/bin/../lib/gcc/arm-none-eabi/10.3.1/../../../../arm-none-eabi/lib/thumb/v7e-m+fp/softfp/libc_nano.a
END GROUP
START GROUP
LOAD /Applications/Simplicity Studio.app/Contents/Eclipse/developer/toolchains/gnu_arm/10.3_2021.10/bin/../lib/gcc/arm-none-eabi/10.3.1/thumb/v7e-m+fp/softfp/libgcc.a
LOAD /Applications/Simplicity Studio.app/Contents/Eclipse/developer/toolchains/gnu_arm/10.3_2021.10/bin/../lib/gcc/arm-none-eabi/10.3.1/../../../../arm-none-eabi/lib/thumb/v7e-m+fp/softfp/libc_nano.a
END GROUP
LOAD /Applications/Simplicity Studio.app/Contents/Eclipse/developer/toolchains/gnu_arm/10.3_2021.10/bin/../lib/gcc/arm-none-eabi/10.3.1/thumb/v7e-m+fp/softfp/crtend.o
LOAD /Applications/Simplicity Studio.app/Contents/Eclipse/developer/toolchains/gnu_arm/10.3_2021.10/bin/../lib/gcc/arm-none-eabi/10.3.1/thumb/v7e-m+fp/softfp/crtn.o

.text           0x0000000000000000     0x5a54
                0x0000000000000000                linker_vectors_begin = .
 *(.vectors)
 .vectors       0x0000000000000000      0x158 ./gecko_sdk_4.1.4/platform/Device/SiliconLabs/EFM32GG11B/Source/startup_efm32gg11b.o
                0x0000000000000000                __Vectors
                0x0000000000000158                linker_vectors_end = .
                0x0000000000000158                __Vectors_End = .
                0x0000000000000158                __Vectors_Size = (__Vectors_End - __Vectors)
                0x0000000000000158                linker_code_begin = .
 *(.text*)
 .text          0x0000000000000158       0x40 /Applications/Simplicity Studio.app/Contents/Eclipse/developer/toolchains/gnu_arm/10.3_2021.10/bin/../lib/gcc/arm-none-eabi/10.3.1/thumb/v7e-m+fp/softfp/crtbegin.o
 .text          0x0000000000000198       0x7c /Applications/Simplicity Studio.app/Contents/Eclipse/developer/toolchains/gnu_arm/10.3_2021.10/bin/../lib/gcc/arm-none-eabi/10.3.1/../../../../arm-none-eabi/lib/thumb/v7e-m+fp/softfp/crt0.o
                0x0000000000000198                _stack_init
                0x00000000000001a0                _mainCRTStartup
                0x00000000000001a0                _start
 .text.disk_initialize
                0x0000000000000214      0x130 ./FatFS/diskio.o
                0x0000000000000214                disk_initialize
 .text.disk_status
                0x0000000000000344       0x10 ./FatFS/diskio.o
                0x0000000000000344                disk_status
 .text.disk_read
                0x0000000000000354       0x84 ./FatFS/diskio.o
                0x0000000000000354                disk_read
 .text.disk_write
                0x00000000000003d8       0xa4 ./FatFS/diskio.o
                0x00000000000003d8                disk_write
 .text.disk_ioctl
                0x000000000000047c      0x1e0 ./FatFS/diskio.o
                0x000000000000047c                disk_ioctl
 .text.ld_dword
                0x000000000000065c        0x4 ./FatFS/ff.o
 .text.ld_qword
                0x0000000000000660        0x8 ./FatFS/ff.o
 .text.clust2sect
                0x0000000000000668       0x16 ./FatFS/ff.o
 .text.get_ldnumber
                0x000000000000067e       0x30 ./FatFS/ff.o
 .text.sync_window.part.0
                0x00000000000006ae       0x4c ./FatFS/ff.o
 .text.sync_window
                0x00000000000006fa        0xc ./FatFS/ff.o
 .text.move_window
                0x0000000000000706       0x32 ./FatFS/ff.o
 .text.check_fs
                0x0000000000000738       0x98 ./FatFS/ff.o
 .text.find_volume
                0x00000000000007d0      0x348 ./FatFS/ff.o
 .text.f_mount  0x0000000000000b18       0x58 ./FatFS/ff.o
                0x0000000000000b18                f_mount
 .text.app_init
                0x0000000000000b70       0x44 ./app.o
                0x0000000000000b70                app_init
 .text.config_I2C0_register_as_slave
                0x0000000000000bb4        0x2 ./app.o
                0x0000000000000bb4                config_I2C0_register_as_slave
 .text.respond_to_i2c
                0x0000000000000bb6        0x2 ./app.o
                0x0000000000000bb6                respond_to_i2c
 .text.startup.main
                0x0000000000000bb8       0x1c ./main.o
                0x0000000000000bb8                main
 .text.MICROSD_Init
                0x0000000000000bd4       0xa4 ./microsd.o
                0x0000000000000bd4                MICROSD_Init
 .text.MICROSD_XferSpi
                0x0000000000000c78       0x1c ./microsd.o
                0x0000000000000c78                MICROSD_XferSpi
 .text.WaitReady
                0x0000000000000c94       0x20 ./microsd.o
 .text.MICROSD_Deselect
                0x0000000000000cb4       0x18 ./microsd.o
                0x0000000000000cb4                MICROSD_Deselect
 .text.MICROSD_Select
                0x0000000000000ccc       0x28 ./microsd.o
                0x0000000000000ccc                MICROSD_Select
 .text.MICROSD_PowerOn
                0x0000000000000cf4        0xc ./microsd.o
                0x0000000000000cf4                MICROSD_PowerOn
 .text.MICROSD_PowerOff
                0x0000000000000d00       0x1c ./microsd.o
                0x0000000000000d00                MICROSD_PowerOff
 .text.MICROSD_BlockRx
                0x0000000000000d1c       0x9c ./microsd.o
                0x0000000000000d1c                MICROSD_BlockRx
 .text.MICROSD_BlockTx
                0x0000000000000db8       0xa4 ./microsd.o
                0x0000000000000db8                MICROSD_BlockTx
 .text.MICROSD_SendCmd
                0x0000000000000e5c       0x7a ./microsd.o
                0x0000000000000e5c                MICROSD_SendCmd
 *fill*         0x0000000000000ed6        0x2 
 .text.MICROSD_SpiClkSlow
                0x0000000000000ed8       0x20 ./microsd.o
                0x0000000000000ed8                MICROSD_SpiClkSlow
 .text.MICROSD_SpiClkFast
                0x0000000000000ef8       0x24 ./microsd.o
                0x0000000000000ef8                MICROSD_SpiClkFast
 .text.MICROSD_TimeOutSet
                0x0000000000000f1c       0x14 ./microsd.o
                0x0000000000000f1c                MICROSD_TimeOutSet
 .text.MICROSD_TimeOutElapsed
                0x0000000000000f30       0x10 ./microsd.o
                0x0000000000000f30                MICROSD_TimeOutElapsed
 .text.init_mount_sd_open_csv
                0x0000000000000f40       0x30 ./mod_sd_sim.o
                0x0000000000000f40                init_mount_sd_open_csv
 .text.sl_board_default_init
                0x0000000000000f70        0x2 ./autogen/sl_board_default_init.o
                0x0000000000000f70                sl_board_default_init
 *fill*         0x0000000000000f72        0x2 
 .text.sl_device_init_clocks
                0x0000000000000f74       0x4c ./autogen/sl_device_init_clocks.o
                0x0000000000000f74                sl_device_init_clocks
 .text.sl_platform_init
                0x0000000000000fc0       0x84 ./autogen/sl_event_handler.o
                0x0000000000000fc0                sl_platform_init
 .text.sl_driver_init
                0x0000000000001044        0x2 ./autogen/sl_event_handler.o
                0x0000000000001044                sl_driver_init
 .text.sl_service_init
                0x0000000000001046       0x12 ./autogen/sl_event_handler.o
                0x0000000000001046                sl_service_init
 .text.sl_stack_init
                0x0000000000001058        0x2 ./autogen/sl_event_handler.o
                0x0000000000001058                sl_stack_init
 .text.sl_internal_app_init
                0x000000000000105a        0x2 ./autogen/sl_event_handler.o
                0x000000000000105a                sl_internal_app_init
 .text.sl_platform_process_action
                0x000000000000105c        0x2 ./autogen/sl_event_handler.o
                0x000000000000105c                sl_platform_process_action
 .text.sl_service_process_action
                0x000000000000105e        0x2 ./autogen/sl_event_handler.o
                0x000000000000105e                sl_service_process_action
 .text.sl_stack_process_action
                0x0000000000001060        0x2 ./autogen/sl_event_handler.o
                0x0000000000001060                sl_stack_process_action
 .text.sl_internal_app_process_action
                0x0000000000001062        0x2 ./autogen/sl_event_handler.o
                0x0000000000001062                sl_internal_app_process_action
 .text.sl_iostream_usart_init_vcom
                0x0000000000001064       0x60 ./autogen/sl_iostream_init_usart_instances.o
                0x0000000000001064                sl_iostream_usart_init_vcom
 .text.sl_iostream_usart_init_instances
                0x00000000000010c4        0x4 ./autogen/sl_iostream_init_usart_instances.o
                0x00000000000010c4                sl_iostream_usart_init_instances
 .text.USART4_RX_IRQHandler
                0x00000000000010c8        0xc ./autogen/sl_iostream_init_usart_instances.o
                0x00000000000010c8                USART4_RX_IRQHandler
 .text.USART4_TX_IRQHandler
                0x00000000000010d4        0x4 ./autogen/sl_iostream_init_usart_instances.o
                0x00000000000010d4                USART4_TX_IRQHandler
 .text.sl_board_configure_vcom
                0x00000000000010d8        0x4 ./gecko_sdk_4.1.4/hardware/board/src/sl_board_control_gpio.o
                0x00000000000010d8                sl_board_configure_vcom
 .text.sl_board_init
                0x00000000000010dc       0x18 ./gecko_sdk_4.1.4/hardware/board/src/sl_board_init.o
                0x00000000000010dc                sl_board_init
 .text.sl_board_preinit
                0x00000000000010f4        0xc ./gecko_sdk_4.1.4/hardware/board/src/sl_board_init.o
                0x00000000000010f4                sl_board_preinit
 .text.Default_Handler
                0x0000000000001100        0x2 ./gecko_sdk_4.1.4/platform/Device/SiliconLabs/EFM32GG11B/Source/startup_efm32gg11b.o
                0x0000000000001100                IDAC0_IRQHandler
                0x0000000000001100                DebugMon_Handler
                0x0000000000001100                TIMER5_IRQHandler
                0x0000000000001100                USART0_TX_IRQHandler
                0x0000000000001100                USART5_RX_IRQHandler
                0x0000000000001100                I2C0_IRQHandler
                0x0000000000001100                HardFault_Handler
                0x0000000000001100                LEUART1_IRQHandler
                0x0000000000001100                SysTick_Handler
                0x0000000000001100                SDIO_IRQHandler
                0x0000000000001100                USART1_RX_IRQHandler
                0x0000000000001100                PendSV_Handler
                0x0000000000001100                NMI_Handler
                0x0000000000001100                I2C1_IRQHandler
                0x0000000000001100                CAN1_IRQHandler
                0x0000000000001100                WTIMER0_IRQHandler
                0x0000000000001100                WTIMER3_IRQHandler
                0x0000000000001100                CRYPTO0_IRQHandler
                0x0000000000001100                WDOG0_IRQHandler
                0x0000000000001100                TIMER3_IRQHandler
                0x0000000000001100                USART1_TX_IRQHandler
                0x0000000000001100                SMU_IRQHandler
                0x0000000000001100                MSC_IRQHandler
                0x0000000000001100                ADC0_IRQHandler
                0x0000000000001100                UsageFault_Handler
                0x0000000000001100                WDOG1_IRQHandler
                0x0000000000001100                LEUART0_IRQHandler
                0x0000000000001100                TIMER4_IRQHandler
                0x0000000000001100                FPUEH_IRQHandler
                0x0000000000001100                WTIMER1_IRQHandler
                0x0000000000001100                GPIO_EVEN_IRQHandler
                0x0000000000001100                UART0_TX_IRQHandler
                0x0000000000001100                UART1_TX_IRQHandler
                0x0000000000001100                VDAC0_IRQHandler
                0x0000000000001100                LDMA_IRQHandler
                0x0000000000001100                QSPI0_IRQHandler
                0x0000000000001100                TIMER6_IRQHandler
                0x0000000000001100                CSEN_IRQHandler
                0x0000000000001100                ADC1_IRQHandler
                0x0000000000001100                I2C2_IRQHandler
                0x0000000000001100                RTC_IRQHandler
                0x0000000000001100                TIMER0_IRQHandler
                0x0000000000001100                LCD_IRQHandler
                0x0000000000001100                PCNT2_IRQHandler
                0x0000000000001100                UART0_RX_IRQHandler
                0x0000000000001100                LETIMER0_IRQHandler
                0x0000000000001100                WTIMER2_IRQHandler
                0x0000000000001100                TIMER1_IRQHandler
                0x0000000000001100                TRNG0_IRQHandler
                0x0000000000001100                USART2_RX_IRQHandler
                0x0000000000001100                Default_Handler
                0x0000000000001100                EMU_IRQHandler
                0x0000000000001100                CRYOTIMER_IRQHandler
                0x0000000000001100                PCNT0_IRQHandler
                0x0000000000001100                sl_app_properties
                0x0000000000001100                USB_IRQHandler
                0x0000000000001100                PCNT1_IRQHandler
                0x0000000000001100                ACMP0_IRQHandler
                0x0000000000001100                USART0_RX_IRQHandler
                0x0000000000001100                USART5_TX_IRQHandler
                0x0000000000001100                MemManage_Handler
                0x0000000000001100                SVC_Handler
                0x0000000000001100                USART3_RX_IRQHandler
                0x0000000000001100                UART1_RX_IRQHandler
                0x0000000000001100                ETH_IRQHandler
                0x0000000000001100                CMU_IRQHandler
                0x0000000000001100                EBI_IRQHandler
                0x0000000000001100                CAN0_IRQHandler
                0x0000000000001100                GPIO_ODD_IRQHandler
                0x0000000000001100                LESENSE_IRQHandler
                0x0000000000001100                USART3_TX_IRQHandler
                0x0000000000001100                LETIMER1_IRQHandler
                0x0000000000001100                ACMP2_IRQHandler
                0x0000000000001100                BusFault_Handler
                0x0000000000001100                USART2_TX_IRQHandler
                0x0000000000001100                TIMER2_IRQHandler
 *fill*         0x0000000000001102        0x2 
 .text.Reset_Handler
                0x0000000000001104       0x60 ./gecko_sdk_4.1.4/platform/Device/SiliconLabs/EFM32GG11B/Source/startup_efm32gg11b.o
                0x0000000000001104                Reset_Handler
 .text.SystemMaxCoreClockGet
                0x0000000000001164        0x8 ./gecko_sdk_4.1.4/platform/Device/SiliconLabs/EFM32GG11B/Source/system_efm32gg11b.o
                0x0000000000001164                SystemMaxCoreClockGet
 .text.SystemHFClockGet
                0x000000000000116c       0x74 ./gecko_sdk_4.1.4/platform/Device/SiliconLabs/EFM32GG11B/Source/system_efm32gg11b.o
                0x000000000000116c                SystemHFClockGet
 .text.SystemCoreClockGet
                0x00000000000011e0       0x24 ./gecko_sdk_4.1.4/platform/Device/SiliconLabs/EFM32GG11B/Source/system_efm32gg11b.o
                0x00000000000011e0                SystemCoreClockGet
 .text.SystemHFXOClockGet
                0x0000000000001204        0xc ./gecko_sdk_4.1.4/platform/Device/SiliconLabs/EFM32GG11B/Source/system_efm32gg11b.o
                0x0000000000001204                SystemHFXOClockGet
 .text.SystemHFXOClockSet
                0x0000000000001210       0x20 ./gecko_sdk_4.1.4/platform/Device/SiliconLabs/EFM32GG11B/Source/system_efm32gg11b.o
                0x0000000000001210                SystemHFXOClockSet
 .text.SystemInit
                0x0000000000001230       0x1c ./gecko_sdk_4.1.4/platform/Device/SiliconLabs/EFM32GG11B/Source/system_efm32gg11b.o
                0x0000000000001230                SystemInit
 .text.SystemLFRCOClockGet
                0x000000000000124c        0x6 ./gecko_sdk_4.1.4/platform/Device/SiliconLabs/EFM32GG11B/Source/system_efm32gg11b.o
                0x000000000000124c                SystemLFRCOClockGet
 .text.SystemULFRCOClockGet
                0x0000000000001252        0x6 ./gecko_sdk_4.1.4/platform/Device/SiliconLabs/EFM32GG11B/Source/system_efm32gg11b.o
                0x0000000000001252                SystemULFRCOClockGet
 .text.SystemLFXOClockGet
                0x0000000000001258        0xc ./gecko_sdk_4.1.4/platform/Device/SiliconLabs/EFM32GG11B/Source/system_efm32gg11b.o
                0x0000000000001258                SystemLFXOClockGet
 .text.assertEFM
                0x0000000000001264        0x2 ./gecko_sdk_4.1.4/platform/common/src/sl_assert.o
                0x0000000000001264                assertEFM
 *fill*         0x0000000000001266        0x2 
 .text._sbrk    0x0000000000001268       0x20 ./gecko_sdk_4.1.4/platform/common/toolchain/src/sl_memory.o
                0x0000000000001268                _sbrk
 .text.setHfLeConfig
                0x0000000000001288       0x44 ./gecko_sdk_4.1.4/platform/emlib/src/em_cmu.o
 .text.flashWaitStateControl
                0x00000000000012cc       0x54 ./gecko_sdk_4.1.4/platform/emlib/src/em_cmu.o
 .text.SL_Log2ToDiv
                0x0000000000001320       0x1c ./gecko_sdk_4.1.4/platform/emlib/src/em_cmu.o
 .text.EMU_VScaleWait
                0x000000000000133c       0x1c ./gecko_sdk_4.1.4/platform/emlib/src/em_cmu.o
 .text.EMU_VScaleGet
                0x0000000000001358       0x14 ./gecko_sdk_4.1.4/platform/emlib/src/em_cmu.o
 .text.syncReg  0x000000000000136c       0x18 ./gecko_sdk_4.1.4/platform/emlib/src/em_cmu.o
 .text.CMU_PrescToLog2
                0x0000000000001384       0x40 ./gecko_sdk_4.1.4/platform/emlib/src/em_cmu.o
 .text.flashWaitStateMax
                0x00000000000013c4       0x24 ./gecko_sdk_4.1.4/platform/emlib/src/em_cmu.o
 .text.CMU_UpdateWaitStates
                0x00000000000013e8       0x74 ./gecko_sdk_4.1.4/platform/emlib/src/em_cmu.o
                0x00000000000013e8                CMU_UpdateWaitStates
 .text.CMU_ClockEnable
                0x000000000000145c       0xd4 ./gecko_sdk_4.1.4/platform/emlib/src/em_cmu.o
                0x000000000000145c                CMU_ClockEnable
 .text.CMU_ClockPrescGet
                0x0000000000001530      0x198 ./gecko_sdk_4.1.4/platform/emlib/src/em_cmu.o
                0x0000000000001530                CMU_ClockPrescGet
 .text.CMU_ClockDivGet
                0x00000000000016c8        0xa ./gecko_sdk_4.1.4/platform/emlib/src/em_cmu.o
                0x00000000000016c8                CMU_ClockDivGet
 *fill*         0x00000000000016d2        0x2 
 .text.CMU_ClockPrescSet
                0x00000000000016d4      0x45c ./gecko_sdk_4.1.4/platform/emlib/src/em_cmu.o
                0x00000000000016d4                CMU_ClockPrescSet
 .text.hfperClkSafePrescaler
                0x0000000000001b30       0x2c ./gecko_sdk_4.1.4/platform/emlib/src/em_cmu.o
 .text.hfperClkOptimizedPrescaler
                0x0000000000001b5c       0x9c ./gecko_sdk_4.1.4/platform/emlib/src/em_cmu.o
 .text.CMU_ClockSelectGet
                0x0000000000001bf8      0x144 ./gecko_sdk_4.1.4/platform/emlib/src/em_cmu.o
                0x0000000000001bf8                CMU_ClockSelectGet
 .text.lfClkGet
                0x0000000000001d3c       0xe0 ./gecko_sdk_4.1.4/platform/emlib/src/em_cmu.o
 .text.adcAsyncClkGet
                0x0000000000001e1c       0x64 ./gecko_sdk_4.1.4/platform/emlib/src/em_cmu.o
 .text.CMU_ClockFreqGet
                0x0000000000001e80      0x358 ./gecko_sdk_4.1.4/platform/emlib/src/em_cmu.o
                0x0000000000001e80                CMU_ClockFreqGet
 .text.CMU_LFXOPrecisionSet
                0x00000000000021d8        0xc ./gecko_sdk_4.1.4/platform/emlib/src/em_cmu.o
                0x00000000000021d8                CMU_LFXOPrecisionSet
 .text.CMU_OscillatorTuningWait
                0x00000000000021e4       0x4c ./gecko_sdk_4.1.4/platform/emlib/src/em_cmu.o
                0x00000000000021e4                CMU_OscillatorTuningWait
 .text.CMU_OscillatorEnable
                0x0000000000002230      0x128 ./gecko_sdk_4.1.4/platform/emlib/src/em_cmu.o
                0x0000000000002230                CMU_OscillatorEnable
 .text.CMU_ClockSelectSet
                0x0000000000002358      0x3fc ./gecko_sdk_4.1.4/platform/emlib/src/em_cmu.o
                0x0000000000002358                CMU_ClockSelectSet
 .text.CMU_HFXOInit
                0x0000000000002754       0x9c ./gecko_sdk_4.1.4/platform/emlib/src/em_cmu.o
                0x0000000000002754                CMU_HFXOInit
 .text.CMU_LFXOInit
                0x00000000000027f0       0x58 ./gecko_sdk_4.1.4/platform/emlib/src/em_cmu.o
                0x00000000000027f0                CMU_LFXOInit
 .text.CORE_EnterCritical
                0x0000000000002848        0x8 ./gecko_sdk_4.1.4/platform/emlib/src/em_core.o
                0x0000000000002848                CORE_EnterCritical
 .text.CORE_ExitCritical
                0x0000000000002850        0x6 ./gecko_sdk_4.1.4/platform/emlib/src/em_core.o
                0x0000000000002850                CORE_ExitCritical
 .text.CORE_EnterAtomic
                0x0000000000002856        0xc ./gecko_sdk_4.1.4/platform/emlib/src/em_core.o
                0x0000000000002856                CORE_EnterAtomic
 .text.CORE_ExitAtomic
                0x0000000000002862        0x6 ./gecko_sdk_4.1.4/platform/emlib/src/em_core.o
                0x0000000000002862                CORE_ExitAtomic
 .text.EMU_LDOStatusGet
                0x0000000000002868       0x14 ./gecko_sdk_4.1.4/platform/emlib/src/em_emu.o
 .text.lpGetDevinfoVrefLowHigh
                0x000000000000287c       0xa8 ./gecko_sdk_4.1.4/platform/emlib/src/em_emu.o
 .text.EMU_VScaleWait
                0x0000000000002924       0x18 ./gecko_sdk_4.1.4/platform/emlib/src/em_emu.o
 .text.lpCmpHystCalibrationLoad.constprop.0
                0x000000000000293c       0x78 ./gecko_sdk_4.1.4/platform/emlib/src/em_emu.o
 .text.EMU_EM4Init
                0x00000000000029b4       0x54 ./gecko_sdk_4.1.4/platform/emlib/src/em_emu.o
                0x00000000000029b4                EMU_EM4Init
 .text.EMU_VScaleEM01
                0x0000000000002a08       0x80 ./gecko_sdk_4.1.4/platform/emlib/src/em_emu.o
                0x0000000000002a08                EMU_VScaleEM01
 .text.EMU_VScaleEM01ByClock
                0x0000000000002a88       0x50 ./gecko_sdk_4.1.4/platform/emlib/src/em_emu.o
                0x0000000000002a88                EMU_VScaleEM01ByClock
 .text.EMU_DCDCModeSet
                0x0000000000002ad8       0x68 ./gecko_sdk_4.1.4/platform/emlib/src/em_emu.o
                0x0000000000002ad8                EMU_DCDCModeSet
 .text.EMU_DCDCOutputVoltageSet
                0x0000000000002b40      0x18c ./gecko_sdk_4.1.4/platform/emlib/src/em_emu.o
                0x0000000000002b40                EMU_DCDCOutputVoltageSet
 .text.EMU_DCDCOptimizeSlice
                0x0000000000002ccc       0xe0 ./gecko_sdk_4.1.4/platform/emlib/src/em_emu.o
                0x0000000000002ccc                EMU_DCDCOptimizeSlice
 .text.EMU_DCDCLnRcoBandSet
                0x0000000000002dac       0x44 ./gecko_sdk_4.1.4/platform/emlib/src/em_emu.o
                0x0000000000002dac                EMU_DCDCLnRcoBandSet
 .text.EMU_DCDCInit
                0x0000000000002df0      0x170 ./gecko_sdk_4.1.4/platform/emlib/src/em_emu.o
                0x0000000000002df0                EMU_DCDCInit
 .text.GPIO_PinOutSet
                0x0000000000002f60       0x3c ./gecko_sdk_4.1.4/platform/emlib/src/em_gpio.o
 .text.GPIO_PinOutClear
                0x0000000000002f9c       0x3c ./gecko_sdk_4.1.4/platform/emlib/src/em_gpio.o
 .text.BUS_RegMaskedWrite
                0x0000000000002fd8       0x22 ./gecko_sdk_4.1.4/platform/emlib/src/em_gpio.o
 *fill*         0x0000000000002ffa        0x2 
 .text.GPIO_PinModeSet
                0x0000000000002ffc       0x8c ./gecko_sdk_4.1.4/platform/emlib/src/em_gpio.o
                0x0000000000002ffc                GPIO_PinModeSet
 .text.RTCC_ChannelInit
                0x0000000000003088       0x58 ./gecko_sdk_4.1.4/platform/emlib/src/em_rtcc.o
                0x0000000000003088                RTCC_ChannelInit
 .text.RTCC_Enable
                0x00000000000030e0        0xc ./gecko_sdk_4.1.4/platform/emlib/src/em_rtcc.o
                0x00000000000030e0                RTCC_Enable
 .text.RTCC_Init
                0x00000000000030ec       0x70 ./gecko_sdk_4.1.4/platform/emlib/src/em_rtcc.o
                0x00000000000030ec                RTCC_Init
 .text.USART_BaudrateAsyncSet
                0x000000000000315c       0xf4 ./gecko_sdk_4.1.4/platform/emlib/src/em_usart.o
                0x000000000000315c                USART_BaudrateAsyncSet
 .text.USART_BaudrateSyncSet
                0x0000000000003250       0x5c ./gecko_sdk_4.1.4/platform/emlib/src/em_usart.o
                0x0000000000003250                USART_BaudrateSyncSet
 .text.USART_Enable
                0x00000000000032ac       0x64 ./gecko_sdk_4.1.4/platform/emlib/src/em_usart.o
                0x00000000000032ac                USART_Enable
 .text.USART_Reset
                0x0000000000003310       0xac ./gecko_sdk_4.1.4/platform/emlib/src/em_usart.o
                0x0000000000003310                USART_Reset
 .text.USART_InitAsync
                0x00000000000033bc       0xd0 ./gecko_sdk_4.1.4/platform/emlib/src/em_usart.o
                0x00000000000033bc                USART_InitAsync
 .text.USART_InitSync
                0x000000000000348c       0xd0 ./gecko_sdk_4.1.4/platform/emlib/src/em_usart.o
                0x000000000000348c                USART_InitSync
 .text.USART_Rx
                0x000000000000355c        0xc ./gecko_sdk_4.1.4/platform/emlib/src/em_usart.o
                0x000000000000355c                USART_Rx
 .text.USART_SpiTransfer
                0x0000000000003568       0x14 ./gecko_sdk_4.1.4/platform/emlib/src/em_usart.o
                0x0000000000003568                USART_SpiTransfer
 .text.USART_Tx
                0x000000000000357c        0xa ./gecko_sdk_4.1.4/platform/emlib/src/em_usart.o
                0x000000000000357c                USART_Tx
 *fill*         0x0000000000003586        0x2 
 .text.sl_device_init_dcdc
                0x0000000000003588       0x2c ./gecko_sdk_4.1.4/platform/service/device_init/src/sl_device_init_dcdc_s1.o
                0x0000000000003588                sl_device_init_dcdc
 .text.sl_device_init_emu
                0x00000000000035b4       0x1c ./gecko_sdk_4.1.4/platform/service/device_init/src/sl_device_init_emu_s1.o
                0x00000000000035b4                sl_device_init_emu
 .text.sl_device_init_hfxo
                0x00000000000035d0       0x5c ./gecko_sdk_4.1.4/platform/service/device_init/src/sl_device_init_hfxo_s1.o
                0x00000000000035d0                sl_device_init_hfxo
 .text.sl_device_init_lfxo
                0x000000000000362c       0x28 ./gecko_sdk_4.1.4/platform/service/device_init/src/sl_device_init_lfxo_s1.o
                0x000000000000362c                sl_device_init_lfxo
 .text.sl_device_init_nvic
                0x0000000000003654       0x3c ./gecko_sdk_4.1.4/platform/service/device_init/src/sl_device_init_nvic.o
                0x0000000000003654                sl_device_init_nvic
 .text.sl_iostream_set_default
                0x0000000000003690       0x18 ./gecko_sdk_4.1.4/platform/service/iostream/src/sl_iostream.o
                0x0000000000003690                sl_iostream_set_default
 .text.sl_iostream_get_default
                0x00000000000036a8       0x18 ./gecko_sdk_4.1.4/platform/service/iostream/src/sl_iostream.o
                0x00000000000036a8                sl_iostream_get_default
 .text.sl_iostream_write
                0x00000000000036c0       0x28 ./gecko_sdk_4.1.4/platform/service/iostream/src/sl_iostream.o
                0x00000000000036c0                sl_iostream_write
 .text.sl_iostream_read
                0x00000000000036e8       0x32 ./gecko_sdk_4.1.4/platform/service/iostream/src/sl_iostream.o
                0x00000000000036e8                sl_iostream_read
 .text._close   0x000000000000371a        0x4 ./gecko_sdk_4.1.4/platform/service/iostream/src/sl_iostream_retarget_stdio.o
                0x000000000000371a                _close
 .text._exit    0x000000000000371e        0x2 ./gecko_sdk_4.1.4/platform/service/iostream/src/sl_iostream_retarget_stdio.o
                0x000000000000371e                _exit
 .text._fstat   0x0000000000003720        0xa ./gecko_sdk_4.1.4/platform/service/iostream/src/sl_iostream_retarget_stdio.o
                0x0000000000003720                _fstat
 .text._isatty  0x000000000000372a        0x4 ./gecko_sdk_4.1.4/platform/service/iostream/src/sl_iostream_retarget_stdio.o
                0x000000000000372a                _isatty
 .text._lseek   0x000000000000372e        0x4 ./gecko_sdk_4.1.4/platform/service/iostream/src/sl_iostream_retarget_stdio.o
                0x000000000000372e                _lseek
 .text._read    0x0000000000003732       0x1c ./gecko_sdk_4.1.4/platform/service/iostream/src/sl_iostream_retarget_stdio.o
                0x0000000000003732                _read
 *fill*         0x000000000000374e        0x2 
 .text._write   0x0000000000003750       0x1c ./gecko_sdk_4.1.4/platform/service/iostream/src/sl_iostream_retarget_stdio.o
                0x0000000000003750                _write
 .text.set_auto_cr_lf
                0x000000000000376c        0x6 ./gecko_sdk_4.1.4/platform/service/iostream/src/sl_iostream_uart.o
 .text.get_auto_cr_lf
                0x0000000000003772        0x6 ./gecko_sdk_4.1.4/platform/service/iostream/src/sl_iostream_uart.o
 .text.uart_deinit
                0x0000000000003778       0x56 ./gecko_sdk_4.1.4/platform/service/iostream/src/sl_iostream_uart.o
 .text.nolock_uart_write.isra.0
                0x00000000000037ce       0x4e ./gecko_sdk_4.1.4/platform/service/iostream/src/sl_iostream_uart.o
 .text.uart_read
                0x000000000000381c       0x84 ./gecko_sdk_4.1.4/platform/service/iostream/src/sl_iostream_uart.o
 .text.uart_write
                0x00000000000038a0        0xa ./gecko_sdk_4.1.4/platform/service/iostream/src/sl_iostream_uart.o
 *fill*         0x00000000000038aa        0x2 
 .text.sli_iostream_uart_context_init
                0x00000000000038ac       0xac ./gecko_sdk_4.1.4/platform/service/iostream/src/sl_iostream_uart.o
                0x00000000000038ac                sli_iostream_uart_context_init
 .text.sli_uart_is_rx_space_avail
                0x0000000000003958       0x20 ./gecko_sdk_4.1.4/platform/service/iostream/src/sl_iostream_uart.o
                0x0000000000003958                sli_uart_is_rx_space_avail
 .text.sli_uart_push_rxd_data
                0x0000000000003978       0x94 ./gecko_sdk_4.1.4/platform/service/iostream/src/sl_iostream_uart.o
                0x0000000000003978                sli_uart_push_rxd_data
 .text.usart_enable_rx
                0x0000000000003a0c        0xc ./gecko_sdk_4.1.4/platform/service/iostream/src/sl_iostream_usart.o
 .text.usart_deinit
                0x0000000000003a18       0x70 ./gecko_sdk_4.1.4/platform/service/iostream/src/sl_iostream_usart.o
 .text.usart_tx
                0x0000000000003a88        0xc ./gecko_sdk_4.1.4/platform/service/iostream/src/sl_iostream_usart.o
 .text.sl_iostream_usart_init
                0x0000000000003a94      0x168 ./gecko_sdk_4.1.4/platform/service/iostream/src/sl_iostream_usart.o
                0x0000000000003a94                sl_iostream_usart_init
 .text.sl_iostream_usart_irq_handler
                0x0000000000003bfc       0x30 ./gecko_sdk_4.1.4/platform/service/iostream/src/sl_iostream_usart.o
                0x0000000000003bfc                sl_iostream_usart_irq_handler
 .text.delta_list_insert_timer
                0x0000000000003c2c       0x44 ./gecko_sdk_4.1.4/platform/service/sleeptimer/src/sl_sleeptimer.o
 .text.update_delta_list
                0x0000000000003c70       0x38 ./gecko_sdk_4.1.4/platform/service/sleeptimer/src/sl_sleeptimer.o
 .text.set_comparator_for_next_timer
                0x0000000000003ca8       0x5c ./gecko_sdk_4.1.4/platform/service/sleeptimer/src/sl_sleeptimer.o
 .text.delta_list_remove_timer
                0x0000000000003d04       0x38 ./gecko_sdk_4.1.4/platform/service/sleeptimer/src/sl_sleeptimer.o
 .text.sl_sleeptimer_init
                0x0000000000003d3c       0xa8 ./gecko_sdk_4.1.4/platform/service/sleeptimer/src/sl_sleeptimer.o
                0x0000000000003d3c                sl_sleeptimer_init
 .text.process_timer_irq
                0x0000000000003de4      0x174 ./gecko_sdk_4.1.4/platform/service/sleeptimer/src/sl_sleeptimer.o
                0x0000000000003de4                process_timer_irq
 .text.CMU_PrescToLog2.constprop.0
                0x0000000000003f58        0x4 ./gecko_sdk_4.1.4/platform/service/sleeptimer/src/sl_sleeptimer_hal_rtcc.o
 .text.sleeptimer_hal_init_timer
                0x0000000000003f5c       0x88 ./gecko_sdk_4.1.4/platform/service/sleeptimer/src/sl_sleeptimer_hal_rtcc.o
                0x0000000000003f5c                sleeptimer_hal_init_timer
 .text.sleeptimer_hal_get_counter
                0x0000000000003fe4        0xc ./gecko_sdk_4.1.4/platform/service/sleeptimer/src/sl_sleeptimer_hal_rtcc.o
                0x0000000000003fe4                sleeptimer_hal_get_counter
 .text.sleeptimer_hal_set_compare
                0x0000000000003ff0       0x5c ./gecko_sdk_4.1.4/platform/service/sleeptimer/src/sl_sleeptimer_hal_rtcc.o
                0x0000000000003ff0                sleeptimer_hal_set_compare
 .text.sleeptimer_hal_enable_int
                0x000000000000404c       0x1c ./gecko_sdk_4.1.4/platform/service/sleeptimer/src/sl_sleeptimer_hal_rtcc.o
                0x000000000000404c                sleeptimer_hal_enable_int
 .text.sleeptimer_hal_disable_int
                0x0000000000004068       0x30 ./gecko_sdk_4.1.4/platform/service/sleeptimer/src/sl_sleeptimer_hal_rtcc.o
                0x0000000000004068                sleeptimer_hal_disable_int
 .text.sleeptimer_hal_set_int
                0x0000000000004098       0x10 ./gecko_sdk_4.1.4/platform/service/sleeptimer/src/sl_sleeptimer_hal_rtcc.o
                0x0000000000004098                sleeptimer_hal_set_int
 .text.RTCC_IRQHandler
                0x00000000000040a8       0x30 ./gecko_sdk_4.1.4/platform/service/sleeptimer/src/sl_sleeptimer_hal_rtcc.o
                0x00000000000040a8                RTCC_IRQHandler
 .text.sleeptimer_hal_get_timer_frequency
                0x00000000000040d8       0x18 ./gecko_sdk_4.1.4/platform/service/sleeptimer/src/sl_sleeptimer_hal_rtcc.o
                0x00000000000040d8                sleeptimer_hal_get_timer_frequency
 .text.sl_system_init
                0x00000000000040f0       0x1a ./gecko_sdk_4.1.4/platform/service/system/src/sl_system_init.o
                0x00000000000040f0                sl_system_init
 .text.sl_system_process_action
                0x000000000000410a       0x16 ./gecko_sdk_4.1.4/platform/service/system/src/sl_system_process_action.o
                0x000000000000410a                sl_system_process_action
 .text          0x0000000000004120       0x30 /Applications/Simplicity Studio.app/Contents/Eclipse/developer/toolchains/gnu_arm/10.3_2021.10/bin/../lib/gcc/arm-none-eabi/10.3.1/thumb/v7e-m+fp/softfp/libgcc.a(_aeabi_uldivmod.o)
                0x0000000000004120                __aeabi_uldivmod
 .text          0x0000000000004150      0x2d0 /Applications/Simplicity Studio.app/Contents/Eclipse/developer/toolchains/gnu_arm/10.3_2021.10/bin/../lib/gcc/arm-none-eabi/10.3.1/thumb/v7e-m+fp/softfp/libgcc.a(_udivmoddi4.o)
                0x0000000000004150                __udivmoddi4
 .text          0x0000000000004420        0x4 /Applications/Simplicity Studio.app/Contents/Eclipse/developer/toolchains/gnu_arm/10.3_2021.10/bin/../lib/gcc/arm-none-eabi/10.3.1/thumb/v7e-m+fp/softfp/libgcc.a(_dvmd_tls.o)
                0x0000000000004420                __aeabi_ldiv0
                0x0000000000004420                __aeabi_idiv0
 .text.exit     0x0000000000004424       0x28 /Applications/Simplicity Studio.app/Contents/Eclipse/developer/toolchains/gnu_arm/10.3_2021.10/bin/../lib/gcc/arm-none-eabi/10.3.1/../../../../arm-none-eabi/lib/thumb/v7e-m+fp/softfp/libc_nano.a(lib_a-exit.o)
                0x0000000000004424                exit
 .text.__libc_init_array
                0x000000000000444c       0x48 /Applications/Simplicity Studio.app/Contents/Eclipse/developer/toolchains/gnu_arm/10.3_2021.10/bin/../lib/gcc/arm-none-eabi/10.3.1/../../../../arm-none-eabi/lib/thumb/v7e-m+fp/softfp/libc_nano.a(lib_a-init.o)
                0x000000000000444c                __libc_init_array
 .text.memset   0x0000000000004494       0x10 /Applications/Simplicity Studio.app/Contents/Eclipse/developer/toolchains/gnu_arm/10.3_2021.10/bin/../lib/gcc/arm-none-eabi/10.3.1/../../../../arm-none-eabi/lib/thumb/v7e-m+fp/softfp/libc_nano.a(lib_a-memset.o)
                0x0000000000004494                memset
 .text._free_r  0x00000000000044a4       0x98 /Applications/Simplicity Studio.app/Contents/Eclipse/developer/toolchains/gnu_arm/10.3_2021.10/bin/../lib/gcc/arm-none-eabi/10.3.1/../../../../arm-none-eabi/lib/thumb/v7e-m+fp/softfp/libc_nano.a(lib_a-nano-freer.o)
                0x00000000000044a4                _free_r
 .text.sbrk_aligned
                0x000000000000453c       0x40 /Applications/Simplicity Studio.app/Contents/Eclipse/developer/toolchains/gnu_arm/10.3_2021.10/bin/../lib/gcc/arm-none-eabi/10.3.1/../../../../arm-none-eabi/lib/thumb/v7e-m+fp/softfp/libc_nano.a(lib_a-nano-mallocr.o)
 .text._malloc_r
                0x000000000000457c       0xe8 /Applications/Simplicity Studio.app/Contents/Eclipse/developer/toolchains/gnu_arm/10.3_2021.10/bin/../lib/gcc/arm-none-eabi/10.3.1/../../../../arm-none-eabi/lib/thumb/v7e-m+fp/softfp/libc_nano.a(lib_a-nano-mallocr.o)
                0x000000000000457c                _malloc_r
 .text.printf   0x0000000000004664       0x30 /Applications/Simplicity Studio.app/Contents/Eclipse/developer/toolchains/gnu_arm/10.3_2021.10/bin/../lib/gcc/arm-none-eabi/10.3.1/../../../../arm-none-eabi/lib/thumb/v7e-m+fp/softfp/libc_nano.a(lib_a-printf.o)
                0x0000000000004664                printf
                0x0000000000004664                iprintf
 .text._sbrk_r  0x0000000000004694       0x20 /Applications/Simplicity Studio.app/Contents/Eclipse/developer/toolchains/gnu_arm/10.3_2021.10/bin/../lib/gcc/arm-none-eabi/10.3.1/../../../../arm-none-eabi/lib/thumb/v7e-m+fp/softfp/libc_nano.a(lib_a-sbrkr.o)
                0x0000000000004694                _sbrk_r
 .text.std      0x00000000000046b4       0x48 /Applications/Simplicity Studio.app/Contents/Eclipse/developer/toolchains/gnu_arm/10.3_2021.10/bin/../lib/gcc/arm-none-eabi/10.3.1/../../../../arm-none-eabi/lib/thumb/v7e-m+fp/softfp/libc_nano.a(lib_a-findfp.o)
 .text._cleanup_r
                0x00000000000046fc        0xc /Applications/Simplicity Studio.app/Contents/Eclipse/developer/toolchains/gnu_arm/10.3_2021.10/bin/../lib/gcc/arm-none-eabi/10.3.1/../../../../arm-none-eabi/lib/thumb/v7e-m+fp/softfp/libc_nano.a(lib_a-findfp.o)
                0x00000000000046fc                _cleanup_r
 .text.__sfmoreglue
                0x0000000000004708       0x2c /Applications/Simplicity Studio.app/Contents/Eclipse/developer/toolchains/gnu_arm/10.3_2021.10/bin/../lib/gcc/arm-none-eabi/10.3.1/../../../../arm-none-eabi/lib/thumb/v7e-m+fp/softfp/libc_nano.a(lib_a-findfp.o)
                0x0000000000004708                __sfmoreglue
 .text.__sfp_lock_acquire
                0x0000000000004734        0xc /Applications/Simplicity Studio.app/Contents/Eclipse/developer/toolchains/gnu_arm/10.3_2021.10/bin/../lib/gcc/arm-none-eabi/10.3.1/../../../../arm-none-eabi/lib/thumb/v7e-m+fp/softfp/libc_nano.a(lib_a-findfp.o)
                0x0000000000004734                __sfp_lock_acquire
 .text.__sfp_lock_release
                0x0000000000004740        0xc /Applications/Simplicity Studio.app/Contents/Eclipse/developer/toolchains/gnu_arm/10.3_2021.10/bin/../lib/gcc/arm-none-eabi/10.3.1/../../../../arm-none-eabi/lib/thumb/v7e-m+fp/softfp/libc_nano.a(lib_a-findfp.o)
                0x0000000000004740                __sfp_lock_release
 .text.__sinit_lock_acquire
                0x000000000000474c        0xc /Applications/Simplicity Studio.app/Contents/Eclipse/developer/toolchains/gnu_arm/10.3_2021.10/bin/../lib/gcc/arm-none-eabi/10.3.1/../../../../arm-none-eabi/lib/thumb/v7e-m+fp/softfp/libc_nano.a(lib_a-findfp.o)
                0x000000000000474c                __sinit_lock_acquire
 .text.__sinit_lock_release
                0x0000000000004758        0xc /Applications/Simplicity Studio.app/Contents/Eclipse/developer/toolchains/gnu_arm/10.3_2021.10/bin/../lib/gcc/arm-none-eabi/10.3.1/../../../../arm-none-eabi/lib/thumb/v7e-m+fp/softfp/libc_nano.a(lib_a-findfp.o)
                0x0000000000004758                __sinit_lock_release
 .text.__sinit  0x0000000000004764       0x70 /Applications/Simplicity Studio.app/Contents/Eclipse/developer/toolchains/gnu_arm/10.3_2021.10/bin/../lib/gcc/arm-none-eabi/10.3.1/../../../../arm-none-eabi/lib/thumb/v7e-m+fp/softfp/libc_nano.a(lib_a-findfp.o)
                0x0000000000004764                __sinit
 .text.__sfp    0x00000000000047d4       0x8c /Applications/Simplicity Studio.app/Contents/Eclipse/developer/toolchains/gnu_arm/10.3_2021.10/bin/../lib/gcc/arm-none-eabi/10.3.1/../../../../arm-none-eabi/lib/thumb/v7e-m+fp/softfp/libc_nano.a(lib_a-findfp.o)
                0x00000000000047d4                __sfp
 .text._fwalk_reent
                0x0000000000004860       0x3e /Applications/Simplicity Studio.app/Contents/Eclipse/developer/toolchains/gnu_arm/10.3_2021.10/bin/../lib/gcc/arm-none-eabi/10.3.1/../../../../arm-none-eabi/lib/thumb/v7e-m+fp/softfp/libc_nano.a(lib_a-fwalk.o)
                0x0000000000004860                _fwalk_reent
 .text.__retarget_lock_init_recursive
                0x000000000000489e        0x2 /Applications/Simplicity Studio.app/Contents/Eclipse/developer/toolchains/gnu_arm/10.3_2021.10/bin/../lib/gcc/arm-none-eabi/10.3.1/../../../../arm-none-eabi/lib/thumb/v7e-m+fp/softfp/libc_nano.a(lib_a-lock.o)
                0x000000000000489e                __retarget_lock_init_recursive
 .text.__retarget_lock_acquire_recursive
                0x00000000000048a0        0x2 /Applications/Simplicity Studio.app/Contents/Eclipse/developer/toolchains/gnu_arm/10.3_2021.10/bin/../lib/gcc/arm-none-eabi/10.3.1/../../../../arm-none-eabi/lib/thumb/v7e-m+fp/softfp/libc_nano.a(lib_a-lock.o)
                0x00000000000048a0                __retarget_lock_acquire_recursive
 .text.__retarget_lock_release_recursive
                0x00000000000048a2        0x2 /Applications/Simplicity Studio.app/Contents/Eclipse/developer/toolchains/gnu_arm/10.3_2021.10/bin/../lib/gcc/arm-none-eabi/10.3.1/../../../../arm-none-eabi/lib/thumb/v7e-m+fp/softfp/libc_nano.a(lib_a-lock.o)
                0x00000000000048a2                __retarget_lock_release_recursive
 .text.__malloc_lock
                0x00000000000048a4        0xc /Applications/Simplicity Studio.app/Contents/Eclipse/developer/toolchains/gnu_arm/10.3_2021.10/bin/../lib/gcc/arm-none-eabi/10.3.1/../../../../arm-none-eabi/lib/thumb/v7e-m+fp/softfp/libc_nano.a(lib_a-mlock.o)
                0x00000000000048a4                __malloc_lock
 .text.__malloc_unlock
                0x00000000000048b0        0xc /Applications/Simplicity Studio.app/Contents/Eclipse/developer/toolchains/gnu_arm/10.3_2021.10/bin/../lib/gcc/arm-none-eabi/10.3.1/../../../../arm-none-eabi/lib/thumb/v7e-m+fp/softfp/libc_nano.a(lib_a-mlock.o)
                0x00000000000048b0                __malloc_unlock
 .text.__sfputc_r
                0x00000000000048bc       0x2e /Applications/Simplicity Studio.app/Contents/Eclipse/developer/toolchains/gnu_arm/10.3_2021.10/bin/../lib/gcc/arm-none-eabi/10.3.1/../../../../arm-none-eabi/lib/thumb/v7e-m+fp/softfp/libc_nano.a(lib_a-nano-vfprintf.o)
 .text.__sfputs_r
                0x00000000000048ea       0x24 /Applications/Simplicity Studio.app/Contents/Eclipse/developer/toolchains/gnu_arm/10.3_2021.10/bin/../lib/gcc/arm-none-eabi/10.3.1/../../../../arm-none-eabi/lib/thumb/v7e-m+fp/softfp/libc_nano.a(lib_a-nano-vfprintf.o)
                0x00000000000048ea                __sfputs_r
 *fill*         0x000000000000490e        0x2 
 .text._vfprintf_r
                0x0000000000004910      0x260 /Applications/Simplicity Studio.app/Contents/Eclipse/developer/toolchains/gnu_arm/10.3_2021.10/bin/../lib/gcc/arm-none-eabi/10.3.1/../../../../arm-none-eabi/lib/thumb/v7e-m+fp/softfp/libc_nano.a(lib_a-nano-vfprintf.o)
                0x0000000000004910                _vfiprintf_r
                0x0000000000004910                _vfprintf_r
 .text._printf_common
                0x0000000000004b70       0xda /Applications/Simplicity Studio.app/Contents/Eclipse/developer/toolchains/gnu_arm/10.3_2021.10/bin/../lib/gcc/arm-none-eabi/10.3.1/../../../../arm-none-eabi/lib/thumb/v7e-m+fp/softfp/libc_nano.a(lib_a-nano-vfprintf_i.o)
                0x0000000000004b70                _printf_common
 *fill*         0x0000000000004c4a        0x2 
 .text._printf_i
                0x0000000000004c4c      0x24c /Applications/Simplicity Studio.app/Contents/Eclipse/developer/toolchains/gnu_arm/10.3_2021.10/bin/../lib/gcc/arm-none-eabi/10.3.1/../../../../arm-none-eabi/lib/thumb/v7e-m+fp/softfp/libc_nano.a(lib_a-nano-vfprintf_i.o)
                0x0000000000004c4c                _printf_i
 .text.__sread  0x0000000000004e98       0x22 /Applications/Simplicity Studio.app/Contents/Eclipse/developer/toolchains/gnu_arm/10.3_2021.10/bin/../lib/gcc/arm-none-eabi/10.3.1/../../../../arm-none-eabi/lib/thumb/v7e-m+fp/softfp/libc_nano.a(lib_a-stdio.o)
                0x0000000000004e98                __sread
 .text.__swrite
                0x0000000000004eba       0x38 /Applications/Simplicity Studio.app/Contents/Eclipse/developer/toolchains/gnu_arm/10.3_2021.10/bin/../lib/gcc/arm-none-eabi/10.3.1/../../../../arm-none-eabi/lib/thumb/v7e-m+fp/softfp/libc_nano.a(lib_a-stdio.o)
                0x0000000000004eba                __swrite
 .text.__sseek  0x0000000000004ef2       0x24 /Applications/Simplicity Studio.app/Contents/Eclipse/developer/toolchains/gnu_arm/10.3_2021.10/bin/../lib/gcc/arm-none-eabi/10.3.1/../../../../arm-none-eabi/lib/thumb/v7e-m+fp/softfp/libc_nano.a(lib_a-stdio.o)
                0x0000000000004ef2                __sseek
 .text.__sclose
                0x0000000000004f16        0x8 /Applications/Simplicity Studio.app/Contents/Eclipse/developer/toolchains/gnu_arm/10.3_2021.10/bin/../lib/gcc/arm-none-eabi/10.3.1/../../../../arm-none-eabi/lib/thumb/v7e-m+fp/softfp/libc_nano.a(lib_a-stdio.o)
                0x0000000000004f16                __sclose
 *fill*         0x0000000000004f1e        0x2 
 .text.__swbuf_r
                0x0000000000004f20       0xa4 /Applications/Simplicity Studio.app/Contents/Eclipse/developer/toolchains/gnu_arm/10.3_2021.10/bin/../lib/gcc/arm-none-eabi/10.3.1/../../../../arm-none-eabi/lib/thumb/v7e-m+fp/softfp/libc_nano.a(lib_a-wbuf.o)
                0x0000000000004f20                __swbuf_r
 .text._write_r
                0x0000000000004fc4       0x24 /Applications/Simplicity Studio.app/Contents/Eclipse/developer/toolchains/gnu_arm/10.3_2021.10/bin/../lib/gcc/arm-none-eabi/10.3.1/../../../../arm-none-eabi/lib/thumb/v7e-m+fp/softfp/libc_nano.a(lib_a-writer.o)
                0x0000000000004fc4                _write_r
 .text.__swsetup_r
                0x0000000000004fe8       0xdc /Applications/Simplicity Studio.app/Contents/Eclipse/developer/toolchains/gnu_arm/10.3_2021.10/bin/../lib/gcc/arm-none-eabi/10.3.1/../../../../arm-none-eabi/lib/thumb/v7e-m+fp/softfp/libc_nano.a(lib_a-wsetup.o)
                0x0000000000004fe8                __swsetup_r
 .text._close_r
                0x00000000000050c4       0x20 /Applications/Simplicity Studio.app/Contents/Eclipse/developer/toolchains/gnu_arm/10.3_2021.10/bin/../lib/gcc/arm-none-eabi/10.3.1/../../../../arm-none-eabi/lib/thumb/v7e-m+fp/softfp/libc_nano.a(lib_a-closer.o)
                0x00000000000050c4                _close_r
 .text.__sflush_r
                0x00000000000050e4      0x10c /Applications/Simplicity Studio.app/Contents/Eclipse/developer/toolchains/gnu_arm/10.3_2021.10/bin/../lib/gcc/arm-none-eabi/10.3.1/../../../../arm-none-eabi/lib/thumb/v7e-m+fp/softfp/libc_nano.a(lib_a-fflush.o)
                0x00000000000050e4                __sflush_r
 .text._fflush_r
                0x00000000000051f0       0x78 /Applications/Simplicity Studio.app/Contents/Eclipse/developer/toolchains/gnu_arm/10.3_2021.10/bin/../lib/gcc/arm-none-eabi/10.3.1/../../../../arm-none-eabi/lib/thumb/v7e-m+fp/softfp/libc_nano.a(lib_a-fflush.o)
                0x00000000000051f0                _fflush_r
 .text._lseek_r
                0x0000000000005268       0x24 /Applications/Simplicity Studio.app/Contents/Eclipse/developer/toolchains/gnu_arm/10.3_2021.10/bin/../lib/gcc/arm-none-eabi/10.3.1/../../../../arm-none-eabi/lib/thumb/v7e-m+fp/softfp/libc_nano.a(lib_a-lseekr.o)
                0x0000000000005268                _lseek_r
 .text.__swhatbuf_r
                0x000000000000528c       0x4a /Applications/Simplicity Studio.app/Contents/Eclipse/developer/toolchains/gnu_arm/10.3_2021.10/bin/../lib/gcc/arm-none-eabi/10.3.1/../../../../arm-none-eabi/lib/thumb/v7e-m+fp/softfp/libc_nano.a(lib_a-makebuf.o)
                0x000000000000528c                __swhatbuf_r
 *fill*         0x00000000000052d6        0x2 
 .text.__smakebuf_r
                0x00000000000052d8       0x80 /Applications/Simplicity Studio.app/Contents/Eclipse/developer/toolchains/gnu_arm/10.3_2021.10/bin/../lib/gcc/arm-none-eabi/10.3.1/../../../../arm-none-eabi/lib/thumb/v7e-m+fp/softfp/libc_nano.a(lib_a-makebuf.o)
                0x00000000000052d8                __smakebuf_r
 *fill*         0x0000000000005358        0x8 
 .text          0x0000000000005360       0xa0 /Applications/Simplicity Studio.app/Contents/Eclipse/developer/toolchains/gnu_arm/10.3_2021.10/bin/../lib/gcc/arm-none-eabi/10.3.1/../../../../arm-none-eabi/lib/thumb/v7e-m+fp/softfp/libc_nano.a(lib_a-memchr.o)
                0x0000000000005360                memchr
 .text._read_r  0x0000000000005400       0x24 /Applications/Simplicity Studio.app/Contents/Eclipse/developer/toolchains/gnu_arm/10.3_2021.10/bin/../lib/gcc/arm-none-eabi/10.3.1/../../../../arm-none-eabi/lib/thumb/v7e-m+fp/softfp/libc_nano.a(lib_a-readr.o)
                0x0000000000005400                _read_r
 .text._fstat_r
                0x0000000000005424       0x24 /Applications/Simplicity Studio.app/Contents/Eclipse/developer/toolchains/gnu_arm/10.3_2021.10/bin/../lib/gcc/arm-none-eabi/10.3.1/../../../../arm-none-eabi/lib/thumb/v7e-m+fp/softfp/libc_nano.a(lib_a-fstatr.o)
                0x0000000000005424                _fstat_r
 .text._isatty_r
                0x0000000000005448       0x20 /Applications/Simplicity Studio.app/Contents/Eclipse/developer/toolchains/gnu_arm/10.3_2021.10/bin/../lib/gcc/arm-none-eabi/10.3.1/../../../../arm-none-eabi/lib/thumb/v7e-m+fp/softfp/libc_nano.a(lib_a-isattyr.o)
                0x0000000000005448                _isatty_r
                0x0000000000005468                linker_code_end = .
 *(.init)
 .init          0x0000000000005468        0x4 /Applications/Simplicity Studio.app/Contents/Eclipse/developer/toolchains/gnu_arm/10.3_2021.10/bin/../lib/gcc/arm-none-eabi/10.3.1/thumb/v7e-m+fp/softfp/crti.o
                0x0000000000005468                _init
 .init          0x000000000000546c        0x8 /Applications/Simplicity Studio.app/Contents/Eclipse/developer/toolchains/gnu_arm/10.3_2021.10/bin/../lib/gcc/arm-none-eabi/10.3.1/thumb/v7e-m+fp/softfp/crtn.o
 *(.fini)
 .fini          0x0000000000005474        0x4 /Applications/Simplicity Studio.app/Contents/Eclipse/developer/toolchains/gnu_arm/10.3_2021.10/bin/../lib/gcc/arm-none-eabi/10.3.1/thumb/v7e-m+fp/softfp/crti.o
                0x0000000000005474                _fini
 .fini          0x0000000000005478        0x8 /Applications/Simplicity Studio.app/Contents/Eclipse/developer/toolchains/gnu_arm/10.3_2021.10/bin/../lib/gcc/arm-none-eabi/10.3.1/thumb/v7e-m+fp/softfp/crtn.o
 *crtbegin.o(.ctors)
 *crtbegin?.o(.ctors)
 *(EXCLUDE_FILE(*crtend.o *crtend?.o) .ctors)
 *(SORT_BY_NAME(.ctors.*))
 *(.ctors)
 *crtbegin.o(.dtors)
 *crtbegin?.o(.dtors)
 *(EXCLUDE_FILE(*crtend.o *crtend?.o) .dtors)
 *(SORT_BY_NAME(.dtors.*))
 *(.dtors)
 *(.rodata*)
 .rodata.check_fs.str1.1
                0x0000000000005480        0xc ./FatFS/ff.o
 .rodata        0x000000000000548c       0x1c ./microsd.o
 .rodata.init_mount_sd_open_csv.str1.1
                0x00000000000054a8       0x30 ./mod_sd_sim.o
                                         0x31 (size before relaxing)
 .rodata.sl_iostream_usart_init_vcom.str1.1
                0x00000000000054d8       0x2e ./autogen/sl_iostream_init_usart_instances.o
 *fill*         0x0000000000005506        0x2 
 .rodata        0x0000000000005508       0x40 ./autogen/sl_iostream_init_usart_instances.o
 .rodata.CSWTCH.3
                0x0000000000005548       0x20 ./gecko_sdk_4.1.4/platform/Device/SiliconLabs/EFM32GG11B/Source/system_efm32gg11b.o
 .rodata.flashWaitStateControl.str1.1
                0x0000000000005568       0x4e ./gecko_sdk_4.1.4/platform/emlib/src/em_cmu.o
 .rodata.SL_Log2ToDiv.str1.1
                0x00000000000055b6       0x53 ./gecko_sdk_4.1.4/platform/emlib/src/em_cmu.o
 .rodata.CMU_PrescToLog2.str1.1
                0x0000000000005609       0x4f ./gecko_sdk_4.1.4/platform/emlib/src/em_cmu.o
 .rodata.CSWTCH.61
                0x0000000000005658        0x6 ./gecko_sdk_4.1.4/platform/emlib/src/em_cmu.o
 .rodata.CSWTCH.62
                0x000000000000565e        0x4 ./gecko_sdk_4.1.4/platform/emlib/src/em_cmu.o
 .rodata.CSWTCH.63
                0x0000000000005662        0x4 ./gecko_sdk_4.1.4/platform/emlib/src/em_cmu.o
 .rodata.CSWTCH.66
                0x0000000000005666        0x6 ./gecko_sdk_4.1.4/platform/emlib/src/em_cmu.o
 .rodata.CSWTCH.89
                0x000000000000566c        0x6 ./gecko_sdk_4.1.4/platform/emlib/src/em_cmu.o
 .rodata.CSWTCH.90
                0x0000000000005672        0x6 ./gecko_sdk_4.1.4/platform/emlib/src/em_cmu.o
 .rodata.CSWTCH.91
                0x0000000000005678        0xc ./gecko_sdk_4.1.4/platform/emlib/src/em_cmu.o
 .rodata.CSWTCH.92
                0x0000000000005684        0xc ./gecko_sdk_4.1.4/platform/emlib/src/em_cmu.o
 .rodata.CSWTCH.96
                0x0000000000005690        0x3 ./gecko_sdk_4.1.4/platform/emlib/src/em_cmu.o
 *fill*         0x0000000000005693        0x1 
 .rodata.flashWsTable
                0x0000000000005694       0x38 ./gecko_sdk_4.1.4/platform/emlib/src/em_cmu.o
 .rodata.lpGetDevinfoVrefLowHigh.str1.1
                0x00000000000056cc       0x4e ./gecko_sdk_4.1.4/platform/emlib/src/em_emu.o
 .rodata.GPIO_PinOutSet.str1.1
                0x000000000000571a       0x50 ./gecko_sdk_4.1.4/platform/emlib/src/em_gpio.o
 .rodata.GPIO_DbgLocationSet.str1.1
                0x000000000000576a       0x4f ./gecko_sdk_4.1.4/platform/emlib/src/em_gpio.o
 .rodata.RTCC_ChannelInit.str1.1
                0x00000000000057b9       0x4f ./gecko_sdk_4.1.4/platform/emlib/src/em_rtcc.o
 .rodata.USART_BaudrateAsyncSet.str1.1
                0x0000000000005808       0x50 ./gecko_sdk_4.1.4/platform/emlib/src/em_usart.o
 .rodata        0x0000000000005858       0x10 ./gecko_sdk_4.1.4/platform/service/device_init/src/sl_device_init_dcdc_s1.o
 .rodata        0x0000000000005868        0xc ./gecko_sdk_4.1.4/platform/service/device_init/src/sl_device_init_hfxo_s1.o
 .rodata        0x0000000000005874        0x4 ./gecko_sdk_4.1.4/platform/service/device_init/src/sl_device_init_lfxo_s1.o
 .rodata._write.str1.1
                0x0000000000005878       0x6d ./gecko_sdk_4.1.4/platform/service/iostream/src/sl_iostream_retarget_stdio.o
 .rodata.sli_uart_push_rxd_data.str1.1
                0x00000000000058e5       0x63 ./gecko_sdk_4.1.4/platform/service/iostream/src/sl_iostream_uart.o
 .rodata.process_timer_irq.str1.1
                0x0000000000005948       0x62 ./gecko_sdk_4.1.4/platform/service/sleeptimer/src/sl_sleeptimer.o
 .rodata        0x00000000000059aa       0x11 ./gecko_sdk_4.1.4/platform/service/sleeptimer/src/sl_sleeptimer_hal_rtcc.o
 *fill*         0x00000000000059bb        0x1 
 .rodata._global_impure_ptr
                0x00000000000059bc        0x4 /Applications/Simplicity Studio.app/Contents/Eclipse/developer/toolchains/gnu_arm/10.3_2021.10/bin/../lib/gcc/arm-none-eabi/10.3.1/../../../../arm-none-eabi/lib/thumb/v7e-m+fp/softfp/libc_nano.a(lib_a-impure.o)
                0x00000000000059bc                _global_impure_ptr
 .rodata.__sf_fake_stderr
                0x00000000000059c0       0x20 /Applications/Simplicity Studio.app/Contents/Eclipse/developer/toolchains/gnu_arm/10.3_2021.10/bin/../lib/gcc/arm-none-eabi/10.3.1/../../../../arm-none-eabi/lib/thumb/v7e-m+fp/softfp/libc_nano.a(lib_a-findfp.o)
                0x00000000000059c0                __sf_fake_stderr
 .rodata.__sf_fake_stdin
                0x00000000000059e0       0x20 /Applications/Simplicity Studio.app/Contents/Eclipse/developer/toolchains/gnu_arm/10.3_2021.10/bin/../lib/gcc/arm-none-eabi/10.3.1/../../../../arm-none-eabi/lib/thumb/v7e-m+fp/softfp/libc_nano.a(lib_a-findfp.o)
                0x00000000000059e0                __sf_fake_stdin
 .rodata.__sf_fake_stdout
                0x0000000000005a00       0x20 /Applications/Simplicity Studio.app/Contents/Eclipse/developer/toolchains/gnu_arm/10.3_2021.10/bin/../lib/gcc/arm-none-eabi/10.3.1/../../../../arm-none-eabi/lib/thumb/v7e-m+fp/softfp/libc_nano.a(lib_a-findfp.o)
                0x0000000000005a00                __sf_fake_stdout
 .rodata._vfprintf_r.str1.1
                0x0000000000005a20       0x11 /Applications/Simplicity Studio.app/Contents/Eclipse/developer/toolchains/gnu_arm/10.3_2021.10/bin/../lib/gcc/arm-none-eabi/10.3.1/../../../../arm-none-eabi/lib/thumb/v7e-m+fp/softfp/libc_nano.a(lib_a-nano-vfprintf.o)
 .rodata._printf_i.str1.1
                0x0000000000005a31       0x22 /Applications/Simplicity Studio.app/Contents/Eclipse/developer/toolchains/gnu_arm/10.3_2021.10/bin/../lib/gcc/arm-none-eabi/10.3.1/../../../../arm-none-eabi/lib/thumb/v7e-m+fp/softfp/libc_nano.a(lib_a-nano-vfprintf_i.o)
 *(.eh_frame*)
 *fill*         0x0000000000005a53        0x1 
 .eh_frame      0x0000000000005a54        0x0 /Applications/Simplicity Studio.app/Contents/Eclipse/developer/toolchains/gnu_arm/10.3_2021.10/bin/../lib/gcc/arm-none-eabi/10.3.1/thumb/v7e-m+fp/softfp/crtbegin.o

.glue_7         0x0000000000005a54        0x0
 .glue_7        0x0000000000005a54        0x0 linker stubs

.glue_7t        0x0000000000005a54        0x0
 .glue_7t       0x0000000000005a54        0x0 linker stubs

.vfp11_veneer   0x0000000000005a54        0x0
 .vfp11_veneer  0x0000000000005a54        0x0 linker stubs

.v4_bx          0x0000000000005a54        0x0
 .v4_bx         0x0000000000005a54        0x0 linker stubs

.iplt           0x0000000000005a54        0x0
 .iplt          0x0000000000005a54        0x0 /Applications/Simplicity Studio.app/Contents/Eclipse/developer/toolchains/gnu_arm/10.3_2021.10/bin/../lib/gcc/arm-none-eabi/10.3.1/thumb/v7e-m+fp/softfp/crtbegin.o

.ARM.extab
 *(.ARM.extab* .gnu.linkonce.armextab.*)
                0x0000000000005a54                __exidx_start = .

.ARM.exidx      0x0000000000005a54        0x8
 *(.ARM.exidx* .gnu.linkonce.armexidx.*)
 .ARM.exidx     0x0000000000005a54        0x8 /Applications/Simplicity Studio.app/Contents/Eclipse/developer/toolchains/gnu_arm/10.3_2021.10/bin/../lib/gcc/arm-none-eabi/10.3.1/../../../../arm-none-eabi/lib/thumb/v7e-m+fp/softfp/crt0.o
                                         0x10 (size before relaxing)
 .ARM.exidx     0x0000000000005a5c        0x0 /Applications/Simplicity Studio.app/Contents/Eclipse/developer/toolchains/gnu_arm/10.3_2021.10/bin/../lib/gcc/arm-none-eabi/10.3.1/thumb/v7e-m+fp/softfp/libgcc.a(_udivmoddi4.o)
                                          0x8 (size before relaxing)
                0x0000000000005a5c                __exidx_end = .

.rel.dyn        0x0000000000005a5c        0x0
 .rel.iplt      0x0000000000005a5c        0x0 /Applications/Simplicity Studio.app/Contents/Eclipse/developer/toolchains/gnu_arm/10.3_2021.10/bin/../lib/gcc/arm-none-eabi/10.3.1/thumb/v7e-m+fp/softfp/crtbegin.o

.copy.table     0x0000000000005a5c        0xc
                0x0000000000005a5c                . = ALIGN (0x4)
                0x0000000000005a5c                __copy_table_start__ = .
                0x0000000000005a5c        0x4 LONG 0x5a68 __etext
                0x0000000000005a60        0x4 LONG 0x20001000 __data_start__
                0x0000000000005a64        0x4 LONG 0x25 ((__data_end__ - __data_start__) / 0x4)
                0x0000000000005a68                __copy_table_end__ = .

.zero.table     0x0000000000005a68        0x0
                0x0000000000005a68                . = ALIGN (0x4)
                0x0000000000005a68                __zero_table_start__ = .
                0x0000000000005a68                __zero_table_end__ = .
                0x0000000000005a68                __etext = .
                0x0000000020000000                . = ORIGIN (RAM)

.stack          0x0000000020000000     0x1000
                0x0000000020000000                __StackLimit = .
 *(.stack*)
 .stack         0x0000000020000000     0x1000 ./gecko_sdk_4.1.4/platform/common/toolchain/src/sl_memory.o
                0x0000000020001000                . = ALIGN (0x4)
                0x0000000020001000                __StackTop = .
                0x0000000020001000                PROVIDE (__stack = __StackTop)

.noinit
 *(.noinit*)

.data           0x0000000020001000       0x94 load address 0x0000000000005a68
                0x0000000020001000                . = ALIGN (0x4)
                0x0000000020001000                __data_start__ = .
 *(vtable)
 *(.data*)
 .data.stat     0x0000000020001000        0x1 ./FatFS/diskio.o
 *fill*         0x0000000020001001        0x3 
 .data.SystemCoreClock
                0x0000000020001004        0x4 ./gecko_sdk_4.1.4/platform/Device/SiliconLabs/EFM32GG11B/Source/system_efm32gg11b.o
                0x0000000020001004                SystemCoreClock
 .data.SystemHFXOClock
                0x0000000020001008        0x4 ./gecko_sdk_4.1.4/platform/Device/SiliconLabs/EFM32GG11B/Source/system_efm32gg11b.o
 .data.SystemHfrcoFreq
                0x000000002000100c        0x4 ./gecko_sdk_4.1.4/platform/Device/SiliconLabs/EFM32GG11B/Source/system_efm32gg11b.o
                0x000000002000100c                SystemHfrcoFreq
 .data.SystemLFXOClock
                0x0000000020001010        0x4 ./gecko_sdk_4.1.4/platform/Device/SiliconLabs/EFM32GG11B/Source/system_efm32gg11b.o
 .data.heap_end.0
                0x0000000020001014        0x4 ./gecko_sdk_4.1.4/platform/common/toolchain/src/sl_memory.o
 .data.auxHfrcoFreq
                0x0000000020001018        0x4 ./gecko_sdk_4.1.4/platform/emlib/src/em_cmu.o
 .data.lfxo_precision
                0x000000002000101c        0x2 ./gecko_sdk_4.1.4/platform/emlib/src/em_cmu.o
 *fill*         0x000000002000101e        0x2 
 .data.ushfrcoFreq
                0x0000000020001020        0x4 ./gecko_sdk_4.1.4/platform/emlib/src/em_cmu.o
 .data.cc_disabled
                0x0000000020001024        0x1 ./gecko_sdk_4.1.4/platform/service/sleeptimer/src/sl_sleeptimer_hal_rtcc.o
 *fill*         0x0000000020001025        0x3 
 .data._impure_ptr
                0x0000000020001028        0x4 /Applications/Simplicity Studio.app/Contents/Eclipse/developer/toolchains/gnu_arm/10.3_2021.10/bin/../lib/gcc/arm-none-eabi/10.3.1/../../../../arm-none-eabi/lib/thumb/v7e-m+fp/softfp/libc_nano.a(lib_a-impure.o)
                0x0000000020001028                _impure_ptr
 .data.impure_data
                0x000000002000102c       0x60 /Applications/Simplicity Studio.app/Contents/Eclipse/developer/toolchains/gnu_arm/10.3_2021.10/bin/../lib/gcc/arm-none-eabi/10.3.1/../../../../arm-none-eabi/lib/thumb/v7e-m+fp/softfp/libc_nano.a(lib_a-impure.o)
                0x000000002000108c                . = ALIGN (0x4)
                [!provide]                        PROVIDE (__ram_func_section_start = .)
 *(.ram)
                [!provide]                        PROVIDE (__ram_func_section_end = .)
                0x000000002000108c                . = ALIGN (0x4)
                0x000000002000108c                PROVIDE (__preinit_array_start = .)
 *(.preinit_array)
                0x000000002000108c                PROVIDE (__preinit_array_end = .)
                0x000000002000108c                . = ALIGN (0x4)
                0x000000002000108c                PROVIDE (__init_array_start = .)
 *(SORT_BY_NAME(.init_array.*))
 *(.init_array)
 .init_array    0x000000002000108c        0x4 /Applications/Simplicity Studio.app/Contents/Eclipse/developer/toolchains/gnu_arm/10.3_2021.10/bin/../lib/gcc/arm-none-eabi/10.3.1/thumb/v7e-m+fp/softfp/crtbegin.o
                0x0000000020001090                PROVIDE (__init_array_end = .)
                0x0000000020001090                . = ALIGN (0x4)
                [!provide]                        PROVIDE (__fini_array_start = .)
 *(SORT_BY_NAME(.fini_array.*))
 *(.fini_array)
 .fini_array    0x0000000020001090        0x4 /Applications/Simplicity Studio.app/Contents/Eclipse/developer/toolchains/gnu_arm/10.3_2021.10/bin/../lib/gcc/arm-none-eabi/10.3.1/thumb/v7e-m+fp/softfp/crtbegin.o
                [!provide]                        PROVIDE (__fini_array_end = .)
                0x0000000020001094                . = ALIGN (0x4)
                0x0000000020001094                __data_end__ = .

.igot.plt       0x0000000020001094        0x0 load address 0x0000000000005afc
 .igot.plt      0x0000000020001094        0x0 /Applications/Simplicity Studio.app/Contents/Eclipse/developer/toolchains/gnu_arm/10.3_2021.10/bin/../lib/gcc/arm-none-eabi/10.3.1/thumb/v7e-m+fp/softfp/crtbegin.o

.bss            0x0000000020001094      0x328 load address 0x0000000000005afc
                0x0000000020001094                . = ALIGN (0x4)
                0x0000000020001094                __bss_start__ = .
 *(.bss*)
 .bss           0x0000000020001094       0x1c /Applications/Simplicity Studio.app/Contents/Eclipse/developer/toolchains/gnu_arm/10.3_2021.10/bin/../lib/gcc/arm-none-eabi/10.3.1/thumb/v7e-m+fp/softfp/crtbegin.o
 .bss.CardType  0x00000000200010b0        0x4 ./FatFS/diskio.o
 .bss.FatFs     0x00000000200010b4        0x4 ./FatFS/ff.o
 .bss.Fsid      0x00000000200010b8        0x2 ./FatFS/ff.o
 *fill*         0x00000000200010ba        0x2 
 .bss.timeOut   0x00000000200010bc        0x4 ./microsd.o
 .bss.xfersPrMsec
                0x00000000200010c0        0x4 ./microsd.o
 .bss.fat_fs    0x00000000200010c4      0x238 ./mod_sd_sim.o
 .bss.context_vcom
                0x00000000200012fc       0x40 ./autogen/sl_iostream_init_usart_instances.o
 .bss.rx_buffer_vcom
                0x000000002000133c       0x20 ./autogen/sl_iostream_init_usart_instances.o
 .bss.sl_iostream_vcom
                0x000000002000135c       0x18 ./autogen/sl_iostream_init_usart_instances.o
 .bss.dcdcEm01LoadCurrent_mA
                0x0000000020001374        0x2 ./gecko_sdk_4.1.4/platform/emlib/src/em_emu.o
 .bss.dcdcMaxCurrent_mA
                0x0000000020001376        0x2 ./gecko_sdk_4.1.4/platform/emlib/src/em_emu.o
 .bss.dcdcReverseCurrentControl
                0x0000000020001378        0x2 ./gecko_sdk_4.1.4/platform/emlib/src/em_emu.o
 .bss.vScaleEM01Config
                0x000000002000137a        0x1 ./gecko_sdk_4.1.4/platform/emlib/src/em_emu.o
 *fill*         0x000000002000137b        0x1 
 .bss.sli_iostream_default
                0x000000002000137c        0x4 ./gecko_sdk_4.1.4/platform/service/iostream/src/sl_iostream.o
 .bss.calculated_sec_count
                0x0000000020001380        0x4 ./gecko_sdk_4.1.4/platform/service/sleeptimer/src/sl_sleeptimer.o
 .bss.calculated_tick_rest
                0x0000000020001384        0x4 ./gecko_sdk_4.1.4/platform/service/sleeptimer/src/sl_sleeptimer.o
 .bss.is_sleeptimer_initialized
                0x0000000020001388        0x1 ./gecko_sdk_4.1.4/platform/service/sleeptimer/src/sl_sleeptimer.o
 *fill*         0x0000000020001389        0x3 
 .bss.last_delta_update_count
                0x000000002000138c        0x4 ./gecko_sdk_4.1.4/platform/service/sleeptimer/src/sl_sleeptimer.o
 .bss.max_millisecond_conversion
                0x0000000020001390        0x4 ./gecko_sdk_4.1.4/platform/service/sleeptimer/src/sl_sleeptimer.o
 .bss.next_timer_to_expire_is_power_manager
                0x0000000020001394        0x1 ./gecko_sdk_4.1.4/platform/service/sleeptimer/src/sl_sleeptimer.o
 *fill*         0x0000000020001395        0x1 
 .bss.overflow_counter
                0x0000000020001396        0x2 ./gecko_sdk_4.1.4/platform/service/sleeptimer/src/sl_sleeptimer.o
 .bss.overflow_tick_rest
                0x0000000020001398        0x4 ./gecko_sdk_4.1.4/platform/service/sleeptimer/src/sl_sleeptimer.o
 .bss.second_count
                0x000000002000139c        0x4 ./gecko_sdk_4.1.4/platform/service/sleeptimer/src/sl_sleeptimer.o
 .bss.sleep_on_isr_exit
                0x00000000200013a0        0x1 ./gecko_sdk_4.1.4/platform/service/sleeptimer/src/sl_sleeptimer.o
 *fill*         0x00000000200013a1        0x3 
 .bss.timer_frequency
                0x00000000200013a4        0x4 ./gecko_sdk_4.1.4/platform/service/sleeptimer/src/sl_sleeptimer.o
 .bss.timer_head
                0x00000000200013a8        0x4 ./gecko_sdk_4.1.4/platform/service/sleeptimer/src/sl_sleeptimer.o
 .bss.__malloc_free_list
                0x00000000200013ac        0x4 /Applications/Simplicity Studio.app/Contents/Eclipse/developer/toolchains/gnu_arm/10.3_2021.10/bin/../lib/gcc/arm-none-eabi/10.3.1/../../../../arm-none-eabi/lib/thumb/v7e-m+fp/softfp/libc_nano.a(lib_a-nano-mallocr.o)
                0x00000000200013ac                __malloc_free_list
 .bss.__malloc_sbrk_start
                0x00000000200013b0        0x4 /Applications/Simplicity Studio.app/Contents/Eclipse/developer/toolchains/gnu_arm/10.3_2021.10/bin/../lib/gcc/arm-none-eabi/10.3.1/../../../../arm-none-eabi/lib/thumb/v7e-m+fp/softfp/libc_nano.a(lib_a-nano-mallocr.o)
                0x00000000200013b0                __malloc_sbrk_start
 .bss.__lock___malloc_recursive_mutex
                0x00000000200013b4        0x1 /Applications/Simplicity Studio.app/Contents/Eclipse/developer/toolchains/gnu_arm/10.3_2021.10/bin/../lib/gcc/arm-none-eabi/10.3.1/../../../../arm-none-eabi/lib/thumb/v7e-m+fp/softfp/libc_nano.a(lib_a-lock.o)
                0x00000000200013b4                __lock___malloc_recursive_mutex
 .bss.__lock___sfp_recursive_mutex
                0x00000000200013b5        0x1 /Applications/Simplicity Studio.app/Contents/Eclipse/developer/toolchains/gnu_arm/10.3_2021.10/bin/../lib/gcc/arm-none-eabi/10.3.1/../../../../arm-none-eabi/lib/thumb/v7e-m+fp/softfp/libc_nano.a(lib_a-lock.o)
                0x00000000200013b5                __lock___sfp_recursive_mutex
 .bss.__lock___sinit_recursive_mutex
                0x00000000200013b6        0x1 /Applications/Simplicity Studio.app/Contents/Eclipse/developer/toolchains/gnu_arm/10.3_2021.10/bin/../lib/gcc/arm-none-eabi/10.3.1/../../../../arm-none-eabi/lib/thumb/v7e-m+fp/softfp/libc_nano.a(lib_a-lock.o)
                0x00000000200013b6                __lock___sinit_recursive_mutex
 *fill*         0x00000000200013b7        0x1 
 .bss.errno     0x00000000200013b8        0x4 /Applications/Simplicity Studio.app/Contents/Eclipse/developer/toolchains/gnu_arm/10.3_2021.10/bin/../lib/gcc/arm-none-eabi/10.3.1/../../../../arm-none-eabi/lib/thumb/v7e-m+fp/softfp/libc_nano.a(lib_a-reent.o)
                0x00000000200013b8                errno
 *(COMMON)
                0x00000000200013bc                . = ALIGN (0x4)
                0x00000000200013bc                __bss_end__ = .

.heap           0x00000000200013c0    0x7ec40
                0x00000000200013c0                __HeapBase = .
                0x00000000200013c0                __end__ = .
                0x00000000200013c0                end = __end__
                0x00000000200013c0                _end = __end__
 *(.heap*)
 .heap          0x00000000200013c0      0x800 ./gecko_sdk_4.1.4/platform/common/toolchain/src/sl_memory.o
                0x0000000020080000                . = (ORIGIN (RAM) + LENGTH (RAM))
 *fill*         0x0000000020001bc0    0x7e440 
                0x0000000020080000                __HeapLimit = .
                0x000000000007ec40                __heap_size = (__HeapLimit - __HeapBase)
                0x0000000000200000                __main_flash_end__ = 0x200000

.internal_storage
                0x0000000000005a68        0x0
 *(.internal_storage*)

.nvm            0x0000000000005a68        0x0
 *(.simee*)
                0x0000000000200000                linker_nvm_end = __main_flash_end__
                0x0000000000200000                linker_nvm_begin = (linker_nvm_end - SIZEOF (.nvm))
                0x0000000000000000                linker_nvm_size = SIZEOF (.nvm)
                0x0000000000200000                linker_storage_end = linker_nvm_begin
                0x0000000000200000                __nvm3Base = linker_nvm_begin
                0x0000000000200000                linker_storage_begin = (linker_storage_end - SIZEOF (.internal_storage))
                0x0000000000000000                linker_storage_size = SIZEOF (.internal_storage)
                0x0000000000000001                ASSERT ((linker_storage_begin >= (__etext + SIZEOF (.data))), FLASH memory overflowed !)
OUTPUT(simulated_sensors_pressure_and_hall.axf elf32-littlearm)
LOAD linker stubs

.ARM.attributes
                0x0000000000000000       0x2e
 .ARM.attributes
                0x0000000000000000       0x1e /Applications/Simplicity Studio.app/Contents/Eclipse/developer/toolchains/gnu_arm/10.3_2021.10/bin/../lib/gcc/arm-none-eabi/10.3.1/thumb/v7e-m+fp/softfp/crti.o
 .ARM.attributes
                0x000000000000001e       0x32 /Applications/Simplicity Studio.app/Contents/Eclipse/developer/toolchains/gnu_arm/10.3_2021.10/bin/../lib/gcc/arm-none-eabi/10.3.1/thumb/v7e-m+fp/softfp/crtbegin.o
 .ARM.attributes
                0x0000000000000050       0x1c /Applications/Simplicity Studio.app/Contents/Eclipse/developer/toolchains/gnu_arm/10.3_2021.10/bin/../lib/gcc/arm-none-eabi/10.3.1/../../../../arm-none-eabi/lib/thumb/v7e-m+fp/softfp/crt0.o
 .ARM.attributes
                0x000000000000006c       0x32 ./FatFS/diskio.o
 .ARM.attributes
                0x000000000000009e       0x32 ./FatFS/ff.o
 .ARM.attributes
                0x00000000000000d0       0x32 ./app.o
 .ARM.attributes
                0x0000000000000102       0x32 ./main.o
 .ARM.attributes
                0x0000000000000134       0x32 ./microsd.o
 .ARM.attributes
                0x0000000000000166       0x32 ./mod_sd_sim.o
 .ARM.attributes
                0x0000000000000198       0x32 ./autogen/sl_board_default_init.o
 .ARM.attributes
                0x00000000000001ca       0x32 ./autogen/sl_device_init_clocks.o
 .ARM.attributes
                0x00000000000001fc       0x32 ./autogen/sl_event_handler.o
 .ARM.attributes
                0x000000000000022e       0x32 ./autogen/sl_iostream_init_usart_instances.o
 .ARM.attributes
                0x0000000000000260       0x32 ./gecko_sdk_4.1.4/hardware/board/src/sl_board_control_gpio.o
 .ARM.attributes
                0x0000000000000292       0x32 ./gecko_sdk_4.1.4/hardware/board/src/sl_board_init.o
 .ARM.attributes
                0x00000000000002c4       0x32 ./gecko_sdk_4.1.4/platform/Device/SiliconLabs/EFM32GG11B/Source/startup_efm32gg11b.o
 .ARM.attributes
                0x00000000000002f6       0x32 ./gecko_sdk_4.1.4/platform/Device/SiliconLabs/EFM32GG11B/Source/system_efm32gg11b.o
 .ARM.attributes
                0x0000000000000328       0x32 ./gecko_sdk_4.1.4/platform/common/src/sl_assert.o
 .ARM.attributes
                0x000000000000035a       0x32 ./gecko_sdk_4.1.4/platform/common/toolchain/src/sl_memory.o
 .ARM.attributes
                0x000000000000038c       0x32 ./gecko_sdk_4.1.4/platform/emlib/src/em_cmu.o
 .ARM.attributes
                0x00000000000003be       0x32 ./gecko_sdk_4.1.4/platform/emlib/src/em_core.o
 .ARM.attributes
                0x00000000000003f0       0x32 ./gecko_sdk_4.1.4/platform/emlib/src/em_emu.o
 .ARM.attributes
                0x0000000000000422       0x32 ./gecko_sdk_4.1.4/platform/emlib/src/em_gpio.o
 .ARM.attributes
                0x0000000000000454       0x32 ./gecko_sdk_4.1.4/platform/emlib/src/em_rtcc.o
 .ARM.attributes
                0x0000000000000486       0x32 ./gecko_sdk_4.1.4/platform/emlib/src/em_usart.o
 .ARM.attributes
                0x00000000000004b8       0x32 ./gecko_sdk_4.1.4/platform/service/device_init/src/sl_device_init_dcdc_s1.o
 .ARM.attributes
                0x00000000000004ea       0x32 ./gecko_sdk_4.1.4/platform/service/device_init/src/sl_device_init_emu_s1.o
 .ARM.attributes
                0x000000000000051c       0x32 ./gecko_sdk_4.1.4/platform/service/device_init/src/sl_device_init_hfxo_s1.o
 .ARM.attributes
                0x000000000000054e       0x32 ./gecko_sdk_4.1.4/platform/service/device_init/src/sl_device_init_lfxo_s1.o
 .ARM.attributes
                0x0000000000000580       0x32 ./gecko_sdk_4.1.4/platform/service/device_init/src/sl_device_init_nvic.o
 .ARM.attributes
                0x00000000000005b2       0x32 ./gecko_sdk_4.1.4/platform/service/iostream/src/sl_iostream.o
 .ARM.attributes
                0x00000000000005e4       0x32 ./gecko_sdk_4.1.4/platform/service/iostream/src/sl_iostream_retarget_stdio.o
 .ARM.attributes
                0x0000000000000616       0x32 ./gecko_sdk_4.1.4/platform/service/iostream/src/sl_iostream_uart.o
 .ARM.attributes
                0x0000000000000648       0x32 ./gecko_sdk_4.1.4/platform/service/iostream/src/sl_iostream_usart.o
 .ARM.attributes
                0x000000000000067a       0x32 ./gecko_sdk_4.1.4/platform/service/sleeptimer/src/sl_sleeptimer.o
 .ARM.attributes
                0x00000000000006ac       0x32 ./gecko_sdk_4.1.4/platform/service/sleeptimer/src/sl_sleeptimer_hal_rtcc.o
 .ARM.attributes
                0x00000000000006de       0x32 ./gecko_sdk_4.1.4/platform/service/system/src/sl_system_init.o
 .ARM.attributes
                0x0000000000000710       0x32 ./gecko_sdk_4.1.4/platform/service/system/src/sl_system_process_action.o
 .ARM.attributes
                0x0000000000000742       0x1e /Applications/Simplicity Studio.app/Contents/Eclipse/developer/toolchains/gnu_arm/10.3_2021.10/bin/../lib/gcc/arm-none-eabi/10.3.1/thumb/v7e-m+fp/softfp/libgcc.a(_aeabi_uldivmod.o)
 .ARM.attributes
                0x0000000000000760       0x32 /Applications/Simplicity Studio.app/Contents/Eclipse/developer/toolchains/gnu_arm/10.3_2021.10/bin/../lib/gcc/arm-none-eabi/10.3.1/thumb/v7e-m+fp/softfp/libgcc.a(_udivmoddi4.o)
 .ARM.attributes
                0x0000000000000792       0x1e /Applications/Simplicity Studio.app/Contents/Eclipse/developer/toolchains/gnu_arm/10.3_2021.10/bin/../lib/gcc/arm-none-eabi/10.3.1/thumb/v7e-m+fp/softfp/libgcc.a(_dvmd_tls.o)
 .ARM.attributes
                0x00000000000007b0       0x32 /Applications/Simplicity Studio.app/Contents/Eclipse/developer/toolchains/gnu_arm/10.3_2021.10/bin/../lib/gcc/arm-none-eabi/10.3.1/../../../../arm-none-eabi/lib/thumb/v7e-m+fp/softfp/libc_nano.a(lib_a-exit.o)
 .ARM.attributes
                0x00000000000007e2       0x32 /Applications/Simplicity Studio.app/Contents/Eclipse/developer/toolchains/gnu_arm/10.3_2021.10/bin/../lib/gcc/arm-none-eabi/10.3.1/../../../../arm-none-eabi/lib/thumb/v7e-m+fp/softfp/libc_nano.a(lib_a-impure.o)
 .ARM.attributes
                0x0000000000000814       0x32 /Applications/Simplicity Studio.app/Contents/Eclipse/developer/toolchains/gnu_arm/10.3_2021.10/bin/../lib/gcc/arm-none-eabi/10.3.1/../../../../arm-none-eabi/lib/thumb/v7e-m+fp/softfp/libc_nano.a(lib_a-init.o)
 .ARM.attributes
                0x0000000000000846       0x32 /Applications/Simplicity Studio.app/Contents/Eclipse/developer/toolchains/gnu_arm/10.3_2021.10/bin/../lib/gcc/arm-none-eabi/10.3.1/../../../../arm-none-eabi/lib/thumb/v7e-m+fp/softfp/libc_nano.a(lib_a-memset.o)
 .ARM.attributes
                0x0000000000000878       0x32 /Applications/Simplicity Studio.app/Contents/Eclipse/developer/toolchains/gnu_arm/10.3_2021.10/bin/../lib/gcc/arm-none-eabi/10.3.1/../../../../arm-none-eabi/lib/thumb/v7e-m+fp/softfp/libc_nano.a(lib_a-nano-freer.o)
 .ARM.attributes
                0x00000000000008aa       0x32 /Applications/Simplicity Studio.app/Contents/Eclipse/developer/toolchains/gnu_arm/10.3_2021.10/bin/../lib/gcc/arm-none-eabi/10.3.1/../../../../arm-none-eabi/lib/thumb/v7e-m+fp/softfp/libc_nano.a(lib_a-nano-mallocr.o)
 .ARM.attributes
                0x00000000000008dc       0x32 /Applications/Simplicity Studio.app/Contents/Eclipse/developer/toolchains/gnu_arm/10.3_2021.10/bin/../lib/gcc/arm-none-eabi/10.3.1/../../../../arm-none-eabi/lib/thumb/v7e-m+fp/softfp/libc_nano.a(lib_a-printf.o)
 .ARM.attributes
                0x000000000000090e       0x32 /Applications/Simplicity Studio.app/Contents/Eclipse/developer/toolchains/gnu_arm/10.3_2021.10/bin/../lib/gcc/arm-none-eabi/10.3.1/../../../../arm-none-eabi/lib/thumb/v7e-m+fp/softfp/libc_nano.a(lib_a-sbrkr.o)
 .ARM.attributes
                0x0000000000000940       0x32 /Applications/Simplicity Studio.app/Contents/Eclipse/developer/toolchains/gnu_arm/10.3_2021.10/bin/../lib/gcc/arm-none-eabi/10.3.1/../../../../arm-none-eabi/lib/thumb/v7e-m+fp/softfp/libc_nano.a(lib_a-findfp.o)
 .ARM.attributes
                0x0000000000000972       0x32 /Applications/Simplicity Studio.app/Contents/Eclipse/developer/toolchains/gnu_arm/10.3_2021.10/bin/../lib/gcc/arm-none-eabi/10.3.1/../../../../arm-none-eabi/lib/thumb/v7e-m+fp/softfp/libc_nano.a(lib_a-fwalk.o)
 .ARM.attributes
                0x00000000000009a4       0x32 /Applications/Simplicity Studio.app/Contents/Eclipse/developer/toolchains/gnu_arm/10.3_2021.10/bin/../lib/gcc/arm-none-eabi/10.3.1/../../../../arm-none-eabi/lib/thumb/v7e-m+fp/softfp/libc_nano.a(lib_a-lock.o)
 .ARM.attributes
                0x00000000000009d6       0x32 /Applications/Simplicity Studio.app/Contents/Eclipse/developer/toolchains/gnu_arm/10.3_2021.10/bin/../lib/gcc/arm-none-eabi/10.3.1/../../../../arm-none-eabi/lib/thumb/v7e-m+fp/softfp/libc_nano.a(lib_a-mlock.o)
 .ARM.attributes
                0x0000000000000a08       0x32 /Applications/Simplicity Studio.app/Contents/Eclipse/developer/toolchains/gnu_arm/10.3_2021.10/bin/../lib/gcc/arm-none-eabi/10.3.1/../../../../arm-none-eabi/lib/thumb/v7e-m+fp/softfp/libc_nano.a(lib_a-nano-vfprintf.o)
 .ARM.attributes
                0x0000000000000a3a       0x32 /Applications/Simplicity Studio.app/Contents/Eclipse/developer/toolchains/gnu_arm/10.3_2021.10/bin/../lib/gcc/arm-none-eabi/10.3.1/../../../../arm-none-eabi/lib/thumb/v7e-m+fp/softfp/libc_nano.a(lib_a-nano-vfprintf_i.o)
 .ARM.attributes
                0x0000000000000a6c       0x32 /Applications/Simplicity Studio.app/Contents/Eclipse/developer/toolchains/gnu_arm/10.3_2021.10/bin/../lib/gcc/arm-none-eabi/10.3.1/../../../../arm-none-eabi/lib/thumb/v7e-m+fp/softfp/libc_nano.a(lib_a-reent.o)
 .ARM.attributes
                0x0000000000000a9e       0x32 /Applications/Simplicity Studio.app/Contents/Eclipse/developer/toolchains/gnu_arm/10.3_2021.10/bin/../lib/gcc/arm-none-eabi/10.3.1/../../../../arm-none-eabi/lib/thumb/v7e-m+fp/softfp/libc_nano.a(lib_a-stdio.o)
 .ARM.attributes
                0x0000000000000ad0       0x32 /Applications/Simplicity Studio.app/Contents/Eclipse/developer/toolchains/gnu_arm/10.3_2021.10/bin/../lib/gcc/arm-none-eabi/10.3.1/../../../../arm-none-eabi/lib/thumb/v7e-m+fp/softfp/libc_nano.a(lib_a-wbuf.o)
 .ARM.attributes
                0x0000000000000b02       0x32 /Applications/Simplicity Studio.app/Contents/Eclipse/developer/toolchains/gnu_arm/10.3_2021.10/bin/../lib/gcc/arm-none-eabi/10.3.1/../../../../arm-none-eabi/lib/thumb/v7e-m+fp/softfp/libc_nano.a(lib_a-writer.o)
 .ARM.attributes
                0x0000000000000b34       0x32 /Applications/Simplicity Studio.app/Contents/Eclipse/developer/toolchains/gnu_arm/10.3_2021.10/bin/../lib/gcc/arm-none-eabi/10.3.1/../../../../arm-none-eabi/lib/thumb/v7e-m+fp/softfp/libc_nano.a(lib_a-wsetup.o)
 .ARM.attributes
                0x0000000000000b66       0x32 /Applications/Simplicity Studio.app/Contents/Eclipse/developer/toolchains/gnu_arm/10.3_2021.10/bin/../lib/gcc/arm-none-eabi/10.3.1/../../../../arm-none-eabi/lib/thumb/v7e-m+fp/softfp/libc_nano.a(lib_a-closer.o)
 .ARM.attributes
                0x0000000000000b98       0x32 /Applications/Simplicity Studio.app/Contents/Eclipse/developer/toolchains/gnu_arm/10.3_2021.10/bin/../lib/gcc/arm-none-eabi/10.3.1/../../../../arm-none-eabi/lib/thumb/v7e-m+fp/softfp/libc_nano.a(lib_a-fflush.o)
 .ARM.attributes
                0x0000000000000bca       0x32 /Applications/Simplicity Studio.app/Contents/Eclipse/developer/toolchains/gnu_arm/10.3_2021.10/bin/../lib/gcc/arm-none-eabi/10.3.1/../../../../arm-none-eabi/lib/thumb/v7e-m+fp/softfp/libc_nano.a(lib_a-lseekr.o)
 .ARM.attributes
                0x0000000000000bfc       0x32 /Applications/Simplicity Studio.app/Contents/Eclipse/developer/toolchains/gnu_arm/10.3_2021.10/bin/../lib/gcc/arm-none-eabi/10.3.1/../../../../arm-none-eabi/lib/thumb/v7e-m+fp/softfp/libc_nano.a(lib_a-makebuf.o)
 .ARM.attributes
                0x0000000000000c2e       0x1c /Applications/Simplicity Studio.app/Contents/Eclipse/developer/toolchains/gnu_arm/10.3_2021.10/bin/../lib/gcc/arm-none-eabi/10.3.1/../../../../arm-none-eabi/lib/thumb/v7e-m+fp/softfp/libc_nano.a(lib_a-memchr.o)
 .ARM.attributes
                0x0000000000000c4a       0x32 /Applications/Simplicity Studio.app/Contents/Eclipse/developer/toolchains/gnu_arm/10.3_2021.10/bin/../lib/gcc/arm-none-eabi/10.3.1/../../../../arm-none-eabi/lib/thumb/v7e-m+fp/softfp/libc_nano.a(lib_a-readr.o)
 .ARM.attributes
                0x0000000000000c7c       0x32 /Applications/Simplicity Studio.app/Contents/Eclipse/developer/toolchains/gnu_arm/10.3_2021.10/bin/../lib/gcc/arm-none-eabi/10.3.1/../../../../arm-none-eabi/lib/thumb/v7e-m+fp/softfp/libc_nano.a(lib_a-fstatr.o)
 .ARM.attributes
                0x0000000000000cae       0x32 /Applications/Simplicity Studio.app/Contents/Eclipse/developer/toolchains/gnu_arm/10.3_2021.10/bin/../lib/gcc/arm-none-eabi/10.3.1/../../../../arm-none-eabi/lib/thumb/v7e-m+fp/softfp/libc_nano.a(lib_a-isattyr.o)
 .ARM.attributes
                0x0000000000000ce0       0x1e /Applications/Simplicity Studio.app/Contents/Eclipse/developer/toolchains/gnu_arm/10.3_2021.10/bin/../lib/gcc/arm-none-eabi/10.3.1/thumb/v7e-m+fp/softfp/crtn.o

.comment        0x0000000000000000       0x49
 .comment       0x0000000000000000       0x49 ./FatFS/diskio.o
                                         0x4a (size before relaxing)
 .comment       0x0000000000000049       0x4a ./FatFS/ff.o
 .comment       0x0000000000000049       0x4a ./app.o
 .comment       0x0000000000000049       0x4a ./main.o
 .comment       0x0000000000000049       0x4a ./microsd.o
 .comment       0x0000000000000049       0x4a ./mod_sd_sim.o
 .comment       0x0000000000000049       0x4a ./autogen/sl_board_default_init.o
 .comment       0x0000000000000049       0x4a ./autogen/sl_device_init_clocks.o
 .comment       0x0000000000000049       0x4a ./autogen/sl_event_handler.o
 .comment       0x0000000000000049       0x4a ./autogen/sl_iostream_init_usart_instances.o
 .comment       0x0000000000000049       0x4a ./gecko_sdk_4.1.4/hardware/board/src/sl_board_control_gpio.o
 .comment       0x0000000000000049       0x4a ./gecko_sdk_4.1.4/hardware/board/src/sl_board_init.o
 .comment       0x0000000000000049       0x4a ./gecko_sdk_4.1.4/platform/Device/SiliconLabs/EFM32GG11B/Source/startup_efm32gg11b.o
 .comment       0x0000000000000049       0x4a ./gecko_sdk_4.1.4/platform/Device/SiliconLabs/EFM32GG11B/Source/system_efm32gg11b.o
 .comment       0x0000000000000049       0x4a ./gecko_sdk_4.1.4/platform/common/src/sl_assert.o
 .comment       0x0000000000000049       0x4a ./gecko_sdk_4.1.4/platform/common/toolchain/src/sl_memory.o
 .comment       0x0000000000000049       0x4a ./gecko_sdk_4.1.4/platform/emlib/src/em_cmu.o
 .comment       0x0000000000000049       0x4a ./gecko_sdk_4.1.4/platform/emlib/src/em_core.o
 .comment       0x0000000000000049       0x4a ./gecko_sdk_4.1.4/platform/emlib/src/em_emu.o
 .comment       0x0000000000000049       0x4a ./gecko_sdk_4.1.4/platform/emlib/src/em_gpio.o