Archive member included to satisfy reference by file (symbol)

/Applications/Simplicity Studio.app/Contents/Eclipse/developer/toolchains/gnu_arm/10.3_2021.10/bin/../lib/gcc/arm-none-eabi/10.3.1/thumb/v7e-m+fp/softfp/libgcc.a(_aeabi_ldivmod.o)
                              ./gecko_sdk_4.1.4/platform/service/sleeptimer/src/sl_sleeptimer.o (__aeabi_ldivmod)
/Applications/Simplicity Studio.app/Contents/Eclipse/developer/toolchains/gnu_arm/10.3_2021.10/bin/../lib/gcc/arm-none-eabi/10.3.1/thumb/v7e-m+fp/softfp/libgcc.a(_aeabi_uldivmod.o)
                              ./FatFS/ff.o (__aeabi_uldivmod)
/Applications/Simplicity Studio.app/Contents/Eclipse/developer/toolchains/gnu_arm/10.3_2021.10/bin/../lib/gcc/arm-none-eabi/10.3.1/thumb/v7e-m+fp/softfp/libgcc.a(_udivmoddi4.o)
                              /Applications/Simplicity Studio.app/Contents/Eclipse/developer/toolchains/gnu_arm/10.3_2021.10/bin/../lib/gcc/arm-none-eabi/10.3.1/thumb/v7e-m+fp/softfp/libgcc.a(_aeabi_ldivmod.o) (__udivmoddi4)
/Applications/Simplicity Studio.app/Contents/Eclipse/developer/toolchains/gnu_arm/10.3_2021.10/bin/../lib/gcc/arm-none-eabi/10.3.1/thumb/v7e-m+fp/softfp/libgcc.a(_dvmd_tls.o)
                              /Applications/Simplicity Studio.app/Contents/Eclipse/developer/toolchains/gnu_arm/10.3_2021.10/bin/../lib/gcc/arm-none-eabi/10.3.1/thumb/v7e-m+fp/softfp/libgcc.a(_aeabi_ldivmod.o) (__aeabi_ldiv0)
/Applications/Simplicity Studio.app/Contents/Eclipse/developer/toolchains/gnu_arm/10.3_2021.10/bin/../lib/gcc/arm-none-eabi/10.3.1/../../../../arm-none-eabi/lib/thumb/v7e-m+fp/softfp/libc_nano.a(lib_a-abs.o)
                              ./gecko_sdk_4.1.4/platform/service/sleeptimer/src/sl_sleeptimer.o (abs)
/Applications/Simplicity Studio.app/Contents/Eclipse/developer/toolchains/gnu_arm/10.3_2021.10/bin/../lib/gcc/arm-none-eabi/10.3.1/../../../../arm-none-eabi/lib/thumb/v7e-m+fp/softfp/libc_nano.a(lib_a-exit.o)
                              /Applications/Simplicity Studio.app/Contents/Eclipse/developer/toolchains/gnu_arm/10.3_2021.10/bin/../lib/gcc/arm-none-eabi/10.3.1/../../../../arm-none-eabi/lib/thumb/v7e-m+fp/softfp/crt0.o (exit)
/Applications/Simplicity Studio.app/Contents/Eclipse/developer/toolchains/gnu_arm/10.3_2021.10/bin/../lib/gcc/arm-none-eabi/10.3.1/../../../../arm-none-eabi/lib/thumb/v7e-m+fp/softfp/libc_nano.a(lib_a-impure.o)
                              /Applications/Simplicity Studio.app/Contents/Eclipse/developer/toolchains/gnu_arm/10.3_2021.10/bin/../lib/gcc/arm-none-eabi/10.3.1/../../../../arm-none-eabi/lib/thumb/v7e-m+fp/softfp/libc_nano.a(lib_a-exit.o) (_global_impure_ptr)
/Applications/Simplicity Studio.app/Contents/Eclipse/developer/toolchains/gnu_arm/10.3_2021.10/bin/../lib/gcc/arm-none-eabi/10.3.1/../../../../arm-none-eabi/lib/thumb/v7e-m+fp/softfp/libc_nano.a(lib_a-init.o)
                              /Applications/Simplicity Studio.app/Contents/Eclipse/developer/toolchains/gnu_arm/10.3_2021.10/bin/../lib/gcc/arm-none-eabi/10.3.1/../../../../arm-none-eabi/lib/thumb/v7e-m+fp/softfp/crt0.o (__libc_init_array)
/Applications/Simplicity Studio.app/Contents/Eclipse/developer/toolchains/gnu_arm/10.3_2021.10/bin/../lib/gcc/arm-none-eabi/10.3.1/../../../../arm-none-eabi/lib/thumb/v7e-m+fp/softfp/libc_nano.a(lib_a-malloc.o)
                              ./FatFS/syscall.o (malloc)
/Applications/Simplicity Studio.app/Contents/Eclipse/developer/toolchains/gnu_arm/10.3_2021.10/bin/../lib/gcc/arm-none-eabi/10.3.1/../../../../arm-none-eabi/lib/thumb/v7e-m+fp/softfp/libc_nano.a(lib_a-memset.o)
                              /Applications/Simplicity Studio.app/Contents/Eclipse/developer/toolchains/gnu_arm/10.3_2021.10/bin/../lib/gcc/arm-none-eabi/10.3.1/../../../../arm-none-eabi/lib/thumb/v7e-m+fp/softfp/crt0.o (memset)
/Applications/Simplicity Studio.app/Contents/Eclipse/developer/toolchains/gnu_arm/10.3_2021.10/bin/../lib/gcc/arm-none-eabi/10.3.1/../../../../arm-none-eabi/lib/thumb/v7e-m+fp/softfp/libc_nano.a(lib_a-nano-freer.o)
                              /Applications/Simplicity Studio.app/Contents/Eclipse/developer/toolchains/gnu_arm/10.3_2021.10/bin/../lib/gcc/arm-none-eabi/10.3.1/../../../../arm-none-eabi/lib/thumb/v7e-m+fp/softfp/libc_nano.a(lib_a-malloc.o) (_free_r)
/Applications/Simplicity Studio.app/Contents/Eclipse/developer/toolchains/gnu_arm/10.3_2021.10/bin/../lib/gcc/arm-none-eabi/10.3.1/../../../../arm-none-eabi/lib/thumb/v7e-m+fp/softfp/libc_nano.a(lib_a-nano-mallocr.o)
                              /Applications/Simplicity Studio.app/Contents/Eclipse/developer/toolchains/gnu_arm/10.3_2021.10/bin/../lib/gcc/arm-none-eabi/10.3.1/../../../../arm-none-eabi/lib/thumb/v7e-m+fp/softfp/libc_nano.a(lib_a-malloc.o) (_malloc_r)
/Applications/Simplicity Studio.app/Contents/Eclipse/developer/toolchains/gnu_arm/10.3_2021.10/bin/../lib/gcc/arm-none-eabi/10.3.1/../../../../arm-none-eabi/lib/thumb/v7e-m+fp/softfp/libc_nano.a(lib_a-sbrkr.o)
[...]
Memory Configuration

Name             Origin             Length             Attributes
FLASH            0x0000000000000000 0x0000000000200000 xr
RAM              0x0000000020000000 0x0000000000080000 xrw
*default*        0x0000000000000000 0xffffffffffffffff

Linker script and memory map

LOAD /Applications/Simplicity Studio.app/Contents/Eclipse/developer/toolchains/gnu_arm/10.3_2021.10/bin/../lib/gcc/arm-none-eabi/10.3.1/thumb/v7e-m+fp/softfp/crti.o
LOAD /Applications/Simplicity Studio.app/Contents/Eclipse/developer/toolchains/gnu_arm/10.3_2021.10/bin/../lib/gcc/arm-none-eabi/10.3.1/thumb/v7e-m+fp/softfp/crtbegin.o
LOAD /Applications/Simplicity Studio.app/Contents/Eclipse/developer/toolchains/gnu_arm/10.3_2021.10/bin/../lib/gcc/arm-none-eabi/10.3.1/../../../../arm-none-eabi/lib/thumb/v7e-m+fp/softfp/crt0.o
START GROUP
LOAD ./FatFS/diskio.o
LOAD ./FatFS/ff.o
LOAD ./FatFS/syscall.o
LOAD ./FatFS/unicode.o
LOAD ./app.o
LOAD ./main.o
LOAD ./microsd.o
LOAD ./mod_sd_sim.o
LOAD ./autogen/sl_board_default_init.o
LOAD ./autogen/sl_device_init_clocks.o
LOAD ./autogen/sl_event_handler.o
LOAD ./gecko_sdk_4.1.4/hardware/board/src/sl_board_control_gpio.o
LOAD ./gecko_sdk_4.1.4/hardware/board/src/sl_board_init.o
LOAD ./gecko_sdk_4.1.4/platform/Device/SiliconLabs/EFM32GG11B/Source/startup_efm32gg11b.o
LOAD ./gecko_sdk_4.1.4/platform/Device/SiliconLabs/EFM32GG11B/Source/system_efm32gg11b.o
LOAD ./gecko_sdk_4.1.4/platform/common/src/sl_assert.o
LOAD ./gecko_sdk_4.1.4/platform/common/toolchain/src/sl_memory.o
LOAD ./gecko_sdk_4.1.4/platform/emlib/src/em_cmu.o
LOAD ./gecko_sdk_4.1.4/platform/emlib/src/em_core.o
LOAD ./gecko_sdk_4.1.4/platform/emlib/src/em_emu.o
LOAD ./gecko_sdk_4.1.4/platform/emlib/src/em_gpio.o
LOAD ./gecko_sdk_4.1.4/platform/emlib/src/em_msc.o
LOAD ./gecko_sdk_4.1.4/platform/emlib/src/em_rtc.o
LOAD ./gecko_sdk_4.1.4/platform/emlib/src/em_rtcc.o
LOAD ./gecko_sdk_4.1.4/platform/emlib/src/em_system.o
LOAD ./gecko_sdk_4.1.4/platform/service/device_init/src/sl_device_init_dcdc_s1.o
LOAD ./gecko_sdk_4.1.4/platform/service/device_init/src/sl_device_init_emu_s1.o
LOAD ./gecko_sdk_4.1.4/platform/service/device_init/src/sl_device_init_hfxo_s1.o
LOAD ./gecko_sdk_4.1.4/platform/service/device_init/src/sl_device_init_lfxo_s1.o
LOAD ./gecko_sdk_4.1.4/platform/service/device_init/src/sl_device_init_nvic.o
LOAD ./gecko_sdk_4.1.4/platform/service/sleeptimer/src/sl_sleeptimer.o
LOAD ./gecko_sdk_4.1.4/platform/service/sleeptimer/src/sl_sleeptimer_hal_rtc.o
LOAD ./gecko_sdk_4.1.4/platform/service/sleeptimer/src/sl_sleeptimer_hal_rtcc.o
LOAD ./gecko_sdk_4.1.4/platform/service/system/src/sl_system_init.o
LOAD ./gecko_sdk_4.1.4/platform/service/system/src/sl_system_process_action.o
LOAD /Applications/Simplicity Studio.app/Contents/Eclipse/developer/toolchains/gnu_arm/10.3_2021.10/bin/../lib/gcc/arm-none-eabi/10.3.1/thumb/v7e-m+fp/softfp/libgcc.a
LOAD /Applications/Simplicity Studio.app/Contents/Eclipse/developer/toolchains/gnu_arm/10.3_2021.10/bin/../lib/gcc/arm-none-eabi/10.3.1/../../../../arm-none-eabi/lib/thumb/v7e-m+fp/softfp/libc_nano.a
LOAD /Applications/Simplicity Studio.app/Contents/Eclipse/developer/toolchains/gnu_arm/10.3_2021.10/bin/../lib/gcc/arm-none-eabi/10.3.1/../../../../arm-none-eabi/lib/thumb/v7e-m+fp/softfp/libm.a
LOAD /Applications/Simplicity Studio.app/Contents/Eclipse/developer/toolchains/gnu_arm/10.3_2021.10/bin/../lib/gcc/arm-none-eabi/10.3.1/../../../../arm-none-eabi/lib/thumb/v7e-m+fp/softfp/libnosys.a
END GROUP
START GROUP
LOAD /Applications/Simplicity Studio.app/Contents/Eclipse/developer/toolchains/gnu_arm/10.3_2021.10/bin/../lib/gcc/arm-none-eabi/10.3.1/thumb/v7e-m+fp/softfp/libgcc.a
LOAD /Applications/Simplicity Studio.app/Contents/Eclipse/developer/toolchains/gnu_arm/10.3_2021.10/bin/../lib/gcc/arm-none-eabi/10.3.1/../../../../arm-none-eabi/lib/thumb/v7e-m+fp/softfp/libc_nano.a
LOAD /Applications/Simplicity Studio.app/Contents/Eclipse/developer/toolchains/gnu_arm/10.3_2021.10/bin/../lib/gcc/arm-none-eabi/10.3.1/../../../../arm-none-eabi/lib/thumb/v7e-m+fp/softfp/libnosys.a
END GROUP
START GROUP
LOAD /Applications/Simplicity Studio.app/Contents/Eclipse/developer/toolchains/gnu_arm/10.3_2021.10/bin/../lib/gcc/arm-none-eabi/10.3.1/thumb/v7e-m+fp/softfp/libgcc.a
LOAD /Applications/Simplicity Studio.app/Contents/Eclipse/developer/toolchains/gnu_arm/10.3_2021.10/bin/../lib/gcc/arm-none-eabi/10.3.1/../../../../arm-none-eabi/lib/thumb/v7e-m+fp/softfp/libg_nano.a
LOAD /Applications/Simplicity Studio.app/Contents/Eclipse/developer/toolchains/gnu_arm/10.3_2021.10/bin/../lib/gcc/arm-none-eabi/10.3.1/../../../../arm-none-eabi/lib/thumb/v7e-m+fp/softfp/libc_nano.a
END GROUP
START GROUP
LOAD /Applications/Simplicity Studio.app/Contents/Eclipse/developer/toolchains/gnu_arm/10.3_2021.10/bin/../lib/gcc/arm-none-eabi/10.3.1/thumb/v7e-m+fp/softfp/libgcc.a
LOAD /Applications/Simplicity Studio.app/Contents/Eclipse/developer/toolchains/gnu_arm/10.3_2021.10/bin/../lib/gcc/arm-none-eabi/10.3.1/../../../../arm-none-eabi/lib/thumb/v7e-m+fp/softfp/libc_nano.a
END GROUP
LOAD /Applications/Simplicity Studio.app/Contents/Eclipse/developer/toolchains/gnu_arm/10.3_2021.10/bin/../lib/gcc/arm-none-eabi/10.3.1/thumb/v7e-m+fp/softfp/crtend.o
LOAD /Applications/Simplicity Studio.app/Contents/Eclipse/developer/toolchains/gnu_arm/10.3_2021.10/bin/../lib/gcc/arm-none-eabi/10.3.1/thumb/v7e-m+fp/softfp/crtn.o

.text           0x0000000000000000     0x3120
                0x0000000000000000                linker_vectors_begin = .
 *(.vectors)
 .vectors       0x0000000000000000      0x158 ./gecko_sdk_4.1.4/platform/Device/SiliconLabs/EFM32GG11B/Source/startup_efm32gg11b.o
                0x0000000000000000                __Vectors
                0x0000000000000158                linker_vectors_end = .
                0x0000000000000158                __Vectors_End = .
                0x0000000000000158                __Vectors_Size = (__Vectors_End - __Vectors)
                0x0000000000000158                linker_code_begin = .
 *(.text*)
 .text          0x0000000000000158       0x40 /Applications/Simplicity Studio.app/Contents/Eclipse/developer/toolchains/gnu_arm/10.3_2021.10/bin/../lib/gcc/arm-none-eabi/10.3.1/thumb/v7e-m+fp/softfp/crtbegin.o
 .text          0x0000000000000198       0x7c /Applications/Simplicity Studio.app/Contents/Eclipse/developer/toolchains/gnu_arm/10.3_2021.10/bin/../lib/gcc/arm-none-eabi/10.3.1/../../../../arm-none-eabi/lib/thumb/v7e-m+fp/softfp/crt0.o
                0x0000000000000198                _stack_init
                0x00000000000001a0                _mainCRTStartup
                0x00000000000001a0                _start
 .text.app_init
                0x0000000000000214       0x44 ./app.o
                0x0000000000000214                app_init
 .text.config_I2C0_register_as_slave
                0x0000000000000258        0x2 ./app.o
                0x0000000000000258                config_I2C0_register_as_slave
 .text.respond_to_i2c
                0x000000000000025a        0x2 ./app.o
                0x000000000000025a                respond_to_i2c
 .text.startup.main
                0x000000000000025c       0x1c ./main.o
                0x000000000000025c                main
 .text.init_mount_sd_open_csv
                0x0000000000000278        0x2 ./mod_sd_sim.o
                0x0000000000000278                init_mount_sd_open_csv
 .text.sl_board_default_init
                0x000000000000027a        0x2 ./autogen/sl_board_default_init.o
                0x000000000000027a                sl_board_default_init
 .text.sl_device_init_clocks
                0x000000000000027c       0x4c ./autogen/sl_device_init_clocks.o
                0x000000000000027c                sl_device_init_clocks
 .text.sl_platform_init
                0x00000000000002c8       0x84 ./autogen/sl_event_handler.o
                0x00000000000002c8                sl_platform_init
 .text.sl_driver_init
                0x000000000000034c        0x2 ./autogen/sl_event_handler.o
                0x000000000000034c                sl_driver_init
 .text.sl_service_init
                0x000000000000034e        0xe ./autogen/sl_event_handler.o
                0x000000000000034e                sl_service_init
 .text.sl_stack_init
                0x000000000000035c        0x2 ./autogen/sl_event_handler.o
                0x000000000000035c                sl_stack_init
 .text.sl_internal_app_init
                0x000000000000035e        0x2 ./autogen/sl_event_handler.o
                0x000000000000035e                sl_internal_app_init
 .text.sl_platform_process_action
                0x0000000000000360        0x2 ./autogen/sl_event_handler.o
                0x0000000000000360                sl_platform_process_action
 .text.sl_service_process_action
                0x0000000000000362        0x2 ./autogen/sl_event_handler.o
                0x0000000000000362                sl_service_process_action
 .text.sl_stack_process_action
                0x0000000000000364        0x2 ./autogen/sl_event_handler.o
                0x0000000000000364                sl_stack_process_action
 .text.sl_internal_app_process_action
                0x0000000000000366        0x2 ./autogen/sl_event_handler.o
                0x0000000000000366                sl_internal_app_process_action
 .text.sl_board_configure_vcom
                0x0000000000000368        0x4 ./gecko_sdk_4.1.4/hardware/board/src/sl_board_control_gpio.o
                0x0000000000000368                sl_board_configure_vcom
 .text.sl_board_init
                0x000000000000036c       0x18 ./gecko_sdk_4.1.4/hardware/board/src/sl_board_init.o
                0x000000000000036c                sl_board_init
 .text.sl_board_preinit
                0x0000000000000384        0xc ./gecko_sdk_4.1.4/hardware/board/src/sl_board_init.o
                0x0000000000000384                sl_board_preinit
 .text.Default_Handler
                0x0000000000000390        0x2 ./gecko_sdk_4.1.4/platform/Device/SiliconLabs/EFM32GG11B/Source/startup_efm32gg11b.o
                0x0000000000000390                IDAC0_IRQHandler
                0x0000000000000390                DebugMon_Handler
                0x0000000000000390                TIMER5_IRQHandler
                0x0000000000000390                USART0_TX_IRQHandler
                0x0000000000000390                USART5_RX_IRQHandler
                0x0000000000000390                I2C0_IRQHandler
                0x0000000000000390                HardFault_Handler
                0x0000000000000390                LEUART1_IRQHandler
                0x0000000000000390                SysTick_Handler
                0x0000000000000390                SDIO_IRQHandler
                0x0000000000000390                USART1_RX_IRQHandler
                0x0000000000000390                PendSV_Handler
                0x0000000000000390                NMI_Handler
                0x0000000000000390                I2C1_IRQHandler
                0x0000000000000390                CAN1_IRQHandler
                0x0000000000000390                WTIMER0_IRQHandler
                0x0000000000000390                WTIMER3_IRQHandler
                0x0000000000000390                CRYPTO0_IRQHandler
                0x0000000000000390                WDOG0_IRQHandler
                0x0000000000000390                TIMER3_IRQHandler
                0x0000000000000390                USART1_TX_IRQHandler
                0x0000000000000390                USART4_RX_IRQHandler
                0x0000000000000390                SMU_IRQHandler
                0x0000000000000390                MSC_IRQHandler
                0x0000000000000390                ADC0_IRQHandler
                0x0000000000000390                UsageFault_Handler
                0x0000000000000390                WDOG1_IRQHandler
                0x0000000000000390                LEUART0_IRQHandler
                0x0000000000000390                TIMER4_IRQHandler
                0x0000000000000390                FPUEH_IRQHandler
                0x0000000000000390                WTIMER1_IRQHandler
                0x0000000000000390                GPIO_EVEN_IRQHandler
                0x0000000000000390                UART0_TX_IRQHandler
                0x0000000000000390                UART1_TX_IRQHandler
                0x0000000000000390                VDAC0_IRQHandler
                0x0000000000000390                LDMA_IRQHandler
                0x0000000000000390                QSPI0_IRQHandler
                0x0000000000000390                TIMER6_IRQHandler
                0x0000000000000390                CSEN_IRQHandler
                0x0000000000000390                ADC1_IRQHandler
                0x0000000000000390                I2C2_IRQHandler
                0x0000000000000390                RTC_IRQHandler
                0x0000000000000390                TIMER0_IRQHandler
                0x0000000000000390                LCD_IRQHandler
                0x0000000000000390                PCNT2_IRQHandler
                0x0000000000000390                UART0_RX_IRQHandler
                0x0000000000000390                LETIMER0_IRQHandler
                0x0000000000000390                WTIMER2_IRQHandler
                0x0000000000000390                TIMER1_IRQHandler
                0x0000000000000390                TRNG0_IRQHandler
                0x0000000000000390                USART2_RX_IRQHandler
                0x0000000000000390                Default_Handler
                0x0000000000000390                EMU_IRQHandler
                0x0000000000000390                CRYOTIMER_IRQHandler
                0x0000000000000390                PCNT0_IRQHandler
                0x0000000000000390                sl_app_properties
                0x0000000000000390                USB_IRQHandler
                0x0000000000000390                USART4_TX_IRQHandler
                0x0000000000000390                PCNT1_IRQHandler
                0x0000000000000390                ACMP0_IRQHandler
                0x0000000000000390                USART0_RX_IRQHandler
                0x0000000000000390                USART5_TX_IRQHandler
                0x0000000000000390                MemManage_Handler
                0x0000000000000390                SVC_Handler
                0x0000000000000390                USART3_RX_IRQHandler
                0x0000000000000390                UART1_RX_IRQHandler
                0x0000000000000390                ETH_IRQHandler
                0x0000000000000390                CMU_IRQHandler
                0x0000000000000390                EBI_IRQHandler
                0x0000000000000390                CAN0_IRQHandler
                0x0000000000000390                GPIO_ODD_IRQHandler
                0x0000000000000390                LESENSE_IRQHandler
                0x0000000000000390                USART3_TX_IRQHandler
                0x0000000000000390                LETIMER1_IRQHandler
                0x0000000000000390                ACMP2_IRQHandler
                0x0000000000000390                BusFault_Handler
                0x0000000000000390                USART2_TX_IRQHandler
                0x0000000000000390                TIMER2_IRQHandler
 *fill*         0x0000000000000392        0x2 
 .text.Reset_Handler
                0x0000000000000394       0x60 ./gecko_sdk_4.1.4/platform/Device/SiliconLabs/EFM32GG11B/Source/startup_efm32gg11b.o
                0x0000000000000394                Reset_Handler
 .text.SystemMaxCoreClockGet
                0x00000000000003f4        0x8 ./gecko_sdk_4.1.4/platform/Device/SiliconLabs/EFM32GG11B/Source/system_efm32gg11b.o
                0x00000000000003f4                SystemMaxCoreClockGet
 .text.SystemHFClockGet
                0x00000000000003fc       0x74 ./gecko_sdk_4.1.4/platform/Device/SiliconLabs/EFM32GG11B/Source/system_efm32gg11b.o
                0x00000000000003fc                SystemHFClockGet
 .text.SystemCoreClockGet
                0x0000000000000470       0x24 ./gecko_sdk_4.1.4/platform/Device/SiliconLabs/EFM32GG11B/Source/system_efm32gg11b.o
                0x0000000000000470                SystemCoreClockGet
 .text.SystemHFXOClockGet
                0x0000000000000494        0xc ./gecko_sdk_4.1.4/platform/Device/SiliconLabs/EFM32GG11B/Source/system_efm32gg11b.o
                0x0000000000000494                SystemHFXOClockGet
 .text.SystemHFXOClockSet
                0x00000000000004a0       0x20 ./gecko_sdk_4.1.4/platform/Device/SiliconLabs/EFM32GG11B/Source/system_efm32gg11b.o
                0x00000000000004a0                SystemHFXOClockSet
 .text.SystemInit
                0x00000000000004c0       0x1c ./gecko_sdk_4.1.4/platform/Device/SiliconLabs/EFM32GG11B/Source/system_efm32gg11b.o
                0x00000000000004c0                SystemInit
 .text.SystemLFRCOClockGet
                0x00000000000004dc        0x6 ./gecko_sdk_4.1.4/platform/Device/SiliconLabs/EFM32GG11B/Source/system_efm32gg11b.o
                0x00000000000004dc                SystemLFRCOClockGet
 .text.SystemULFRCOClockGet
                0x00000000000004e2        0x6 ./gecko_sdk_4.1.4/platform/Device/SiliconLabs/EFM32GG11B/Source/system_efm32gg11b.o
                0x00000000000004e2                SystemULFRCOClockGet
 .text.SystemLFXOClockGet
                0x00000000000004e8        0xc ./gecko_sdk_4.1.4/platform/Device/SiliconLabs/EFM32GG11B/Source/system_efm32gg11b.o
                0x00000000000004e8                SystemLFXOClockGet
 .text.assertEFM
                0x00000000000004f4        0x2 ./gecko_sdk_4.1.4/platform/common/src/sl_assert.o
                0x00000000000004f4                assertEFM
 *fill*         0x00000000000004f6        0x2 
 .text.setHfLeConfig
                0x00000000000004f8       0x44 ./gecko_sdk_4.1.4/platform/emlib/src/em_cmu.o
 .text.flashWaitStateControl
                0x000000000000053c       0x54 ./gecko_sdk_4.1.4/platform/emlib/src/em_cmu.o
 .text.SL_Log2ToDiv
                0x0000000000000590       0x1c ./gecko_sdk_4.1.4/platform/emlib/src/em_cmu.o
 .text.EMU_VScaleWait
                0x00000000000005ac       0x1c ./gecko_sdk_4.1.4/platform/emlib/src/em_cmu.o
 .text.EMU_VScaleGet
                0x00000000000005c8       0x14 ./gecko_sdk_4.1.4/platform/emlib/src/em_cmu.o
 .text.syncReg  0x00000000000005dc       0x18 ./gecko_sdk_4.1.4/platform/emlib/src/em_cmu.o
 .text.CMU_PrescToLog2
                0x00000000000005f4       0x40 ./gecko_sdk_4.1.4/platform/emlib/src/em_cmu.o
 .text.flashWaitStateMax
                0x0000000000000634       0x24 ./gecko_sdk_4.1.4/platform/emlib/src/em_cmu.o
 .text.CMU_UpdateWaitStates
                0x0000000000000658       0x74 ./gecko_sdk_4.1.4/platform/emlib/src/em_cmu.o
                0x0000000000000658                CMU_UpdateWaitStates
 .text.CMU_ClockEnable
                0x00000000000006cc       0xd4 ./gecko_sdk_4.1.4/platform/emlib/src/em_cmu.o
                0x00000000000006cc                CMU_ClockEnable
 .text.CMU_ClockPrescGet
                0x00000000000007a0      0x198 ./gecko_sdk_4.1.4/platform/emlib/src/em_cmu.o
                0x00000000000007a0                CMU_ClockPrescGet
 .text.CMU_ClockDivGet
                0x0000000000000938        0xa ./gecko_sdk_4.1.4/platform/emlib/src/em_cmu.o
                0x0000000000000938                CMU_ClockDivGet
 *fill*         0x0000000000000942        0x2 
 .text.CMU_ClockPrescSet
                0x0000000000000944      0x45c ./gecko_sdk_4.1.4/platform/emlib/src/em_cmu.o
                0x0000000000000944                CMU_ClockPrescSet
 .text.hfperClkSafePrescaler
                0x0000000000000da0       0x2c ./gecko_sdk_4.1.4/platform/emlib/src/em_cmu.o
 .text.hfperClkOptimizedPrescaler
                0x0000000000000dcc       0x9c ./gecko_sdk_4.1.4/platform/emlib/src/em_cmu.o
 .text.CMU_ClockSelectGet
                0x0000000000000e68      0x144 ./gecko_sdk_4.1.4/platform/emlib/src/em_cmu.o
                0x0000000000000e68                CMU_ClockSelectGet
 .text.lfClkGet
                0x0000000000000fac       0xe0 ./gecko_sdk_4.1.4/platform/emlib/src/em_cmu.o
 .text.adcAsyncClkGet
                0x000000000000108c       0x64 ./gecko_sdk_4.1.4/platform/emlib/src/em_cmu.o
 .text.CMU_ClockFreqGet
                0x00000000000010f0      0x358 ./gecko_sdk_4.1.4/platform/emlib/src/em_cmu.o
                0x00000000000010f0                CMU_ClockFreqGet
 .text.CMU_LFXOPrecisionSet
                0x0000000000001448        0xc ./gecko_sdk_4.1.4/platform/emlib/src/em_cmu.o
                0x0000000000001448                CMU_LFXOPrecisionSet
 .text.CMU_OscillatorTuningWait
                0x0000000000001454       0x4c ./gecko_sdk_4.1.4/platform/emlib/src/em_cmu.o
                0x0000000000001454                CMU_OscillatorTuningWait
 .text.CMU_OscillatorEnable
                0x00000000000014a0      0x128 ./gecko_sdk_4.1.4/platform/emlib/src/em_cmu.o
                0x00000000000014a0                CMU_OscillatorEnable
 .text.CMU_ClockSelectSet
                0x00000000000015c8      0x3fc ./gecko_sdk_4.1.4/platform/emlib/src/em_cmu.o
                0x00000000000015c8                CMU_ClockSelectSet
 .text.CMU_HFXOInit
                0x00000000000019c4       0x9c ./gecko_sdk_4.1.4/platform/emlib/src/em_cmu.o
                0x00000000000019c4                CMU_HFXOInit
 .text.CMU_LFXOInit
                0x0000000000001a60       0x58 ./gecko_sdk_4.1.4/platform/emlib/src/em_cmu.o
                0x0000000000001a60                CMU_LFXOInit
 .text.CORE_EnterCritical
                0x0000000000001ab8        0x8 ./gecko_sdk_4.1.4/platform/emlib/src/em_core.o
                0x0000000000001ab8                CORE_EnterCritical
 .text.CORE_ExitCritical
                0x0000000000001ac0        0x6 ./gecko_sdk_4.1.4/platform/emlib/src/em_core.o
                0x0000000000001ac0                CORE_ExitCritical
 .text.CORE_EnterAtomic
                0x0000000000001ac6        0xc ./gecko_sdk_4.1.4/platform/emlib/src/em_core.o
                0x0000000000001ac6                CORE_EnterAtomic
 .text.CORE_ExitAtomic
                0x0000000000001ad2        0x6 ./gecko_sdk_4.1.4/platform/emlib/src/em_core.o
                0x0000000000001ad2                CORE_ExitAtomic
 .text.EMU_LDOStatusGet
                0x0000000000001ad8       0x14 ./gecko_sdk_4.1.4/platform/emlib/src/em_emu.o
 .text.lpGetDevinfoVrefLowHigh
                0x0000000000001aec       0xa8 ./gecko_sdk_4.1.4/platform/emlib/src/em_emu.o
 .text.EMU_VScaleWait
                0x0000000000001b94       0x18 ./gecko_sdk_4.1.4/platform/emlib/src/em_emu.o
 .text.lpCmpHystCalibrationLoad.constprop.0
                0x0000000000001bac       0x78 ./gecko_sdk_4.1.4/platform/emlib/src/em_emu.o
 .text.EMU_EM4Init
                0x0000000000001c24       0x54 ./gecko_sdk_4.1.4/platform/emlib/src/em_emu.o
                0x0000000000001c24                EMU_EM4Init
 .text.EMU_VScaleEM01
                0x0000000000001c78       0x80 ./gecko_sdk_4.1.4/platform/emlib/src/em_emu.o
                0x0000000000001c78                EMU_VScaleEM01
 .text.EMU_VScaleEM01ByClock
                0x0000000000001cf8       0x50 ./gecko_sdk_4.1.4/platform/emlib/src/em_emu.o
                0x0000000000001cf8                EMU_VScaleEM01ByClock
 .text.EMU_DCDCModeSet
                0x0000000000001d48       0x68 ./gecko_sdk_4.1.4/platform/emlib/src/em_emu.o
                0x0000000000001d48                EMU_DCDCModeSet
 .text.EMU_DCDCOutputVoltageSet
                0x0000000000001db0      0x18c ./gecko_sdk_4.1.4/platform/emlib/src/em_emu.o
                0x0000000000001db0                EMU_DCDCOutputVoltageSet
 .text.EMU_DCDCOptimizeSlice
                0x0000000000001f3c       0xe0 ./gecko_sdk_4.1.4/platform/emlib/src/em_emu.o
                0x0000000000001f3c                EMU_DCDCOptimizeSlice
 .text.EMU_DCDCLnRcoBandSet
                0x000000000000201c       0x44 ./gecko_sdk_4.1.4/platform/emlib/src/em_emu.o
                0x000000000000201c                EMU_DCDCLnRcoBandSet
 .text.EMU_DCDCInit
                0x0000000000002060      0x170 ./gecko_sdk_4.1.4/platform/emlib/src/em_emu.o
                0x0000000000002060                EMU_DCDCInit
 .text.GPIO_PinOutSet
                0x00000000000021d0       0x3c ./gecko_sdk_4.1.4/platform/emlib/src/em_gpio.o
 .text.GPIO_PinOutClear
                0x000000000000220c       0x3c ./gecko_sdk_4.1.4/platform/emlib/src/em_gpio.o
 .text.BUS_RegMaskedWrite
                0x0000000000002248       0x22 ./gecko_sdk_4.1.4/platform/emlib/src/em_gpio.o
 *fill*         0x000000000000226a        0x2 
 .text.GPIO_PinModeSet
                0x000000000000226c       0x8c ./gecko_sdk_4.1.4/platform/emlib/src/em_gpio.o
                0x000000000000226c                GPIO_PinModeSet
 .text.RTCC_ChannelInit
                0x00000000000022f8       0x58 ./gecko_sdk_4.1.4/platform/emlib/src/em_rtcc.o
                0x00000000000022f8                RTCC_ChannelInit
 .text.RTCC_Enable
                0x0000000000002350        0xc ./gecko_sdk_4.1.4/platform/emlib/src/em_rtcc.o
                0x0000000000002350                RTCC_Enable
 .text.RTCC_Init
                0x000000000000235c       0x70 ./gecko_sdk_4.1.4/platform/emlib/src/em_rtcc.o
                0x000000000000235c                RTCC_Init
 .text.sl_device_init_dcdc
                0x00000000000023cc       0x2c ./gecko_sdk_4.1.4/platform/service/device_init/src/sl_device_init_dcdc_s1.o
                0x00000000000023cc                sl_device_init_dcdc
 .text.sl_device_init_emu
                0x00000000000023f8       0x1c ./gecko_sdk_4.1.4/platform/service/device_init/src/sl_device_init_emu_s1.o
                0x00000000000023f8                sl_device_init_emu
 .text.sl_device_init_hfxo
                0x0000000000002414       0x5c ./gecko_sdk_4.1.4/platform/service/device_init/src/sl_device_init_hfxo_s1.o
                0x0000000000002414                sl_device_init_hfxo
 .text.sl_device_init_lfxo
                0x0000000000002470       0x28 ./gecko_sdk_4.1.4/platform/service/device_init/src/sl_device_init_lfxo_s1.o
                0x0000000000002470                sl_device_init_lfxo
 .text.sl_device_init_nvic
                0x0000000000002498       0x3c ./gecko_sdk_4.1.4/platform/service/device_init/src/sl_device_init_nvic.o
                0x0000000000002498                sl_device_init_nvic
 .text.delta_list_insert_timer
                0x00000000000024d4       0x44 ./gecko_sdk_4.1.4/platform/service/sleeptimer/src/sl_sleeptimer.o
 .text.update_delta_list
                0x0000000000002518       0x38 ./gecko_sdk_4.1.4/platform/service/sleeptimer/src/sl_sleeptimer.o
 .text.set_comparator_for_next_timer
                0x0000000000002550       0x5c ./gecko_sdk_4.1.4/platform/service/sleeptimer/src/sl_sleeptimer.o
 .text.delta_list_remove_timer
                0x00000000000025ac       0x38 ./gecko_sdk_4.1.4/platform/service/sleeptimer/src/sl_sleeptimer.o
 .text.sl_sleeptimer_init
                0x00000000000025e4       0xa8 ./gecko_sdk_4.1.4/platform/service/sleeptimer/src/sl_sleeptimer.o
                0x00000000000025e4                sl_sleeptimer_init
 .text.process_timer_irq
                0x000000000000268c      0x174 ./gecko_sdk_4.1.4/platform/service/sleeptimer/src/sl_sleeptimer.o
                0x000000000000268c                process_timer_irq
 .text.CMU_PrescToLog2.constprop.0
                0x0000000000002800        0x4 ./gecko_sdk_4.1.4/platform/service/sleeptimer/src/sl_sleeptimer_hal_rtcc.o
 .text.sleeptimer_hal_init_timer
                0x0000000000002804       0x88 ./gecko_sdk_4.1.4/platform/service/sleeptimer/src/sl_sleeptimer_hal_rtcc.o
                0x0000000000002804                sleeptimer_hal_init_timer
 .text.sleeptimer_hal_get_counter
                0x000000000000288c        0xc ./gecko_sdk_4.1.4/platform/service/sleeptimer/src/sl_sleeptimer_hal_rtcc.o
                0x000000000000288c                sleeptimer_hal_get_counter
 .text.sleeptimer_hal_set_compare
                0x0000000000002898       0x5c ./gecko_sdk_4.1.4/platform/service/sleeptimer/src/sl_sleeptimer_hal_rtcc.o
                0x0000000000002898                sleeptimer_hal_set_compare
 .text.sleeptimer_hal_enable_int
                0x00000000000028f4       0x1c ./gecko_sdk_4.1.4/platform/service/sleeptimer/src/sl_sleeptimer_hal_rtcc.o
                0x00000000000028f4                sleeptimer_hal_enable_int
 .text.sleeptimer_hal_disable_int
                0x0000000000002910       0x30 ./gecko_sdk_4.1.4/platform/service/sleeptimer/src/sl_sleeptimer_hal_rtcc.o
                0x0000000000002910                sleeptimer_hal_disable_int
 .text.sleeptimer_hal_set_int
                0x0000000000002940       0x10 ./gecko_sdk_4.1.4/platform/service/sleeptimer/src/sl_sleeptimer_hal_rtcc.o
                0x0000000000002940                sleeptimer_hal_set_int
 .text.RTCC_IRQHandler
                0x0000000000002950       0x30 ./gecko_sdk_4.1.4/platform/service/sleeptimer/src/sl_sleeptimer_hal_rtcc.o
                0x0000000000002950                RTCC_IRQHandler
 .text.sleeptimer_hal_get_timer_frequency
                0x0000000000002980       0x18 ./gecko_sdk_4.1.4/platform/service/sleeptimer/src/sl_sleeptimer_hal_rtcc.o
                0x0000000000002980                sleeptimer_hal_get_timer_frequency
 .text.sl_system_init
                0x0000000000002998       0x1a ./gecko_sdk_4.1.4/platform/service/system/src/sl_system_init.o
                0x0000000000002998                sl_system_init
 .text.sl_system_process_action
                0x00000000000029b2       0x16 ./gecko_sdk_4.1.4/platform/service/system/src/sl_system_process_action.o
                0x00000000000029b2                sl_system_process_action
 .text          0x00000000000029c8       0x30 /Applications/Simplicity Studio.app/Contents/Eclipse/developer/toolchains/gnu_arm/10.3_2021.10/bin/../lib/gcc/arm-none-eabi/10.3.1/thumb/v7e-m+fp/softfp/libgcc.a(_aeabi_uldivmod.o)
                0x00000000000029c8                __aeabi_uldivmod
 .text          0x00000000000029f8      0x2d0 /Applications/Simplicity Studio.app/Contents/Eclipse/developer/toolchains/gnu_arm/10.3_2021.10/bin/../lib/gcc/arm-none-eabi/10.3.1/thumb/v7e-m+fp/softfp/libgcc.a(_udivmoddi4.o)
                0x00000000000029f8                __udivmoddi4
 .text          0x0000000000002cc8        0x4 /Applications/Simplicity Studio.app/Contents/Eclipse/developer/toolchains/gnu_arm/10.3_2021.10/bin/../lib/gcc/arm-none-eabi/10.3.1/thumb/v7e-m+fp/softfp/libgcc.a(_dvmd_tls.o)
                0x0000000000002cc8                __aeabi_ldiv0
                0x0000000000002cc8                __aeabi_idiv0
 .text.exit     0x0000000000002ccc       0x28 /Applications/Simplicity Studio.app/Contents/Eclipse/developer/toolchains/gnu_arm/10.3_2021.10/bin/../lib/gcc/arm-none-eabi/10.3.1/../../../../arm-none-eabi/lib/thumb/v7e-m+fp/softfp/libc_nano.a(lib_a-exit.o)
                0x0000000000002ccc                exit
 .text.__libc_init_array
                0x0000000000002cf4       0x48 /Applications/Simplicity Studio.app/Contents/Eclipse/developer/toolchains/gnu_arm/10.3_2021.10/bin/../lib/gcc/arm-none-eabi/10.3.1/../../../../arm-none-eabi/lib/thumb/v7e-m+fp/softfp/libc_nano.a(lib_a-init.o)
                0x0000000000002cf4                __libc_init_array
 .text.memset   0x0000000000002d3c       0x10 /Applications/Simplicity Studio.app/Contents/Eclipse/developer/toolchains/gnu_arm/10.3_2021.10/bin/../lib/gcc/arm-none-eabi/10.3.1/../../../../arm-none-eabi/lib/thumb/v7e-m+fp/softfp/libc_nano.a(lib_a-memset.o)
                0x0000000000002d3c                memset
 .text._exit    0x0000000000002d4c        0x4 /Applications/Simplicity Studio.app/Contents/Eclipse/developer/toolchains/gnu_arm/10.3_2021.10/bin/../lib/gcc/arm-none-eabi/10.3.1/../../../../arm-none-eabi/lib/thumb/v7e-m+fp/softfp/libnosys.a(_exit.o)
                0x0000000000002d4c                _exit
                0x0000000000002d50                linker_code_end = .
 *(.init)
 .init          0x0000000000002d50        0x4 /Applications/Simplicity Studio.app/Contents/Eclipse/developer/toolchains/gnu_arm/10.3_2021.10/bin/../lib/gcc/arm-none-eabi/10.3.1/thumb/v7e-m+fp/softfp/crti.o
                0x0000000000002d50                _init
 .init          0x0000000000002d54        0x8 /Applications/Simplicity Studio.app/Contents/Eclipse/developer/toolchains/gnu_arm/10.3_2021.10/bin/../lib/gcc/arm-none-eabi/10.3.1/thumb/v7e-m+fp/softfp/crtn.o
 *(.fini)
 .fini          0x0000000000002d5c        0x4 /Applications/Simplicity Studio.app/Contents/Eclipse/developer/toolchains/gnu_arm/10.3_2021.10/bin/../lib/gcc/arm-none-eabi/10.3.1/thumb/v7e-m+fp/softfp/crti.o
                0x0000000000002d5c                _fini
 .fini          0x0000000000002d60        0x8 /Applications/Simplicity Studio.app/Contents/Eclipse/developer/toolchains/gnu_arm/10.3_2021.10/bin/../lib/gcc/arm-none-eabi/10.3.1/thumb/v7e-m+fp/softfp/crtn.o
 *crtbegin.o(.ctors)
 *crtbegin?.o(.ctors)
 *(EXCLUDE_FILE(*crtend.o *crtend?.o) .ctors)
 *(SORT_BY_NAME(.ctors.*))
 *(.ctors)
 *crtbegin.o(.dtors)
 *crtbegin?.o(.dtors)
 *(EXCLUDE_FILE(*crtend.o *crtend?.o) .dtors)
 *(SORT_BY_NAME(.dtors.*))
 *(.dtors)
 *(.rodata*)
 .rodata.CSWTCH.3
                0x0000000000002d68       0x20 ./gecko_sdk_4.1.4/platform/Device/SiliconLabs/EFM32GG11B/Source/system_efm32gg11b.o
 .rodata.flashWaitStateControl.str1.1
                0x0000000000002d88       0x4e ./gecko_sdk_4.1.4/platform/emlib/src/em_cmu.o
 .rodata.SL_Log2ToDiv.str1.1
                0x0000000000002dd6       0x53 ./gecko_sdk_4.1.4/platform/emlib/src/em_cmu.o
 .rodata.CMU_PrescToLog2.str1.1
                0x0000000000002e29       0x4f ./gecko_sdk_4.1.4/platform/emlib/src/em_cmu.o
 .rodata.CSWTCH.61
                0x0000000000002e78        0x6 ./gecko_sdk_4.1.4/platform/emlib/src/em_cmu.o
 .rodata.CSWTCH.62
                0x0000000000002e7e        0x4 ./gecko_sdk_4.1.4/platform/emlib/src/em_cmu.o
 .rodata.CSWTCH.63
                0x0000000000002e82        0x4 ./gecko_sdk_4.1.4/platform/emlib/src/em_cmu.o
 .rodata.CSWTCH.66
                0x0000000000002e86        0x6 ./gecko_sdk_4.1.4/platform/emlib/src/em_cmu.o
 .rodata.CSWTCH.89
                0x0000000000002e8c        0x6 ./gecko_sdk_4.1.4/platform/emlib/src/em_cmu.o
 .rodata.CSWTCH.90
                0x0000000000002e92        0x6 ./gecko_sdk_4.1.4/platform/emlib/src/em_cmu.o
 .rodata.CSWTCH.91
                0x0000000000002e98        0xc ./gecko_sdk_4.1.4/platform/emlib/src/em_cmu.o
 .rodata.CSWTCH.92
                0x0000000000002ea4        0xc ./gecko_sdk_4.1.4/platform/emlib/src/em_cmu.o
 .rodata.CSWTCH.96
                0x0000000000002eb0        0x3 ./gecko_sdk_4.1.4/platform/emlib/src/em_cmu.o
 *fill*         0x0000000000002eb3        0x1 
 .rodata.flashWsTable
                0x0000000000002eb4       0x38 ./gecko_sdk_4.1.4/platform/emlib/src/em_cmu.o
 .rodata.lpGetDevinfoVrefLowHigh.str1.1
                0x0000000000002eec       0x4e ./gecko_sdk_4.1.4/platform/emlib/src/em_emu.o
 .rodata.GPIO_PinOutSet.str1.1
                0x0000000000002f3a       0x50 ./gecko_sdk_4.1.4/platform/emlib/src/em_gpio.o
 .rodata.GPIO_DbgLocationSet.str1.1
                0x0000000000002f8a       0x4f ./gecko_sdk_4.1.4/platform/emlib/src/em_gpio.o
 .rodata.RTCC_ChannelInit.str1.1
                0x0000000000002fd9       0x4f ./gecko_sdk_4.1.4/platform/emlib/src/em_rtcc.o
 .rodata        0x0000000000003028       0x10 ./gecko_sdk_4.1.4/platform/service/device_init/src/sl_device_init_dcdc_s1.o
 .rodata        0x0000000000003038        0xc ./gecko_sdk_4.1.4/platform/service/device_init/src/sl_device_init_hfxo_s1.o
 .rodata        0x0000000000003044        0x4 ./gecko_sdk_4.1.4/platform/service/device_init/src/sl_device_init_lfxo_s1.o
 .rodata.process_timer_irq.str1.1
                0x0000000000003048       0x62 ./gecko_sdk_4.1.4/platform/service/sleeptimer/src/sl_sleeptimer.o
 .rodata        0x00000000000030aa       0x11 ./gecko_sdk_4.1.4/platform/service/sleeptimer/src/sl_sleeptimer_hal_rtcc.o
 *fill*         0x00000000000030bb        0x1 
 .rodata._global_impure_ptr
                0x00000000000030bc        0x4 /Applications/Simplicity Studio.app/Contents/Eclipse/developer/toolchains/gnu_arm/10.3_2021.10/bin/../lib/gcc/arm-none-eabi/10.3.1/../../../../arm-none-eabi/lib/thumb/v7e-m+fp/softfp/libc_nano.a(lib_a-impure.o)
                0x00000000000030bc                _global_impure_ptr
 .rodata.__sf_fake_stderr
                0x00000000000030c0       0x20 /Applications/Simplicity Studio.app/Contents/Eclipse/developer/toolchains/gnu_arm/10.3_2021.10/bin/../lib/gcc/arm-none-eabi/10.3.1/../../../../arm-none-eabi/lib/thumb/v7e-m+fp/softfp/libc_nano.a(lib_a-findfp.o)
                0x00000000000030c0                __sf_fake_stderr
 .rodata.__sf_fake_stdin
                0x00000000000030e0       0x20 /Applications/Simplicity Studio.app/Contents/Eclipse/developer/toolchains/gnu_arm/10.3_2021.10/bin/../lib/gcc/arm-none-eabi/10.3.1/../../../../arm-none-eabi/lib/thumb/v7e-m+fp/softfp/libc_nano.a(lib_a-findfp.o)
                0x00000000000030e0                __sf_fake_stdin
 .rodata.__sf_fake_stdout
                0x0000000000003100       0x20 /Applications/Simplicity Studio.app/Contents/Eclipse/developer/toolchains/gnu_arm/10.3_2021.10/bin/../lib/gcc/arm-none-eabi/10.3.1/../../../../arm-none-eabi/lib/thumb/v7e-m+fp/softfp/libc_nano.a(lib_a-findfp.o)
                0x0000000000003100                __sf_fake_stdout
 *(.eh_frame*)
 .eh_frame      0x0000000000003120        0x0 /Applications/Simplicity Studio.app/Contents/Eclipse/developer/toolchains/gnu_arm/10.3_2021.10/bin/../lib/gcc/arm-none-eabi/10.3.1/thumb/v7e-m+fp/softfp/crtbegin.o

.glue_7         0x0000000000003120        0x0
 .glue_7        0x0000000000003120        0x0 linker stubs

.glue_7t        0x0000000000003120        0x0
 .glue_7t       0x0000000000003120        0x0 linker stubs

.vfp11_veneer   0x0000000000003120        0x0
 .vfp11_veneer  0x0000000000003120        0x0 linker stubs

.v4_bx          0x0000000000003120        0x0
 .v4_bx         0x0000000000003120        0x0 linker stubs

.iplt           0x0000000000003120        0x0
 .iplt          0x0000000000003120        0x0 /Applications/Simplicity Studio.app/Contents/Eclipse/developer/toolchains/gnu_arm/10.3_2021.10/bin/../lib/gcc/arm-none-eabi/10.3.1/thumb/v7e-m+fp/softfp/crtbegin.o

.ARM.extab
 *(.ARM.extab* .gnu.linkonce.armextab.*)
                0x0000000000003120                __exidx_start = .

.ARM.exidx      0x0000000000003120        0x8
 *(.ARM.exidx* .gnu.linkonce.armexidx.*)
 .ARM.exidx     0x0000000000003120        0x8 /Applications/Simplicity Studio.app/Contents/Eclipse/developer/toolchains/gnu_arm/10.3_2021.10/bin/../lib/gcc/arm-none-eabi/10.3.1/../../../../arm-none-eabi/lib/thumb/v7e-m+fp/softfp/crt0.o
                                         0x10 (size before relaxing)
 .ARM.exidx     0x0000000000003128        0x0 /Applications/Simplicity Studio.app/Contents/Eclipse/developer/toolchains/gnu_arm/10.3_2021.10/bin/../lib/gcc/arm-none-eabi/10.3.1/thumb/v7e-m+fp/softfp/libgcc.a(_udivmoddi4.o)
                                          0x8 (size before relaxing)
                0x0000000000003128                __exidx_end = .

.rel.dyn        0x0000000000003128        0x0
 .rel.iplt      0x0000000000003128        0x0 /Applications/Simplicity Studio.app/Contents/Eclipse/developer/toolchains/gnu_arm/10.3_2021.10/bin/../lib/gcc/arm-none-eabi/10.3.1/thumb/v7e-m+fp/softfp/crtbegin.o

.copy.table     0x0000000000003128        0xc
                0x0000000000003128                . = ALIGN (0x4)
                0x0000000000003128                __copy_table_start__ = .
                0x0000000000003128        0x4 LONG 0x3134 __etext
                0x000000000000312c        0x4 LONG 0x20001000 __data_start__
                0x0000000000003130        0x4 LONG 0x22 ((__data_end__ - __data_start__) / 0x4)
                0x0000000000003134                __copy_table_end__ = .

.zero.table     0x0000000000003134        0x0
                0x0000000000003134                . = ALIGN (0x4)
                0x0000000000003134                __zero_table_start__ = .
                0x0000000000003134                __zero_table_end__ = .
                0x0000000000003134                __etext = .
                0x0000000020000000                . = ORIGIN (RAM)

.stack          0x0000000020000000     0x1000
                0x0000000020000000                __StackLimit = .
 *(.stack*)
 .stack         0x0000000020000000     0x1000 ./gecko_sdk_4.1.4/platform/common/toolchain/src/sl_memory.o
                0x0000000020001000                . = ALIGN (0x4)
                0x0000000020001000                __StackTop = .
                0x0000000020001000                PROVIDE (__stack = __StackTop)

.noinit
 *(.noinit*)

.data           0x0000000020001000       0x88 load address 0x0000000000003134
                0x0000000020001000                . = ALIGN (0x4)
                0x0000000020001000                __data_start__ = .
 *(vtable)
 *(.data*)
 .data.SystemCoreClock
                0x0000000020001000        0x4 ./gecko_sdk_4.1.4/platform/Device/SiliconLabs/EFM32GG11B/Source/system_efm32gg11b.o
                0x0000000020001000                SystemCoreClock
 .data.SystemHFXOClock
                0x0000000020001004        0x4 ./gecko_sdk_4.1.4/platform/Device/SiliconLabs/EFM32GG11B/Source/system_efm32gg11b.o
 .data.SystemHfrcoFreq
                0x0000000020001008        0x4 ./gecko_sdk_4.1.4/platform/Device/SiliconLabs/EFM32GG11B/Source/system_efm32gg11b.o
                0x0000000020001008                SystemHfrcoFreq
 .data.SystemLFXOClock
                0x000000002000100c        0x4 ./gecko_sdk_4.1.4/platform/Device/SiliconLabs/EFM32GG11B/Source/system_efm32gg11b.o
 .data.auxHfrcoFreq
                0x0000000020001010        0x4 ./gecko_sdk_4.1.4/platform/emlib/src/em_cmu.o
 .data.lfxo_precision
                0x0000000020001014        0x2 ./gecko_sdk_4.1.4/platform/emlib/src/em_cmu.o
 *fill*         0x0000000020001016        0x2 
 .data.ushfrcoFreq
                0x0000000020001018        0x4 ./gecko_sdk_4.1.4/platform/emlib/src/em_cmu.o
 .data.cc_disabled
                0x000000002000101c        0x1 ./gecko_sdk_4.1.4/platform/service/sleeptimer/src/sl_sleeptimer_hal_rtcc.o
 *fill*         0x000000002000101d        0x3 
 .data.impure_data
                0x0000000020001020       0x60 /Applications/Simplicity Studio.app/Contents/Eclipse/developer/toolchains/gnu_arm/10.3_2021.10/bin/../lib/gcc/arm-none-eabi/10.3.1/../../../../arm-none-eabi/lib/thumb/v7e-m+fp/softfp/libc_nano.a(lib_a-impure.o)
                0x0000000020001080                . = ALIGN (0x4)
                [!provide]                        PROVIDE (__ram_func_section_start = .)
 *(.ram)
                [!provide]                        PROVIDE (__ram_func_section_end = .)
                0x0000000020001080                . = ALIGN (0x4)
                0x0000000020001080                PROVIDE (__preinit_array_start = .)
 *(.preinit_array)
                0x0000000020001080                PROVIDE (__preinit_array_end = .)
                0x0000000020001080                . = ALIGN (0x4)
                0x0000000020001080                PROVIDE (__init_array_start = .)
 *(SORT_BY_NAME(.init_array.*))
 *(.init_array)
 .init_array    0x0000000020001080        0x4 /Applications/Simplicity Studio.app/Contents/Eclipse/developer/toolchains/gnu_arm/10.3_2021.10/bin/../lib/gcc/arm-none-eabi/10.3.1/thumb/v7e-m+fp/softfp/crtbegin.o
                0x0000000020001084                PROVIDE (__init_array_end = .)
                0x0000000020001084                . = ALIGN (0x4)
                [!provide]                        PROVIDE (__fini_array_start = .)
 *(SORT_BY_NAME(.fini_array.*))
 *(.fini_array)
 .fini_array    0x0000000020001084        0x4 /Applications/Simplicity Studio.app/Contents/Eclipse/developer/toolchains/gnu_arm/10.3_2021.10/bin/../lib/gcc/arm-none-eabi/10.3.1/thumb/v7e-m+fp/softfp/crtbegin.o
                [!provide]                        PROVIDE (__fini_array_end = .)
                0x0000000020001088                . = ALIGN (0x4)
                0x0000000020001088                __data_end__ = .

.igot.plt       0x0000000020001088        0x0 load address 0x00000000000031bc
 .igot.plt      0x0000000020001088        0x0 /Applications/Simplicity Studio.app/Contents/Eclipse/developer/toolchains/gnu_arm/10.3_2021.10/bin/../lib/gcc/arm-none-eabi/10.3.1/thumb/v7e-m+fp/softfp/crtbegin.o

.bss            0x0000000020001088       0x50 load address 0x00000000000031bc
                0x0000000020001088                . = ALIGN (0x4)
                0x0000000020001088                __bss_start__ = .
 *(.bss*)
 .bss           0x0000000020001088       0x1c /Applications/Simplicity Studio.app/Contents/Eclipse/developer/toolchains/gnu_arm/10.3_2021.10/bin/../lib/gcc/arm-none-eabi/10.3.1/thumb/v7e-m+fp/softfp/crtbegin.o
 .bss.dcdcEm01LoadCurrent_mA
                0x00000000200010a4        0x2 ./gecko_sdk_4.1.4/platform/emlib/src/em_emu.o
 .bss.dcdcMaxCurrent_mA
                0x00000000200010a6        0x2 ./gecko_sdk_4.1.4/platform/emlib/src/em_emu.o
 .bss.dcdcReverseCurrentControl
                0x00000000200010a8        0x2 ./gecko_sdk_4.1.4/platform/emlib/src/em_emu.o
 .bss.vScaleEM01Config
                0x00000000200010aa        0x1 ./gecko_sdk_4.1.4/platform/emlib/src/em_emu.o
 *fill*         0x00000000200010ab        0x1 
 .bss.calculated_sec_count
                0x00000000200010ac        0x4 ./gecko_sdk_4.1.4/platform/service/sleeptimer/src/sl_sleeptimer.o
 .bss.calculated_tick_rest
                0x00000000200010b0        0x4 ./gecko_sdk_4.1.4/platform/service/sleeptimer/src/sl_sleeptimer.o
 .bss.is_sleeptimer_initialized
                0x00000000200010b4        0x1 ./gecko_sdk_4.1.4/platform/service/sleeptimer/src/sl_sleeptimer.o
 *fill*         0x00000000200010b5        0x3 
 .bss.last_delta_update_count
                0x00000000200010b8        0x4 ./gecko_sdk_4.1.4/platform/service/sleeptimer/src/sl_sleeptimer.o
 .bss.max_millisecond_conversion
                0x00000000200010bc        0x4 ./gecko_sdk_4.1.4/platform/service/sleeptimer/src/sl_sleeptimer.o
 .bss.next_timer_to_expire_is_power_manager
                0x00000000200010c0        0x1 ./gecko_sdk_4.1.4/platform/service/sleeptimer/src/sl_sleeptimer.o
 *fill*         0x00000000200010c1        0x1 
 .bss.overflow_counter
                0x00000000200010c2        0x2 ./gecko_sdk_4.1.4/platform/service/sleeptimer/src/sl_sleeptimer.o
 .bss.overflow_tick_rest
                0x00000000200010c4        0x4 ./gecko_sdk_4.1.4/platform/service/sleeptimer/src/sl_sleeptimer.o
 .bss.second_count
                0x00000000200010c8        0x4 ./gecko_sdk_4.1.4/platform/service/sleeptimer/src/sl_sleeptimer.o
 .bss.sleep_on_isr_exit
                0x00000000200010cc        0x1 ./gecko_sdk_4.1.4/platform/service/sleeptimer/src/sl_sleeptimer.o
 *fill*         0x00000000200010cd        0x3 
 .bss.timer_frequency
                0x00000000200010d0        0x4 ./gecko_sdk_4.1.4/platform/service/sleeptimer/src/sl_sleeptimer.o
 .bss.timer_head
                0x00000000200010d4        0x4 ./gecko_sdk_4.1.4/platform/service/sleeptimer/src/sl_sleeptimer.o
 *(COMMON)
                0x00000000200010d8                . = ALIGN (0x4)
                0x00000000200010d8                __bss_end__ = .

.heap           0x00000000200010d8    0x7ef28
                0x00000000200010d8                __HeapBase = .
                0x00000000200010d8                __end__ = .
                0x00000000200010d8                end = __end__
                0x00000000200010d8                _end = __end__
 *(.heap*)
 .heap          0x00000000200010d8      0x800 ./gecko_sdk_4.1.4/platform/common/toolchain/src/sl_memory.o
                0x0000000020080000                . = (ORIGIN (RAM) + LENGTH (RAM))
 *fill*         0x00000000200018d8    0x7e728 
                0x0000000020080000                __HeapLimit = .
                0x000000000007ef28                __heap_size = (__HeapLimit - __HeapBase)
                0x0000000000200000                __main_flash_end__ = 0x200000

.internal_storage
                0x0000000000003134        0x0
 *(.internal_storage*)

.nvm            0x0000000000003134        0x0
 *(.simee*)
                0x0000000000200000                linker_nvm_end = __main_flash_end__
                0x0000000000200000                linker_nvm_begin = (linker_nvm_end - SIZEOF (.nvm))
                0x0000000000000000                linker_nvm_size = SIZEOF (.nvm)
                0x0000000000200000                linker_storage_end = linker_nvm_begin
                0x0000000000200000                __nvm3Base = linker_nvm_begin
                0x0000000000200000                linker_storage_begin = (linker_storage_end - SIZEOF (.internal_storage))
                0x0000000000000000                linker_storage_size = SIZEOF (.internal_storage)
                0x0000000000000001                ASSERT ((linker_storage_begin >= (__etext + SIZEOF (.data))), FLASH memory overflowed !)
OUTPUT(simulated_sensors_pressure_and_hall.axf elf32-littlearm)
LOAD linker stubs

.ARM.attributes
                0x0000000000000000       0x2e
 .ARM.attributes
                0x0000000000000000       0x1e /Applications/Simplicity Studio.app/Contents/Eclipse/developer/toolchains/gnu_arm/10.3_2021.10/bin/../lib/gcc/arm-none-eabi/10.3.1/thumb/v7e-m+fp/softfp/crti.o
 .ARM.attributes
                0x000000000000001e       0x32 /Applications/Simplicity Studio.app/Contents/Eclipse/developer/toolchains/gnu_arm/10.3_2021.10/bin/../lib/gcc/arm-none-eabi/10.3.1/thumb/v7e-m+fp/softfp/crtbegin.o
 .ARM.attributes
                0x0000000000000050       0x1c /Applications/Simplicity Studio.app/Contents/Eclipse/developer/toolchains/gnu_arm/10.3_2021.10/bin/../lib/gcc/arm-none-eabi/10.3.1/../../../../arm-none-eabi/lib/thumb/v7e-m+fp/softfp/crt0.o
 .ARM.attributes
                0x000000000000006c       0x32 ./app.o
 .ARM.attributes
                0x000000000000009e       0x32 ./main.o
 .ARM.attributes
                0x00000000000000d0       0x32 ./mod_sd_sim.o
 .ARM.attributes
                0x0000000000000102       0x32 ./autogen/sl_board_default_init.o
 .ARM.attributes
                0x0000000000000134       0x32 ./autogen/sl_device_init_clocks.o
 .ARM.attributes
                0x0000000000000166       0x32 ./autogen/sl_event_handler.o
 .ARM.attributes
                0x0000000000000198       0x32 ./gecko_sdk_4.1.4/hardware/board/src/sl_board_control_gpio.o
 .ARM.attributes
                0x00000000000001ca       0x32 ./gecko_sdk_4.1.4/hardware/board/src/sl_board_init.o
 .ARM.attributes
                0x00000000000001fc       0x32 ./gecko_sdk_4.1.4/platform/Device/SiliconLabs/EFM32GG11B/Source/startup_efm32gg11b.o
 .ARM.attributes
                0x000000000000022e       0x32 ./gecko_sdk_4.1.4/platform/Device/SiliconLabs/EFM32GG11B/Source/system_efm32gg11b.o
 .ARM.attributes
                0x0000000000000260       0x32 ./gecko_sdk_4.1.4/platform/common/src/sl_assert.o
 .ARM.attributes
                0x0000000000000292       0x32 ./gecko_sdk_4.1.4/platform/common/toolchain/src/sl_memory.o
 .ARM.attributes
                0x00000000000002c4       0x32 ./gecko_sdk_4.1.4/platform/emlib/src/em_cmu.o
 .ARM.attributes
                0x00000000000002f6       0x32 ./gecko_sdk_4.1.4/platform/emlib/src/em_core.o
 .ARM.attributes
                0x0000000000000328       0x32 ./gecko_sdk_4.1.4/platform/emlib/src/em_emu.o
 .ARM.attributes
                0x000000000000035a       0x32 ./gecko_sdk_4.1.4/platform/emlib/src/em_gpio.o
 .ARM.attributes
                0x000000000000038c       0x32 ./gecko_sdk_4.1.4/platform/emlib/src/em_rtcc.o
 .ARM.attributes
                0x00000000000003be       0x32 ./gecko_sdk_4.1.4/platform/service/device_init/src/sl_device_init_dcdc_s1.o
 .ARM.attributes
                0x00000000000003f0       0x32 ./gecko_sdk_4.1.4/platform/service/device_init/src/sl_device_init_emu_s1.o
 .ARM.attributes
                0x0000000000000422       0x32 ./gecko_sdk_4.1.4/platform/service/device_init/src/sl_device_init_hfxo_s1.o
 .ARM.attributes
                0x0000000000000454       0x32 ./gecko_sdk_4.1.4/platform/service/device_init/src/sl_device_init_lfxo_s1.o
 .ARM.attributes
                0x0000000000000486       0x32 ./gecko_sdk_4.1.4/platform/service/device_init/src/sl_device_init_nvic.o
 .ARM.attributes
                0x00000000000004b8       0x32 ./gecko_sdk_4.1.4/platform/service/sleeptimer/src/sl_sleeptimer.o
 .ARM.attributes
                0x00000000000004ea       0x32 ./gecko_sdk_4.1.4/platform/service/sleeptimer/src/sl_sleeptimer_hal_rtcc.o
 .ARM.attributes
                0x000000000000051c       0x32 ./gecko_sdk_4.1.4/platform/service/system/src/sl_system_init.o
 .ARM.attributes
                0x000000000000054e       0x32 ./gecko_sdk_4.1.4/platform/service/system/src/sl_system_process_action.o
 .ARM.attributes
                0x0000000000000580       0x1e /Applications/Simplicity Studio.app/Contents/Eclipse/developer/toolchains/gnu_arm/10.3_2021.10/bin/../lib/gcc/arm-none-eabi/10.3.1/thumb/v7e-m+fp/softfp/libgcc.a(_aeabi_uldivmod.o)
 .ARM.attributes
                0x000000000000059e       0x32 /Applications/Simplicity Studio.app/Contents/Eclipse/developer/toolchains/gnu_arm/10.3_2021.10/bin/../lib/gcc/arm-none-eabi/10.3.1/thumb/v7e-m+fp/softfp/libgcc.a(_udivmoddi4.o)
 .ARM.attributes
                0x00000000000005d0       0x1e /Applications/Simplicity Studio.app/Contents/Eclipse/developer/toolchains/gnu_arm/10.3_2021.10/bin/../lib/gcc/arm-none-eabi/10.3.1/thumb/v7e-m+fp/softfp/libgcc.a(_dvmd_tls.o)
 .ARM.attributes
                0x00000000000005ee       0x32 /Applications/Simplicity Studio.app/Contents/Eclipse/developer/toolchains/gnu_arm/10.3_2021.10/bin/../lib/gcc/arm-none-eabi/10.3.1/../../../../arm-none-eabi/lib/thumb/v7e-m+fp/softfp/libc_nano.a(lib_a-exit.o)
 .ARM.attributes
                0x0000000000000620       0x32 /Applications/Simplicity Studio.app/Contents/Eclipse/developer/toolchains/gnu_arm/10.3_2021.10/bin/../lib/gcc/arm-none-eabi/10.3.1/../../../../arm-none-eabi/lib/thumb/v7e-m+fp/softfp/libc_nano.a(lib_a-impure.o)
 .ARM.attributes
                0x0000000000000652       0x32 /Applications/Simplicity Studio.app/Contents/Eclipse/developer/toolchains/gnu_arm/10.3_2021.10/bin/../lib/gcc/arm-none-eabi/10.3.1/../../../../arm-none-eabi/lib/thumb/v7e-m+fp/softfp/libc_nano.a(lib_a-init.o)
 .ARM.attributes
                0x0000000000000684       0x32 /Applications/Simplicity Studio.app/Contents/Eclipse/developer/toolchains/gnu_arm/10.3_2021.10/bin/../lib/gcc/arm-none-eabi/10.3.1/../../../../arm-none-eabi/lib/thumb/v7e-m+fp/softfp/libc_nano.a(lib_a-memset.o)
 .ARM.attributes
                0x00000000000006b6       0x32 /Applications/Simplicity Studio.app/Contents/Eclipse/developer/toolchains/gnu_arm/10.3_2021.10/bin/../lib/gcc/arm-none-eabi/10.3.1/../../../../arm-none-eabi/lib/thumb/v7e-m+fp/softfp/libc_nano.a(lib_a-findfp.o)
 .ARM.attributes
                0x00000000000006e8       0x32 /Applications/Simplicity Studio.app/Contents/Eclipse/developer/toolchains/gnu_arm/10.3_2021.10/bin/../lib/gcc/arm-none-eabi/10.3.1/../../../../arm-none-eabi/lib/thumb/v7e-m+fp/softfp/libnosys.a(_exit.o)
 .ARM.attributes
                0x000000000000071a       0x1e /Applications/Simplicity Studio.app/Contents/Eclipse/developer/toolchains/gnu_arm/10.3_2021.10/bin/../lib/gcc/arm-none-eabi/10.3.1/thumb/v7e-m+fp/softfp/crtn.o

.comment        0x0000000000000000       0x49
 .comment       0x0000000000000000       0x49 ./app.o
                                         0x4a (size before relaxing)
 .comment       0x0000000000000049       0x4a ./main.o
 .comment       0x0000000000000049       0x4a ./mod_sd_sim.o
 .comment       0x0000000000000049       0x4a ./autogen/sl_board_default_init.o
 .comment       0x0000000000000049       0x4a ./autogen/sl_device_init_clocks.o
 .comment       0x0000000000000049       0x4a ./autogen/sl_event_handler.o
 .comment       0x0000000000000049       0x4a ./gecko_sdk_4.1.4/hardware/board/src/sl_board_control_gpio.o
 .comment       0x0000000000000049       0x4a ./gecko_sdk_4.1.4/hardware/board/src/sl_board_init.o
 .comment       0x0000000000000049       0x4a ./gecko_sdk_4.1.4/platform/Device/SiliconLabs/EFM32GG11B/Source/startup_efm32gg11b.o
 .comment       0x0000000000000049       0x4a ./gecko_sdk_4.1.4/platform/Device/SiliconLabs/EFM32GG11B/Source/system_efm32gg11b.o
 .comment       0x0000000000000049       0x4a ./gecko_sdk_4.1.4/platform/common/src/sl_assert.o
 .comment       0x0000000000000049       0x4a ./gecko_sdk_4.1.4/platform/common/toolchain/src/sl_memory.o
 .comment       0x0000000000000049       0x4a ./gecko_sdk_4.1.4/platform/emlib/src/em_cmu.o
 .comment       0x0000000000000049       0x4a ./gecko_sdk_4.1.4/platform/emlib/src/em_core.o
 .comment       0x0000000000000049       0x4a ./gecko_sdk_4.1.4/platform/emlib/src/em_emu.o
 .comment       0x0000000000000049       0x4a ./gecko_sdk_4.1.4/platform/emlib/src/em_gpio.o
 .comment       0x0000000000000049       0x4a ./gecko_sdk_4.1.4/platform/emlib/src/em_rtcc.o
 .comment       0x0000000000000049       0x4a ./gecko_sdk_4.1.4/platform/service/device_init/src/sl_device_init_dcdc_s1.o
 .comment       0x0000000000000049       0x4a ./gecko_sdk_4.1.4/platform/service/device_init/src/sl_device_init_emu_s1.o
 .comment       0x0000000000000049       0x4a ./gecko_sdk_4.1.4/platform/service/device_init/src/sl_device_init_hfxo_s1.o
 .comment       0x0000000000000049       0x4a ./gecko_sdk_4.1.4/platform/service/device_init/src/sl_device_init_lfxo_s1.o
 .comment       0x0000000000000049       0x4a ./gecko_sdk_4.1.4/platform/service/device_init/src/sl_device_init_nvic.o
 .comment       0x0000000000000049       0x4a ./gecko_sdk_4.1.4/platform/service/sleeptimer/src/sl_sleeptimer.o
 .comment       0x0000000000000049       0x4a ./gecko_sdk_4.1.4/platform/service/sleeptimer/src/sl_sleeptimer_hal_rtcc.o
 .comment       0x0000000000000049       0x4a ./gecko_sdk_4.1.4/platform/service/system/src/sl_system_init.o
 .comment       0x0000000000000049       0x4a ./gecko_sdk_4.1.4/platform/service/system/src/sl_system_process_action.o

.debug_info     0x0000000000000000    0x13dd7
 .debug_info    0x0000000000000000      0x55f ./app.o
 .debug_info    0x000000000000055f       0xe2 ./main.o
 .debug_info    0x0000000000000641       0xc0 ./mod_sd_sim.o
 .debug_info    0x0000000000000701       0x86 ./autogen/sl_board_default_init.o
 .debug_info    0x0000000000000787      0x4bc ./autogen/sl_device_init_clocks.o
 .debug_info    0x0000000000000c43      0x9d0 ./autogen/sl_event_handler.o
 .debug_info    0x0000000000001613      0x572 ./gecko_sdk_4.1.4/hardware/board/src/sl_board_control_gpio.o
 .debug_info    0x0000000000001b85      0x3de ./gecko_sdk_4.1.4/hardware/board/src/sl_board_init.o
 .debug_info    0x0000000000001f63      0x327 ./gecko_sdk_4.1.4/platform/Device/SiliconLabs/EFM32GG11B/Source/startup_efm32gg11b.o
 .debug_info    0x000000000000228a      0xa54 ./gecko_sdk_4.1.4/platform/Device/SiliconLabs/EFM32GG11B/Source/system_efm32gg11b.o
 .debug_info    0x0000000000002cde       0x86 ./gecko_sdk_4.1.4/platform/common/src/sl_assert.o
 .debug_info    0x0000000000002d64      0x205 ./gecko_sdk_4.1.4/platform/common/toolchain/src/sl_memory.o
 .debug_info    0x0000000000002f69     0x4ec7 ./gecko_sdk_4.1.4/platform/emlib/src/em_cmu.o
 .debug_info    0x0000000000007e30     0x1226 ./gecko_sdk_4.1.4/platform/emlib/src/em_core.o
 .debug_info    0x0000000000009056     0x437e ./gecko_sdk_4.1.4/platform/emlib/src/em_emu.o
 .debug_info    0x000000000000d3d4     0x104a ./gecko_sdk_4.1.4/platform/emlib/src/em_gpio.o
 .debug_info    0x000000000000e41e      0x75c ./gecko_sdk_4.1.4/platform/emlib/src/em_rtcc.o
 .debug_info    0x000000000000eb7a      0x26f ./gecko_sdk_4.1.4/platform/service/device_init/src/sl_device_init_dcdc_s1.o
 .debug_info    0x000000000000ede9      0x1df ./gecko_sdk_4.1.4/platform/service/device_init/src/sl_device_init_emu_s1.o
 .debug_info    0x000000000000efc8      0x9c5 ./gecko_sdk_4.1.4/platform/service/device_init/src/sl_device_init_hfxo_s1.o
 .debug_info    0x000000000000f98d      0x1b0 ./gecko_sdk_4.1.4/platform/service/device_init/src/sl_device_init_lfxo_s1.o
 .debug_info    0x000000000000fb3d      0x675 ./gecko_sdk_4.1.4/platform/service/device_init/src/sl_device_init_nvic.o
 .debug_info    0x00000000000101b2     0x2574 ./gecko_sdk_4.1.4/platform/service/sleeptimer/src/sl_sleeptimer.o
 .debug_info    0x0000000000012726     0x1554 ./gecko_sdk_4.1.4/platform/service/sleeptimer/src/sl_sleeptimer_hal_rtcc.o
 .debug_info    0x0000000000013c7a       0xba ./gecko_sdk_4.1.4/platform/service/system/src/sl_system_init.o
 .debug_info    0x0000000000013d34       0xa3 ./gecko_sdk_4.1.4/platform/service/system/src/sl_system_process_action.o

.debug_abbrev   0x0000000000000000     0x2fdf
 .debug_abbrev  0x0000000000000000      0x127 ./app.o
 .debug_abbrev  0x0000000000000127       0x69 ./main.o
 .debug_abbrev  0x0000000000000190       0xab ./mod_sd_sim.o
 .debug_abbrev  0x000000000000023b       0x46 ./autogen/sl_board_default_init.o
 .debug_abbrev  0x0000000000000281       0xd0 ./autogen/sl_device_init_clocks.o
 .debug_abbrev  0x0000000000000351      0x130 ./autogen/sl_event_handler.o
 .debug_abbrev  0x0000000000000481      0x18d ./gecko_sdk_4.1.4/hardware/board/src/sl_board_control_gpio.o
 .debug_abbrev  0x000000000000060e       0xf1 ./gecko_sdk_4.1.4/hardware/board/src/sl_board_init.o
 .debug_abbrev  0x00000000000006ff      0x1c9 ./gecko_sdk_4.1.4/platform/Device/SiliconLabs/EFM32GG11B/Source/startup_efm32gg11b.o
 .debug_abbrev  0x00000000000008c8      0x231 ./gecko_sdk_4.1.4/platform/Device/SiliconLabs/EFM32GG11B/Source/system_efm32gg11b.o
 .debug_abbrev  0x0000000000000af9       0x6c ./gecko_sdk_4.1.4/platform/common/src/sl_assert.o
 .debug_abbrev  0x0000000000000b65      0x11e ./gecko_sdk_4.1.4/platform/common/toolchain/src/sl_memory.o
 .debug_abbrev  0x0000000000000c83      0x589 ./gecko_sdk_4.1.4/platform/emlib/src/em_cmu.o
 .debug_abbrev  0x000000000000120c      0x318 ./gecko_sdk_4.1.4/platform/emlib/src/em_core.o
 .debug_abbrev  0x0000000000001524      0x58c ./gecko_sdk_4.1.4/platform/emlib/src/em_emu.o
 .debug_abbrev  0x0000000000001ab0      0x327 ./gecko_sdk_4.1.4/platform/emlib/src/em_gpio.o
 .debug_abbrev  0x0000000000001dd7      0x255 ./gecko_sdk_4.1.4/platform/emlib/src/em_rtcc.o
 .debug_abbrev  0x000000000000202c       0xf3 ./gecko_sdk_4.1.4/platform/service/device_init/src/sl_device_init_dcdc_s1.o
 .debug_abbrev  0x000000000000211f       0xf3 ./gecko_sdk_4.1.4/platform/service/device_init/src/sl_device_init_emu_s1.o
 .debug_abbrev  0x0000000000002212      0x168 ./gecko_sdk_4.1.4/platform/service/device_init/src/sl_device_init_hfxo_s1.o
 .debug_abbrev  0x000000000000237a       0xef ./gecko_sdk_4.1.4/platform/service/device_init/src/sl_device_init_lfxo_s1.o
 .debug_abbrev  0x0000000000002469      0x153 ./gecko_sdk_4.1.4/platform/service/device_init/src/sl_device_init_nvic.o
 .debug_abbrev  0x00000000000025bc      0x52c ./gecko_sdk_4.1.4/platform/service/sleeptimer/src/sl_sleeptimer.o
 .debug_abbrev  0x0000000000002ae8      0x439 ./gecko_sdk_4.1.4/platform/service/sleeptimer/src/sl_sleeptimer_hal_rtcc.o
 .debug_abbrev  0x0000000000002f21       0x5f ./gecko_sdk_4.1.4/platform/service/system/src/sl_system_init.o
 .debug_abbrev  0x0000000000002f80       0x5f ./gecko_sdk_4.1.4/platform/service/system/src/sl_system_process_action.o

.debug_loc      0x0000000000000000     0xb70a
 .debug_loc     0x0000000000000000       0x2c ./app.o
 .debug_loc     0x000000000000002c       0x20 ./main.o
 .debug_loc     0x000000000000004c       0x20 ./autogen/sl_device_init_clocks.o
 .debug_loc     0x000000000000006c       0x58 ./autogen/sl_event_handler.o
 .debug_loc     0x00000000000000c4      0x3d9 ./gecko_sdk_4.1.4/hardware/board/src/sl_board_control_gpio.o
 .debug_loc     0x000000000000049d       0x2c ./gecko_sdk_4.1.4/hardware/board/src/sl_board_init.o
 .debug_loc     0x00000000000004c9       0x8e ./gecko_sdk_4.1.4/platform/Device/SiliconLabs/EFM32GG11B/Source/startup_efm32gg11b.o
 .debug_loc     0x0000000000000557       0xe5 ./gecko_sdk_4.1.4/platform/Device/SiliconLabs/EFM32GG11B/Source/system_efm32gg11b.o
 .debug_loc     0x000000000000063c       0x2a ./gecko_sdk_4.1.4/platform/common/src/sl_assert.o
 .debug_loc     0x0000000000000666       0x9c ./gecko_sdk_4.1.4/platform/common/toolchain/src/sl_memory.o
 .debug_loc     0x0000000000000702     0x43e7 ./gecko_sdk_4.1.4/platform/emlib/src/em_cmu.o
 .debug_loc     0x0000000000004ae9      0x959 ./gecko_sdk_4.1.4/platform/emlib/src/em_core.o
 .debug_loc     0x0000000000005442     0x298f ./gecko_sdk_4.1.4/platform/emlib/src/em_emu.o
 .debug_loc     0x0000000000007dd1      0xa89 ./gecko_sdk_4.1.4/platform/emlib/src/em_gpio.o
 .debug_loc     0x000000000000885a      0x172 ./gecko_sdk_4.1.4/platform/emlib/src/em_rtcc.o
 .debug_loc     0x00000000000089cc       0x2c ./gecko_sdk_4.1.4/platform/service/device_init/src/sl_device_init_dcdc_s1.o
 .debug_loc     0x00000000000089f8       0x2c ./gecko_sdk_4.1.4/platform/service/device_init/src/sl_device_init_emu_s1.o
 .debug_loc     0x0000000000008a24       0x6b ./gecko_sdk_4.1.4/platform/service/device_init/src/sl_device_init_hfxo_s1.o
 .debug_loc     0x0000000000008a8f       0x2c ./gecko_sdk_4.1.4/platform/service/device_init/src/sl_device_init_lfxo_s1.o
 .debug_loc     0x0000000000008abb       0x6f ./gecko_sdk_4.1.4/platform/service/device_init/src/sl_device_init_nvic.o
 .debug_loc     0x0000000000008b2a     0x2690 ./gecko_sdk_4.1.4/platform/service/sleeptimer/src/sl_sleeptimer.o
 .debug_loc     0x000000000000b1ba      0x4f8 ./gecko_sdk_4.1.4/platform/service/sleeptimer/src/sl_sleeptimer_hal_rtcc.o
 .debug_loc     0x000000000000b6b2       0x2c ./gecko_sdk_4.1.4/platform/service/system/src/sl_system_init.o
 .debug_loc     0x000000000000b6de       0x2c ./gecko_sdk_4.1.4/platform/service/system/src/sl_system_process_action.o

.debug_aranges  0x0000000000000000      0x9e0
 .debug_aranges
                0x0000000000000000       0x28 ./app.o
 .debug_aranges
                0x0000000000000028       0x20 ./main.o
 .debug_aranges
                0x0000000000000048       0x28 ./mod_sd_sim.o
 .debug_aranges
                0x0000000000000070       0x20 ./autogen/sl_board_default_init.o
 .debug_aranges
                0x0000000000000090       0x20 ./autogen/sl_device_init_clocks.o
 .debug_aranges
                0x00000000000000b0       0x30 ./autogen/sl_event_handler.o
 .debug_aranges
                0x00000000000000e0       0x70 ./gecko_sdk_4.1.4/hardware/board/src/sl_board_control_gpio.o
 .debug_aranges
                0x0000000000000150       0x28 ./gecko_sdk_4.1.4/hardware/board/src/sl_board_init.o
 .debug_aranges
                0x0000000000000178       0x28 ./gecko_sdk_4.1.4/platform/Device/SiliconLabs/EFM32GG11B/Source/startup_efm32gg11b.o
 .debug_aranges
                0x00000000000001a0       0x68 ./gecko_sdk_4.1.4/platform/Device/SiliconLabs/EFM32GG11B/Source/system_efm32gg11b.o
 .debug_aranges
                0x0000000000000208       0x20 ./gecko_sdk_4.1.4/platform/common/src/sl_assert.o
 .debug_aranges
                0x0000000000000228       0x30 ./gecko_sdk_4.1.4/platform/common/toolchain/src/sl_memory.o
 .debug_aranges
                0x0000000000000258      0x190 ./gecko_sdk_4.1.4/platform/emlib/src/em_cmu.o
 .debug_aranges
                0x00000000000003e8       0xe8 ./gecko_sdk_4.1.4/platform/emlib/src/em_core.o
 .debug_aranges
                0x00000000000004d0      0x1a0 ./gecko_sdk_4.1.4/platform/emlib/src/em_emu.o
 .debug_aranges
                0x0000000000000670       0x70 ./gecko_sdk_4.1.4/platform/emlib/src/em_gpio.o
 .debug_aranges
                0x00000000000006e0       0x40 ./gecko_sdk_4.1.4/platform/emlib/src/em_rtcc.o
 .debug_aranges
                0x0000000000000720       0x20 ./gecko_sdk_4.1.4/platform/service/device_init/src/sl_device_init_dcdc_s1.o
 .debug_aranges
                0x0000000000000740       0x20 ./gecko_sdk_4.1.4/platform/service/device_init/src/sl_device_init_emu_s1.o
 .debug_aranges
                0x0000000000000760       0x20 ./gecko_sdk_4.1.4/platform/service/device_init/src/sl_device_init_hfxo_s1.o
 .debug_aranges
                0x0000000000000780       0x20 ./gecko_sdk_4.1.4/platform/service/device_init/src/sl_device_init_lfxo_s1.o
 .debug_aranges
                0x00000000000007a0       0x20 ./gecko_sdk_4.1.4/platform/service/device_init/src/sl_device_init_nvic.o
 .debug_aranges
                0x00000000000007c0      0x170 ./gecko_sdk_4.1.4/platform/service/sleeptimer/src/sl_sleeptimer.o
 .debug_aranges
                0x0000000000000930       0x70 ./gecko_sdk_4.1.4/platform/service/sleeptimer/src/sl_sleeptimer_hal_rtcc.o
 .debug_aranges
                0x00000000000009a0       0x20 ./gecko_sdk_4.1.4/platform/service/system/src/sl_system_init.o
 .debug_aranges
                0x00000000000009c0       0x20 ./gecko_sdk_4.1.4/platform/service/system/src/sl_system_process_action.o

.debug_ranges   0x0000000000000000     0x1298
 .debug_ranges  0x0000000000000000       0x18 ./app.o
 .debug_ranges  0x0000000000000018       0x10 ./main.o
 .debug_ranges  0x0000000000000028       0x18 ./mod_sd_sim.o
 .debug_ranges  0x0000000000000040       0x10 ./autogen/sl_board_default_init.o
 .debug_ranges  0x0000000000000050       0x10 ./autogen/sl_device_init_clocks.o
 .debug_ranges  0x0000000000000060       0x20 ./autogen/sl_event_handler.o
 .debug_ranges  0x0000000000000080       0x60 ./gecko_sdk_4.1.4/hardware/board/src/sl_board_control_gpio.o
 .debug_ranges  0x00000000000000e0       0x18 ./gecko_sdk_4.1.4/hardware/board/src/sl_board_init.o
 .debug_ranges  0x00000000000000f8       0x80 ./gecko_sdk_4.1.4/platform/Device/SiliconLabs/EFM32GG11B/Source/startup_efm32gg11b.o
 .debug_ranges  0x0000000000000178       0x58 ./gecko_sdk_4.1.4/platform/Device/SiliconLabs/EFM32GG11B/Source/system_efm32gg11b.o
 .debug_ranges  0x00000000000001d0       0x10 ./gecko_sdk_4.1.4/platform/common/src/sl_assert.o
 .debug_ranges  0x00000000000001e0       0x20 ./gecko_sdk_4.1.4/platform/common/toolchain/src/sl_memory.o
 .debug_ranges  0x0000000000000200      0x4a0 ./gecko_sdk_4.1.4/platform/emlib/src/em_cmu.o
 .debug_ranges  0x00000000000006a0      0x198 ./gecko_sdk_4.1.4/platform/emlib/src/em_core.o
 .debug_ranges  0x0000000000000838      0x418 ./gecko_sdk_4.1.4/platform/emlib/src/em_emu.o
 .debug_ranges  0x0000000000000c50       0xd0 ./gecko_sdk_4.1.4/platform/emlib/src/em_gpio.o
 .debug_ranges  0x0000000000000d20       0x48 ./gecko_sdk_4.1.4/platform/emlib/src/em_rtcc.o
 .debug_ranges  0x0000000000000d68       0x10 ./gecko_sdk_4.1.4/platform/service/device_init/src/sl_device_init_dcdc_s1.o
 .debug_ranges  0x0000000000000d78       0x10 ./gecko_sdk_4.1.4/platform/service/device_init/src/sl_device_init_emu_s1.o
 .debug_ranges  0x0000000000000d88       0x10 ./gecko_sdk_4.1.4/platform/service/device_init/src/sl_device_init_hfxo_s1.o
 .debug_ranges  0x0000000000000d98       0x10 ./gecko_sdk_4.1.4/platform/service/device_init/src/sl_device_init_lfxo_s1.o
 .debug_ranges  0x0000000000000da8       0x50 ./gecko_sdk_4.1.4/platform/service/device_init/src/sl_device_init_nvic.o
 .debug_ranges  0x0000000000000df8      0x330 ./gecko_sdk_4.1.4/platform/service/sleeptimer/src/sl_sleeptimer.o
 .debug_ranges  0x0000000000001128      0x150 ./gecko_sdk_4.1.4/platform/service/sleeptimer/src/sl_sleeptimer_hal_rtcc.o
 .debug_ranges  0x0000000000001278       0x10 ./gecko_sdk_4.1.4/platform/service/system/src/sl_system_init.o
 .debug_ranges  0x0000000000001288       0x10 ./gecko_sdk_4.1.4/platform/service/system/src/sl_system_process_action.o

.debug_line     0x0000000000000000     0xad3b
 .debug_line    0x0000000000000000       0xcb ./app.o
 .debug_line    0x00000000000000cb       0xf5 ./main.o
 .debug_line    0x00000000000001c0       0x6b ./mod_sd_sim.o
 .debug_line    0x000000000000022b       0x55 ./autogen/sl_board_default_init.o
 .debug_line    0x0000000000000280      0x220 ./autogen/sl_device_init_clocks.o
 .debug_line    0x00000000000004a0      0x494 ./autogen/sl_event_handler.o
 .debug_line    0x0000000000000934      0x4e4 ./gecko_sdk_4.1.4/hardware/board/src/sl_board_control_gpio.o
 .debug_line    0x0000000000000e18       0xfc ./gecko_sdk_4.1.4/hardware/board/src/sl_board_init.o
 .debug_line    0x0000000000000f14      0x335 ./gecko_sdk_4.1.4/platform/Device/SiliconLabs/EFM32GG11B/Source/startup_efm32gg11b.o
 .debug_line    0x0000000000001249      0x457 ./gecko_sdk_4.1.4/platform/Device/SiliconLabs/EFM32GG11B/Source/system_efm32gg11b.o
 .debug_line    0x00000000000016a0       0xa4 ./gecko_sdk_4.1.4/platform/common/src/sl_assert.o
 .debug_line    0x0000000000001744      0x311 ./gecko_sdk_4.1.4/platform/common/toolchain/src/sl_memory.o
 .debug_line    0x0000000000001a55     0x2bc7 ./gecko_sdk_4.1.4/platform/emlib/src/em_cmu.o
 .debug_line    0x000000000000461c      0xa9b ./gecko_sdk_4.1.4/platform/emlib/src/em_core.o
 .debug_line    0x00000000000050b7     0x1ea0 ./gecko_sdk_4.1.4/platform/emlib/src/em_emu.o
 .debug_line    0x0000000000006f57      0x7a6 ./gecko_sdk_4.1.4/platform/emlib/src/em_gpio.o
 .debug_line    0x00000000000076fd      0x536 ./gecko_sdk_4.1.4/platform/emlib/src/em_rtcc.o
 .debug_line    0x0000000000007c33      0x26c ./gecko_sdk_4.1.4/platform/service/device_init/src/sl_device_init_dcdc_s1.o
 .debug_line    0x0000000000007e9f      0x287 ./gecko_sdk_4.1.4/platform/service/device_init/src/sl_device_init_emu_s1.o
 .debug_line    0x0000000000008126      0x341 ./gecko_sdk_4.1.4/platform/service/device_init/src/sl_device_init_hfxo_s1.o
 .debug_line    0x0000000000008467      0x27d ./gecko_sdk_4.1.4/platform/service/device_init/src/sl_device_init_lfxo_s1.o
 .debug_line    0x00000000000086e4      0x35d ./gecko_sdk_4.1.4/platform/service/device_init/src/sl_device_init_nvic.o
 .debug_line    0x0000000000008a41     0x1868 ./gecko_sdk_4.1.4/platform/service/sleeptimer/src/sl_sleeptimer.o
 .debug_line    0x000000000000a2a9      0x867 ./gecko_sdk_4.1.4/platform/service/sleeptimer/src/sl_sleeptimer_hal_rtcc.o
 .debug_line    0x000000000000ab10      0x111 ./gecko_sdk_4.1.4/platform/service/system/src/sl_system_init.o
 .debug_line    0x000000000000ac21      0x11a ./gecko_sdk_4.1.4/platform/service/system/src/sl_system_process_action.o

.debug_str      0x0000000000000000     0x6062
 .debug_str     0x0000000000000000      0x8fc ./app.o
                                        0x939 (size before relaxing)
 .debug_str     0x00000000000008fc       0x4e ./main.o
                                        0x1d9 (size before relaxing)
 .debug_str     0x000000000000094a       0x2b ./mod_sd_sim.o
                                        0x1c0 (size before relaxing)
 .debug_str     0x0000000000000975       0x39 ./autogen/sl_board_default_init.o
                                        0x20c (size before relaxing)
 .debug_str     0x00000000000009ae      0x17d ./autogen/sl_device_init_clocks.o
                                        0x83a (size before relaxing)
 .debug_str     0x0000000000000b2b      0x563 ./autogen/sl_event_handler.o
                                        0x783 (size before relaxing)
 .debug_str     0x000000000000108e      0x2c2 ./gecko_sdk_4.1.4/hardware/board/src/sl_board_control_gpio.o
                                        0x6f6 (size before relaxing)
 .debug_str     0x0000000000001350       0x55 ./gecko_sdk_4.1.4/hardware/board/src/sl_board_init.o
                                        0x73e (size before relaxing)
 .debug_str     0x00000000000013a5      0x16a ./gecko_sdk_4.1.4/platform/Device/SiliconLabs/EFM32GG11B/Source/startup_efm32gg11b.o
                                        0x358 (size before relaxing)
 .debug_str     0x000000000000150f      0x1c7 ./gecko_sdk_4.1.4/platform/Device/SiliconLabs/EFM32GG11B/Source/system_efm32gg11b.o
                                        0x729 (size before relaxing)
 .debug_str     0x00000000000016d6       0x5c ./gecko_sdk_4.1.4/platform/common/src/sl_assert.o
                                        0x1ba (size before relaxing)
 .debug_str     0x0000000000001732       0xfd ./gecko_sdk_4.1.4/platform/common/toolchain/src/sl_memory.o
                                        0x2f4 (size before relaxing)
 .debug_str     0x000000000000182f     0x13a4 ./gecko_sdk_4.1.4/platform/emlib/src/em_cmu.o
                                       0x20f0 (size before relaxing)
 .debug_str     0x0000000000002bd3      0x74f ./gecko_sdk_4.1.4/platform/emlib/src/em_core.o
                                        0xa3d (size before relaxing)
 .debug_str     0x0000000000003322     0x1455 ./gecko_sdk_4.1.4/platform/emlib/src/em_emu.o
                                       0x2831 (size before relaxing)
 .debug_str     0x0000000000004777      0x25e ./gecko_sdk_4.1.4/platform/emlib/src/em_gpio.o
                                        0x8ee (size before relaxing)
 .debug_str     0x00000000000049d5      0x54f ./gecko_sdk_4.1.4/platform/emlib/src/em_rtcc.o
                                        0x7b5 (size before relaxing)
 .debug_str     0x0000000000004f24       0x6c ./gecko_sdk_4.1.4/platform/service/device_init/src/sl_device_init_dcdc_s1.o
                                        0x4a8 (size before relaxing)
 .debug_str     0x0000000000004f90       0x74 ./gecko_sdk_4.1.4/platform/service/device_init/src/sl_device_init_emu_s1.o
                                        0x3c9 (size before relaxing)
 .debug_str     0x0000000000005004       0x6c ./gecko_sdk_4.1.4/platform/service/device_init/src/sl_device_init_hfxo_s1.o
                                        0x873 (size before relaxing)
 .debug_str     0x0000000000005070       0x6c ./gecko_sdk_4.1.4/platform/service/device_init/src/sl_device_init_lfxo_s1.o
                                        0x34c (size before relaxing)
 .debug_str     0x00000000000050dc       0x85 ./gecko_sdk_4.1.4/platform/service/device_init/src/sl_device_init_nvic.o
                                        0x738 (size before relaxing)
 .debug_str     0x0000000000005161      0xc6a ./gecko_sdk_4.1.4/platform/service/sleeptimer/src/sl_sleeptimer.o
                                       0x104c (size before relaxing)
 .debug_str     0x0000000000005dcb      0x1cf ./gecko_sdk_4.1.4/platform/service/sleeptimer/src/sl_sleeptimer_hal_rtcc.o
                                       0x13b9 (size before relaxing)
 .debug_str     0x0000000000005f9a       0x5f ./gecko_sdk_4.1.4/platform/service/system/src/sl_system_init.o
                                        0x210 (size before relaxing)
 .debug_str     0x0000000000005ff9       0x69 ./gecko_sdk_4.1.4/platform/service/system/src/sl_system_process_action.o
                                        0x23d (size before relaxing)

.debug_frame    0x0000000000000000     0x1bf0
 .debug_frame   0x0000000000000000       0x4c ./app.o
 .debug_frame   0x000000000000004c       0x28 ./main.o
 .debug_frame   0x0000000000000074       0x30 ./mod_sd_sim.o
 .debug_frame   0x00000000000000a4       0x20 ./autogen/sl_board_default_init.o
 .debug_frame   0x00000000000000c4       0x28 ./autogen/sl_device_init_clocks.o
 .debug_frame   0x00000000000000ec       0xb8 ./autogen/sl_event_handler.o
 .debug_frame   0x00000000000001a4      0x110 ./gecko_sdk_4.1.4/hardware/board/src/sl_board_control_gpio.o
 .debug_frame   0x00000000000002b4       0x3c ./gecko_sdk_4.1.4/hardware/board/src/sl_board_init.o
 .debug_frame   0x00000000000002f0       0x38 ./gecko_sdk_4.1.4/platform/Device/SiliconLabs/EFM32GG11B/Source/startup_efm32gg11b.o
 .debug_frame   0x0000000000000328       0xb8 ./gecko_sdk_4.1.4/platform/Device/SiliconLabs/EFM32GG11B/Source/system_efm32gg11b.o
 .debug_frame   0x00000000000003e0       0x20 ./gecko_sdk_4.1.4/platform/common/src/sl_assert.o
 .debug_frame   0x0000000000000400       0x40 ./gecko_sdk_4.1.4/platform/common/toolchain/src/sl_memory.o
 .debug_frame   0x0000000000000440      0x550 ./gecko_sdk_4.1.4/platform/emlib/src/em_cmu.o
 .debug_frame   0x0000000000000990      0x254 ./gecko_sdk_4.1.4/platform/emlib/src/em_core.o
 .debug_frame   0x0000000000000be4      0x4f8 ./gecko_sdk_4.1.4/platform/emlib/src/em_emu.o
 .debug_frame   0x00000000000010dc      0x190 ./gecko_sdk_4.1.4/platform/emlib/src/em_gpio.o
 .debug_frame   0x000000000000126c       0x80 ./gecko_sdk_4.1.4/platform/emlib/src/em_rtcc.o
 .debug_frame   0x00000000000012ec       0x30 ./gecko_sdk_4.1.4/platform/service/device_init/src/sl_device_init_dcdc_s1.o
 .debug_frame   0x000000000000131c       0x2c ./gecko_sdk_4.1.4/platform/service/device_init/src/sl_device_init_emu_s1.o
 .debug_frame   0x0000000000001348       0x2c ./gecko_sdk_4.1.4/platform/service/device_init/src/sl_device_init_hfxo_s1.o
 .debug_frame   0x0000000000001374       0x28 ./gecko_sdk_4.1.4/platform/service/device_init/src/sl_device_init_lfxo_s1.o
 .debug_frame   0x000000000000139c       0x28 ./gecko_sdk_4.1.4/platform/service/device_init/src/sl_device_init_nvic.o
 .debug_frame   0x00000000000013c4      0x4a8 ./gecko_sdk_4.1.4/platform/service/sleeptimer/src/sl_sleeptimer.o
 .debug_frame   0x000000000000186c       0xec ./gecko_sdk_4.1.4/platform/service/sleeptimer/src/sl_sleeptimer_hal_rtcc.o
 .debug_frame   0x0000000000001958       0x2c ./gecko_sdk_4.1.4/platform/service/system/src/sl_system_init.o
 .debug_frame   0x0000000000001984       0x2c ./gecko_sdk_4.1.4/platform/service/system/src/sl_system_process_action.o
 .debug_frame   0x00000000000019b0       0x2c /Applications/Simplicity Studio.app/Contents/Eclipse/developer/toolchains/gnu_arm/10.3_2021.10/bin/../lib/gcc/arm-none-eabi/10.3.1/thumb/v7e-m+fp/softfp/libgcc.a(_aeabi_uldivmod.o)
 .debug_frame   0x00000000000019dc       0x34 /Applications/Simplicity Studio.app/Contents/Eclipse/developer/toolchains/gnu_arm/10.3_2021.10/bin/../lib/gcc/arm-none-eabi/10.3.1/thumb/v7e-m+fp/softfp/libgcc.a(_udivmoddi4.o)
 .debug_frame   0x0000000000001a10       0x28 /Applications/Simplicity Studio.app/Contents/Eclipse/developer/toolchains/gnu_arm/10.3_2021.10/bin/../lib/gcc/arm-none-eabi/10.3.1/../../../../arm-none-eabi/lib/thumb/v7e-m+fp/softfp/libc_nano.a(lib_a-exit.o)
 .debug_frame   0x0000000000001a38       0x2c /Applications/Simplicity Studio.app/Contents/Eclipse/developer/toolchains/gnu_arm/10.3_2021.10/bin/../lib/gcc/arm-none-eabi/10.3.1/../../../../arm-none-eabi/lib/thumb/v7e-m+fp/softfp/libc_nano.a(lib_a-init.o)
 .debug_frame   0x0000000000001a64       0x20 /Applications/Simplicity Studio.app/Contents/Eclipse/developer/toolchains/gnu_arm/10.3_2021.10/bin/../lib/gcc/arm-none-eabi/10.3.1/../../../../arm-none-eabi/lib/thumb/v7e-m+fp/softfp/libc_nano.a(lib_a-memset.o)
 .debug_frame   0x0000000000001a84      0x14c /Applications/Simplicity Studio.app/Contents/Eclipse/developer/toolchains/gnu_arm/10.3_2021.10/bin/../lib/gcc/arm-none-eabi/10.3.1/../../../../arm-none-eabi/lib/thumb/v7e-m+fp/softfp/libc_nano.a(lib_a-findfp.o)
 .debug_frame   0x0000000000001bd0       0x20 /Applications/Simplicity Studio.app/Contents/Eclipse/developer/toolchains/gnu_arm/10.3_2021.10/bin/../lib/gcc/arm-none-eabi/10.3.1/../../../../arm-none-eabi/lib/thumb/v7e-m+fp/softfp/libnosys.a(_exit.o)

.stabstr        0x0000000000000000       0xdf
 .stabstr       0x0000000000000000       0xdf /Applications/Simplicity Studio.app/Contents/Eclipse/developer/toolchains/gnu_arm/10.3_2021.10/bin/../lib/gcc/arm-none-eabi/10.3.1/../../../../arm-none-eabi/lib/thumb/v7e-m+fp/softfp/libnosys.a(close.o)
